Archive member included to satisfy reference by file (symbol)

.pio/build/cubecell_gps/libac4/libOnBoardGPS_Air530.a(GPS_Air530.cpp.o)
                              .pio/build/cubecell_gps/src/gpsTestSketch.ino.cpp.o (Air530Class::begin())
.pio/build/cubecell_gps/libac4/libOnBoardGPS_Air530.a(CubeCell_TinyGPS++.cpp.o)
                              .pio/build/cubecell_gps/libac4/libOnBoardGPS_Air530.a(GPS_Air530.cpp.o) (TinyGPSPlus::TinyGPSPlus())
.pio/build/cubecell_gps/libFrameworkArduino.a(HardwareSerial.cpp.o)
                              .pio/build/cubecell_gps/libac4/libOnBoardGPS_Air530.a(GPS_Air530.cpp.o) (HardwareSerial::available())
.pio/build/cubecell_gps/libFrameworkArduino.a(Print.cpp.o)
                              .pio/build/cubecell_gps/libac4/libOnBoardGPS_Air530.a(GPS_Air530.cpp.o) (Print::print(String const&))
.pio/build/cubecell_gps/libFrameworkArduino.a(Stream.cpp.o)
                              .pio/build/cubecell_gps/libFrameworkArduino.a(HardwareSerial.cpp.o) (Stream::readBytes(char*, unsigned int))
.pio/build/cubecell_gps/libFrameworkArduino.a(WString.cpp.o)
                              .pio/build/cubecell_gps/libac4/libOnBoardGPS_Air530.a(GPS_Air530.cpp.o) (String::~String())
.pio/build/cubecell_gps/libFrameworkArduino.a(stdlib_noniso.c.o)
                              .pio/build/cubecell_gps/libFrameworkArduino.a(WString.cpp.o) (ltoa)
.pio/build/cubecell_gps/libFrameworkArduino.a(main.cpp.o)
                              /home/thor/.platformio/packages/toolchain-gccarmnoneeabi@1.90201.191206/bin/../lib/gcc/arm-none-eabi/9.2.1/../../../../arm-none-eabi/lib/thumb/v6-m/nofp/crt0.o (main)
.pio/build/cubecell_gps/libFrameworkArduino.a(printf.c.o)
                              .pio/build/cubecell_gps/libac4/libOnBoardGPS_Air530.a(GPS_Air530.cpp.o) (__wrap_sprintf)
.pio/build/cubecell_gps/libFrameworkArduino.a(Cm0plusStart.c.o)
                              (Reset)
.pio/build/cubecell_gps/libFrameworkArduino.a(CyLFClk.c.o)
                              .pio/build/cubecell_gps/libFrameworkArduino.a(Cm0plusStart.c.o) (CySysWdtDisable)
.pio/build/cubecell_gps/libFrameworkArduino.a(CyLib.c.o)
                              .pio/build/cubecell_gps/libFrameworkArduino.a(Cm0plusStart.c.o) (CyHalt)
.pio/build/cubecell_gps/libFrameworkArduino.a(UART_1_SPI_UART.c.o)
                              .pio/build/cubecell_gps/libFrameworkArduino.a(HardwareSerial.cpp.o) (UART_1_SpiUartGetRxBufferSize)
.pio/build/cubecell_gps/libFrameworkArduino.a(UART_1_UART.c.o)
                              .pio/build/cubecell_gps/libFrameworkArduino.a(HardwareSerial.cpp.o) (UART_1_UartGetByte)
.pio/build/cubecell_gps/libFrameworkArduino.a(UART_1_rx_wake.c.o)
                              .pio/build/cubecell_gps/libFrameworkArduino.a(UART_1_UART.c.o) (UART_1_rx_wake_ClearInterrupt)
.pio/build/cubecell_gps/libFrameworkArduino.a(UART_2_SPI_UART.c.o)
                              .pio/build/cubecell_gps/libFrameworkArduino.a(HardwareSerial.cpp.o) (UART_2_SpiUartGetRxBufferSize)
.pio/build/cubecell_gps/libFrameworkArduino.a(UART_2_UART.c.o)
                              .pio/build/cubecell_gps/libFrameworkArduino.a(HardwareSerial.cpp.o) (UART_2_UartGetByte)
.pio/build/cubecell_gps/libFrameworkArduino.a(cybootloader.c.o)
                              (cy_meta_chipprotect)
.pio/build/cubecell_gps/libFrameworkArduino.a(cymetadata.c.o)
                              (cy_meta_loadable)
.pio/build/cubecell_gps/libFrameworkArduino.a(asr_board.c.o)
                              .pio/build/cubecell_gps/libFrameworkArduino.a(main.cpp.o) (boardInitMcu)
.pio/build/cubecell_gps/libFrameworkArduino.a(gpio.c.o)
                              .pio/build/cubecell_gps/libFrameworkArduino.a(asr_board.c.o) (GpioInit)
.pio/build/cubecell_gps/libFrameworkArduino.a(spi-board.c.o)
                              .pio/build/cubecell_gps/libFrameworkArduino.a(asr_board.c.o) (SpiInit)
.pio/build/cubecell_gps/libFrameworkArduino.a(radio.c.o)
                              .pio/build/cubecell_gps/libFrameworkArduino.a(asr_board.c.o) (SX126x)
.pio/build/cubecell_gps/libFrameworkArduino.a(sx126x.c.o)
                              .pio/build/cubecell_gps/libFrameworkArduino.a(radio.c.o) (SX126xGetOperatingMode)
.pio/build/cubecell_gps/libFrameworkArduino.a(delay.c.o)
                              .pio/build/cubecell_gps/libFrameworkArduino.a(asr_board.c.o) (DelayMs)
.pio/build/cubecell_gps/libFrameworkArduino.a(utilities.c.o)
                              .pio/build/cubecell_gps/libFrameworkArduino.a(radio.c.o) (rand1)
.pio/build/cubecell_gps/libFrameworkArduino.a(Bootloadable_1.c.o)
                              .pio/build/cubecell_gps/libFrameworkArduino.a(asr_board.c.o) (Bootloadable_1_Load)
.pio/build/cubecell_gps/libFrameworkArduino.a(CyBootAsmGnu.S.o)
                              .pio/build/cubecell_gps/libFrameworkArduino.a(CyLib.c.o) (CyDelayCycles)
.pio/build/cubecell_gps/libFrameworkArduino.a(CyFlash.c.o)
[...]
Memory Configuration

Name             Origin             Length             Attributes
rom              0x0000000000000000 0x0000000000020000 xr
ram              0x0000000020000000 0x0000000000004000 xrw
*default*        0x0000000000000000 0xffffffffffffffff

Linker script and memory map

LOAD /home/thor/.platformio/packages/toolchain-gccarmnoneeabi@1.90201.191206/bin/../lib/gcc/arm-none-eabi/9.2.1/thumb/v6-m/nofp/crti.o
LOAD /home/thor/.platformio/packages/toolchain-gccarmnoneeabi@1.90201.191206/bin/../lib/gcc/arm-none-eabi/9.2.1/thumb/v6-m/nofp/crtbegin.o
LOAD /home/thor/.platformio/packages/toolchain-gccarmnoneeabi@1.90201.191206/bin/../lib/gcc/arm-none-eabi/9.2.1/../../../../arm-none-eabi/lib/thumb/v6-m/nofp/crt0.o
LOAD .pio/build/cubecell_gps/src/gpsTestSketch.ino.cpp.o
START GROUP
LOAD /home/thor/.platformio/packages/framework-arduinoasrmicro650x/cores/asr650x/projects/CubeCellLib.a
LOAD .pio/build/cubecell_gps/libac4/libOnBoardGPS_Air530.a
LOAD .pio/build/cubecell_gps/libFrameworkArduinoVariant.a
LOAD .pio/build/cubecell_gps/libFrameworkArduino.a
LOAD /home/thor/.platformio/packages/toolchain-gccarmnoneeabi@1.90201.191206/bin/../lib/gcc/arm-none-eabi/9.2.1/../../../../arm-none-eabi/lib/thumb/v6-m/nofp/libstdc++_nano.a
END GROUP
LOAD /home/thor/.platformio/packages/toolchain-gccarmnoneeabi@1.90201.191206/bin/../lib/gcc/arm-none-eabi/9.2.1/../../../../arm-none-eabi/lib/thumb/v6-m/nofp/libstdc++_nano.a
LOAD /home/thor/.platformio/packages/toolchain-gccarmnoneeabi@1.90201.191206/bin/../lib/gcc/arm-none-eabi/9.2.1/../../../../arm-none-eabi/lib/thumb/v6-m/nofp/libm.a
START GROUP
LOAD /home/thor/.platformio/packages/toolchain-gccarmnoneeabi@1.90201.191206/bin/../lib/gcc/arm-none-eabi/9.2.1/thumb/v6-m/nofp/libgcc.a
LOAD /home/thor/.platformio/packages/toolchain-gccarmnoneeabi@1.90201.191206/bin/../lib/gcc/arm-none-eabi/9.2.1/../../../../arm-none-eabi/lib/thumb/v6-m/nofp/libc_nano.a
END GROUP
START GROUP
LOAD /home/thor/.platformio/packages/toolchain-gccarmnoneeabi@1.90201.191206/bin/../lib/gcc/arm-none-eabi/9.2.1/thumb/v6-m/nofp/libgcc.a
LOAD /home/thor/.platformio/packages/toolchain-gccarmnoneeabi@1.90201.191206/bin/../lib/gcc/arm-none-eabi/9.2.1/../../../../arm-none-eabi/lib/thumb/v6-m/nofp/libc_nano.a
END GROUP
LOAD /home/thor/.platformio/packages/toolchain-gccarmnoneeabi@1.90201.191206/bin/../lib/gcc/arm-none-eabi/9.2.1/thumb/v6-m/nofp/crtend.o
LOAD /home/thor/.platformio/packages/toolchain-gccarmnoneeabi@1.90201.191206/bin/../lib/gcc/arm-none-eabi/9.2.1/thumb/v6-m/nofp/crtn.o
START GROUP
LOAD /home/thor/.platformio/packages/toolchain-gccarmnoneeabi@1.90201.191206/bin/../lib/gcc/arm-none-eabi/9.2.1/thumb/v6-m/nofp/libgcc.a
LOAD /home/thor/.platformio/packages/toolchain-gccarmnoneeabi@1.90201.191206/bin/../lib/gcc/arm-none-eabi/9.2.1/../../../../arm-none-eabi/lib/thumb/v6-m/nofp/libc.a
LOAD /home/thor/.platformio/packages/toolchain-gccarmnoneeabi@1.90201.191206/bin/../lib/gcc/arm-none-eabi/9.2.1/../../../../arm-none-eabi/lib/thumb/v6-m/nofp/libnosys.a
END GROUP
                0x0000000000000000                CY_APPL_ORIGIN = 0x0
                0x0000000000000100                CY_FLASH_ROW_SIZE = 0x100
                0x0000000000000001                CY_APPL_NUM = 0x1
                0x0000000000000001                CY_APPL_MAX = 0x1
                0x0000000000000040                CY_METADATA_SIZE = 0x40
                0x0000000000000001                CY_APPL_LOADABLE = 0x1
                0x0000000000000000                CY_CHECKSUM_EXCLUDE_SIZE = ALIGN (0x0, CY_FLASH_ROW_SIZE)
                0x0000000000000000                CY_APP_FOR_STACK_AND_COPIER = 0x0
                [!provide]                        PROVIDE (__cy_heap_start = _end)
                0x0000000000000001                PROVIDE (__cy_region_num = ((__cy_regions_end - __cy_regions) / 0x10))
                0x0000000020004000                PROVIDE (__cy_stack = (ORIGIN (ram) + LENGTH (ram)))
                [!provide]                        PROVIDE (__cy_heap_end = (__cy_stack - 0x800))

.cybootloader   0x0000000000000000     0x2200
 *(.cybootloader)
 .cybootloader  0x0000000000000000     0x2200 .pio/build/cubecell_gps/libFrameworkArduino.a(cybootloader.c.o)
                0x0000000000000000                cy_bootloader
                0x0000000000002200                appl1_start = CY_APPL_ORIGIN?CY_APPL_ORIGIN:ALIGN (CY_FLASH_ROW_SIZE)
                0x0000000000011000                appl2_start = (appl1_start + ALIGN ((((LENGTH (rom) - appl1_start) - (0x2 * CY_FLASH_ROW_SIZE)) / 0x2), CY_FLASH_ROW_SIZE))
                0x0000000000002200                appl_start = (CY_APPL_NUM == 0x1)?appl1_start:appl2_start
                0x0000000000000000                cy_project_type_bootloader = (appl_start == 0x0)?0x1:0x0
                0x0000000000000000                cy_project_type_app_for_stack_and_copier = (CY_APP_FOR_STACK_AND_COPIER == 0x1)?0x1:0x0

.text           0x0000000000002200     0x4ed0
 CREATE_OBJECT_SYMBOLS
                0x0000000000002200                PROVIDE (__cy_interrupt_vector = RomVectors)
 *(.romvectors)
 .romvectors    0x0000000000002200       0x10 .pio/build/cubecell_gps/libFrameworkArduino.a(Cm0plusStart.c.o)
                0x0000000000002200                RomVectors
                0x0000000000000001                ASSERT ((. != __cy_interrupt_vector), No interrupt vector)
                0x0000000000000001                ASSERT (CY_APPL_ORIGIN?(SIZEOF (.cybootloader) <= CY_APPL_ORIGIN):0x1, Wrong image location)
                0x0000000000002210                PROVIDE (__cy_reset = Reset)
 *(.text.Reset)
 .text.Reset    0x0000000000002210       0x18 .pio/build/cubecell_gps/libFrameworkArduino.a(Cm0plusStart.c.o)
                0x0000000000002210                Reset
                0x0000000000000001                ASSERT ((. != __cy_reset), No reset code)
 *(.psocinit)
 .psocinit      0x0000000000002228      0x1b4 /home/thor/.platformio/packages/framework-arduinoasrmicro650x/cores/asr650x/projects/CubeCellLib.a(cyfitter_cfg.o)
                0x0000000000002228                cyfitter_cfg
                0x00000000000023dc                . = MAX (., 0x100)
 *(.text .text.* .gnu.linkonce.t.*)
 .text.__do_global_dtors_aux
                0x00000000000023dc       0x28 /home/thor/.platformio/packages/toolchain-gccarmnoneeabi@1.90201.191206/bin/../lib/gcc/arm-none-eabi/9.2.1/thumb/v6-m/nofp/crtbegin.o
 .text.frame_dummy
                0x0000000000002404       0x20 /home/thor/.platformio/packages/toolchain-gccarmnoneeabi@1.90201.191206/bin/../lib/gcc/arm-none-eabi/9.2.1/thumb/v6-m/nofp/crtbegin.o
 .text._Z5setupv
                0x0000000000002424       0x38 .pio/build/cubecell_gps/src/gpsTestSketch.ino.cpp.o
                0x0000000000002424                setup()
 .text._Z4loopv
                0x000000000000245c       0x34 .pio/build/cubecell_gps/src/gpsTestSketch.ino.cpp.o
                0x000000000000245c                loop()
 .text._ZN14HardwareSerialD2Ev
                0x0000000000002490        0x2 .pio/build/cubecell_gps/libac4/libOnBoardGPS_Air530.a(GPS_Air530.cpp.o)
                0x0000000000002490                HardwareSerial::~HardwareSerial()
                0x0000000000002490                HardwareSerial::~HardwareSerial()
 *fill*         0x0000000000002492        0x2 
 .text._ZN11Air530Class5beginEv
                0x0000000000002494       0x40 .pio/build/cubecell_gps/libac4/libOnBoardGPS_Air530.a(GPS_Air530.cpp.o)
                0x0000000000002494                Air530Class::begin()
 .text._ZN11Air530Class7sendcmdE6String
                0x00000000000024d4       0x34 .pio/build/cubecell_gps/libac4/libOnBoardGPS_Air530.a(GPS_Air530.cpp.o)
                0x00000000000024d4                Air530Class::sendcmd(String)
 .text._ZN11Air530Class7setmodeE7GPSMODE
                0x0000000000002508       0x5c .pio/build/cubecell_gps/libac4/libOnBoardGPS_Air530.a(GPS_Air530.cpp.o)
                0x0000000000002508                Air530Class::setmode(GPSMODE)
 .text._ZN11Air530Class7getNMEAEv
                0x0000000000002564       0x84 .pio/build/cubecell_gps/libac4/libOnBoardGPS_Air530.a(GPS_Air530.cpp.o)
                0x0000000000002564                Air530Class::getNMEA()
 .text._ZN14HardwareSerialD0Ev
                0x00000000000025e8        0xe .pio/build/cubecell_gps/libac4/libOnBoardGPS_Air530.a(GPS_Air530.cpp.o)
                0x00000000000025e8                HardwareSerial::~HardwareSerial()
 *fill*         0x00000000000025f6        0x2 
 .text.startup._GLOBAL__sub_I_GPSSerial
                0x00000000000025f8       0x38 .pio/build/cubecell_gps/libac4/libOnBoardGPS_Air530.a(GPS_Air530.cpp.o)
 .text._ZN11TinyGPSPlusC2Ev
                0x0000000000002630       0x64 .pio/build/cubecell_gps/libac4/libOnBoardGPS_Air530.a(CubeCell_TinyGPS++.cpp.o)
                0x0000000000002630                TinyGPSPlus::TinyGPSPlus()
                0x0000000000002630                TinyGPSPlus::TinyGPSPlus()
 .text._ZN6Stream9readBytesEPhj
                0x0000000000002694        0xa .pio/build/cubecell_gps/libFrameworkArduino.a(HardwareSerial.cpp.o)
                0x0000000000002694                Stream::readBytes(unsigned char*, unsigned int)
 .text._ZN14HardwareSerial17availableForWriteEv
                0x000000000000269e        0x4 .pio/build/cubecell_gps/libFrameworkArduino.a(HardwareSerial.cpp.o)
                0x000000000000269e                HardwareSerial::peek()
                0x000000000000269e                HardwareSerial::availableForWrite()
 .text._ZN14HardwareSerial9availableEv
                0x00000000000026a2       0x16 .pio/build/cubecell_gps/libFrameworkArduino.a(HardwareSerial.cpp.o)
                0x00000000000026a2                HardwareSerial::available()
 .text._ZN14HardwareSerial4readEv
                0x00000000000026b8       0x26 .pio/build/cubecell_gps/libFrameworkArduino.a(HardwareSerial.cpp.o)
                0x00000000000026b8                HardwareSerial::read()
 .text._ZN14HardwareSerial5flushEv
                0x00000000000026de       0x1c .pio/build/cubecell_gps/libFrameworkArduino.a(HardwareSerial.cpp.o)
                0x00000000000026de                HardwareSerial::flush()
 .text._ZN14HardwareSerial5writeEh
                0x00000000000026fa       0x1a .pio/build/cubecell_gps/libFrameworkArduino.a(HardwareSerial.cpp.o)
                0x00000000000026fa                HardwareSerial::write(unsigned char)
 .text._ZN14HardwareSerial5writeEPKhj
                0x0000000000002714       0x28 .pio/build/cubecell_gps/libFrameworkArduino.a(HardwareSerial.cpp.o)
                0x0000000000002714                HardwareSerial::write(unsigned char const*, unsigned int)
 .text._ZN14HardwareSerialC2Ea
                0x000000000000273c       0x1c .pio/build/cubecell_gps/libFrameworkArduino.a(HardwareSerial.cpp.o)
                0x000000000000273c                HardwareSerial::HardwareSerial(signed char)
                0x000000000000273c                HardwareSerial::HardwareSerial(signed char)
 .text._ZN14HardwareSerial5beginEmambm
                0x0000000000002758       0xb0 .pio/build/cubecell_gps/libFrameworkArduino.a(HardwareSerial.cpp.o)
                0x0000000000002758                HardwareSerial::begin(unsigned long, signed char, unsigned long, bool, unsigned long)
 .text.startup._GLOBAL__sub_I_Serial
                0x0000000000002808       0x5c .pio/build/cubecell_gps/libFrameworkArduino.a(HardwareSerial.cpp.o)
 .text._ZN5Print5writeEPKc
                0x0000000000002864       0x1c .pio/build/cubecell_gps/libFrameworkArduino.a(Print.cpp.o)
                0x0000000000002864                Print::write(char const*)
 .text._ZN5Print5printERK6String
                0x0000000000002880       0x14 .pio/build/cubecell_gps/libFrameworkArduino.a(Print.cpp.o)
                0x0000000000002880                Print::print(String const&)
 .text._ZN5Print7printlnEv
                0x0000000000002894       0x10 .pio/build/cubecell_gps/libFrameworkArduino.a(Print.cpp.o)
                0x0000000000002894                Print::println()
 .text._ZN5Print7printlnERK6String
                0x00000000000028a4       0x14 .pio/build/cubecell_gps/libFrameworkArduino.a(Print.cpp.o)
                0x00000000000028a4                Print::println(String const&)
 .text._ZN6Stream9timedReadEv
                0x00000000000028b8       0x2a .pio/build/cubecell_gps/libFrameworkArduino.a(Stream.cpp.o)
                0x00000000000028b8                Stream::timedRead()
 .text._ZN6Stream9readBytesEPcj
                0x00000000000028e2       0x22 .pio/build/cubecell_gps/libFrameworkArduino.a(Stream.cpp.o)
                0x00000000000028e2                Stream::readBytes(char*, unsigned int)
 .text._ZN6Stream10readStringEv
                0x0000000000002904       0x28 .pio/build/cubecell_gps/libFrameworkArduino.a(Stream.cpp.o)
                0x0000000000002904                Stream::readString()
 .text._ZN6Stream15readStringUntilEc
                0x000000000000292c       0x30 .pio/build/cubecell_gps/libFrameworkArduino.a(Stream.cpp.o)
                0x000000000000292c                Stream::readStringUntil(char)
 .text._ZN6StringD2Ev
                0x000000000000295c       0x12 .pio/build/cubecell_gps/libFrameworkArduino.a(WString.cpp.o)
                0x000000000000295c                String::~String()
                0x000000000000295c                String::~String()
 .text._ZN6String10invalidateEv
                0x000000000000296e       0x18 .pio/build/cubecell_gps/libFrameworkArduino.a(WString.cpp.o)
                0x000000000000296e                String::invalidate()
 .text._ZN6String12changeBufferEj
                0x0000000000002986       0x3a .pio/build/cubecell_gps/libFrameworkArduino.a(WString.cpp.o)
                0x0000000000002986                String::changeBuffer(unsigned int)
 .text._ZN6String7reserveEj
                0x00000000000029c0       0x2a .pio/build/cubecell_gps/libFrameworkArduino.a(WString.cpp.o)
                0x00000000000029c0                String::reserve(unsigned int)
 .text._ZN6String4copyEPKcj
                0x00000000000029ea       0x28 .pio/build/cubecell_gps/libFrameworkArduino.a(WString.cpp.o)
                0x00000000000029ea                String::copy(char const*, unsigned int)
 .text._ZN6StringC2EPKc
                0x0000000000002a12       0x26 .pio/build/cubecell_gps/libFrameworkArduino.a(WString.cpp.o)
                0x0000000000002a12                String::String(char const*)
                0x0000000000002a12                String::String(char const*)
 .text._ZN6String4moveERS_
                0x0000000000002a38       0x3c .pio/build/cubecell_gps/libFrameworkArduino.a(WString.cpp.o)
                0x0000000000002a38                String::move(String&)
 .text._ZN6StringC2EOS_
                0x0000000000002a74       0x14 .pio/build/cubecell_gps/libFrameworkArduino.a(WString.cpp.o)
                0x0000000000002a74                String::String(String&&)
                0x0000000000002a74                String::String(String&&)
 .text._ZN6StringaSERKS_
                0x0000000000002a88       0x20 .pio/build/cubecell_gps/libFrameworkArduino.a(WString.cpp.o)
                0x0000000000002a88                String::operator=(String const&)
 .text._ZN6StringC2ERKS_
                0x0000000000002aa8       0x14 .pio/build/cubecell_gps/libFrameworkArduino.a(WString.cpp.o)
                0x0000000000002aa8                String::String(String const&)
                0x0000000000002aa8                String::String(String const&)
 .text._ZN6String6concatEPKcj
                0x0000000000002abc       0x32 .pio/build/cubecell_gps/libFrameworkArduino.a(WString.cpp.o)
                0x0000000000002abc                String::concat(char const*, unsigned int)
 .text._ZN6String6concatERKS_
                0x0000000000002aee        0xc .pio/build/cubecell_gps/libFrameworkArduino.a(WString.cpp.o)
                0x0000000000002aee                String::concat(String const&)
 .text._ZN6String6concatEPKc
                0x0000000000002afa       0x1a .pio/build/cubecell_gps/libFrameworkArduino.a(WString.cpp.o)
                0x0000000000002afa                String::concat(char const*)
 .text._ZN6String6concatEc
                0x0000000000002b14       0x16 .pio/build/cubecell_gps/libFrameworkArduino.a(WString.cpp.o)
                0x0000000000002b14                String::concat(char)
 .text._ZNK6String6equalsEPKc
                0x0000000000002b2a       0x28 .pio/build/cubecell_gps/libFrameworkArduino.a(WString.cpp.o)
                0x0000000000002b2a                String::equals(char const*) const
 .text.startup.main
                0x0000000000002b52       0x10 .pio/build/cubecell_gps/libFrameworkArduino.a(main.cpp.o)
                0x0000000000002b52                main
 .text.printchar
                0x0000000000002b62       0x26 .pio/build/cubecell_gps/libFrameworkArduino.a(printf.c.o)
 .text.prints   0x0000000000002b88       0x8e .pio/build/cubecell_gps/libFrameworkArduino.a(printf.c.o)
 .text.printi   0x0000000000002c16       0xfc .pio/build/cubecell_gps/libFrameworkArduino.a(printf.c.o)
 *fill*         0x0000000000002d12        0x2 
 .text.tiny_print
                0x0000000000002d14      0x1d8 .pio/build/cubecell_gps/libFrameworkArduino.a(printf.c.o)
 .text.__wrap_sprintf
                0x0000000000002eec       0x1c .pio/build/cubecell_gps/libFrameworkArduino.a(printf.c.o)
                0x0000000000002eec                __wrap_sprintf
 .text.IntDefaultHandler
                0x0000000000002f08       0x10 .pio/build/cubecell_gps/libFrameworkArduino.a(Cm0plusStart.c.o)
                0x0000000000002f08                IntDefaultHandler
 .text._sbrk    0x0000000000002f18       0x30 .pio/build/cubecell_gps/libFrameworkArduino.a(Cm0plusStart.c.o)
                0x0000000000002f18                _sbrk
 .text.Start_c  0x0000000000002f48       0x48 .pio/build/cubecell_gps/libFrameworkArduino.a(Cm0plusStart.c.o)
                0x0000000000002f48                Start_c
 .text.startup.initialize_psoc
                0x0000000000002f90       0x48 .pio/build/cubecell_gps/libFrameworkArduino.a(Cm0plusStart.c.o)
                0x0000000000002f90                initialize_psoc
 .text.CySysClkWcoSetHighPowerMode
                0x0000000000002fd8       0x38 .pio/build/cubecell_gps/libFrameworkArduino.a(CyLFClk.c.o)
 .text.CySysClkWcoStart
                0x0000000000003010       0x18 .pio/build/cubecell_gps/libFrameworkArduino.a(CyLFClk.c.o)
                0x0000000000003010                CySysClkWcoStart
 .text.CySysClkWcoEnabled
                0x0000000000003028        0xc .pio/build/cubecell_gps/libFrameworkArduino.a(CyLFClk.c.o)
                0x0000000000003028                CySysClkWcoEnabled
 .text.CySysWdtDisable
                0x0000000000003034       0x10 .pio/build/cubecell_gps/libFrameworkArduino.a(CyLFClk.c.o)
                0x0000000000003034                CySysWdtDisable
 .text.CySysClkSetTimerSource
                0x0000000000003044       0x60 .pio/build/cubecell_gps/libFrameworkArduino.a(CyLFClk.c.o)
                0x0000000000003044                CySysClkSetTimerSource
 .text.CySysTimerGetEnabledStatus
                0x00000000000030a4       0x24 .pio/build/cubecell_gps/libFrameworkArduino.a(CyLFClk.c.o)
                0x00000000000030a4                CySysTimerGetEnabledStatus
 .text.CySysTimerSetMode
                0x00000000000030c8       0x40 .pio/build/cubecell_gps/libFrameworkArduino.a(CyLFClk.c.o)
                0x00000000000030c8                CySysTimerSetMode
 .text.CySysTimerSetClearOnMatch
                0x0000000000003108       0x34 .pio/build/cubecell_gps/libFrameworkArduino.a(CyLFClk.c.o)
                0x0000000000003108                CySysTimerSetClearOnMatch
 .text.CySysTimerEnable
                0x000000000000313c       0x38 .pio/build/cubecell_gps/libFrameworkArduino.a(CyLFClk.c.o)
                0x000000000000313c                CySysTimerEnable
 .text.CySysTimerDisable
                0x0000000000003174       0x38 .pio/build/cubecell_gps/libFrameworkArduino.a(CyLFClk.c.o)
                0x0000000000003174                CySysTimerDisable
 .text.CySysTimerSetCascade
                0x00000000000031ac       0x34 .pio/build/cubecell_gps/libFrameworkArduino.a(CyLFClk.c.o)
                0x00000000000031ac                CySysTimerSetCascade
 .text.CySysTimerSetMatch
                0x00000000000031e0       0x50 .pio/build/cubecell_gps/libFrameworkArduino.a(CyLFClk.c.o)
                0x00000000000031e0                CySysTimerSetMatch
 .text.CySysTimerSetToggleBit
                0x0000000000003230       0x2c .pio/build/cubecell_gps/libFrameworkArduino.a(CyLFClk.c.o)
                0x0000000000003230                CySysTimerSetToggleBit
 .text.CySysTimerGetCount
                0x000000000000325c       0x38 .pio/build/cubecell_gps/libFrameworkArduino.a(CyLFClk.c.o)
                0x000000000000325c                CySysTimerGetCount
 .text.CySysTimerClearInterrupt
                0x0000000000003294       0x2c .pio/build/cubecell_gps/libFrameworkArduino.a(CyLFClk.c.o)
                0x0000000000003294                CySysTimerClearInterrupt
 .text.CySysTimerSetInterruptCallback
                0x00000000000032c0       0x24 .pio/build/cubecell_gps/libFrameworkArduino.a(CyLFClk.c.o)
                0x00000000000032c0                CySysTimerSetInterruptCallback
 .text.CySysTimerEnableIsr
                0x00000000000032e4       0x34 .pio/build/cubecell_gps/libFrameworkArduino.a(CyLFClk.c.o)
                0x00000000000032e4                CySysTimerEnableIsr
 .text.CySysTimerDisableIsr
                0x0000000000003318       0x28 .pio/build/cubecell_gps/libFrameworkArduino.a(CyLFClk.c.o)
                0x0000000000003318                CySysTimerDisableIsr
 .text.CySysTimerIsr
                0x0000000000003340       0xa0 .pio/build/cubecell_gps/libFrameworkArduino.a(CyLFClk.c.o)
                0x0000000000003340                CySysTimerIsr
 .text.CySysTimerResetCounters
                0x00000000000033e0       0x1c .pio/build/cubecell_gps/libFrameworkArduino.a(CyLFClk.c.o)
                0x00000000000033e0                CySysTimerResetCounters
 .text.CySysClkImoDisableWcoLock
                0x00000000000033fc       0x14 .pio/build/cubecell_gps/libFrameworkArduino.a(CyLib.c.o)
                0x00000000000033fc                CySysClkImoDisableWcoLock
 .text.CySysClkImoGetWcoLock
                0x0000000000003410       0x10 .pio/build/cubecell_gps/libFrameworkArduino.a(CyLib.c.o)
                0x0000000000003410                CySysClkImoGetWcoLock
 .text.CySysClkWriteHfclkDirect
                0x0000000000003420       0x74 .pio/build/cubecell_gps/libFrameworkArduino.a(CyLib.c.o)
                0x0000000000003420                CySysClkWriteHfclkDirect
 .text.CyIntSetVector
                0x0000000000003494       0x18 .pio/build/cubecell_gps/libFrameworkArduino.a(CyLib.c.o)
                0x0000000000003494                CyIntSetVector
 .text.CyIntSetPriority
                0x00000000000034ac       0x40 .pio/build/cubecell_gps/libFrameworkArduino.a(CyLib.c.o)
                0x00000000000034ac                CyIntSetPriority
 .text.CyIntEnable
                0x00000000000034ec       0x14 .pio/build/cubecell_gps/libFrameworkArduino.a(CyLib.c.o)
                0x00000000000034ec                CyIntEnable
 .text.CyIntDisable
                0x0000000000003500       0x14 .pio/build/cubecell_gps/libFrameworkArduino.a(CyLib.c.o)
                0x0000000000003500                CyIntDisable
 .text.CyIntClearPending
                0x0000000000003514       0x14 .pio/build/cubecell_gps/libFrameworkArduino.a(CyLib.c.o)
                0x0000000000003514                CyIntClearPending
 .text.CyHalt   0x0000000000003528        0x4 .pio/build/cubecell_gps/libFrameworkArduino.a(CyLib.c.o)
                0x0000000000003528                CyHalt
 .text.CyDelay  0x000000000000352c       0x2c .pio/build/cubecell_gps/libFrameworkArduino.a(CyLib.c.o)
                0x000000000000352c                CyDelay
 .text.CySysClkImoEnableWcoLock
                0x0000000000003558       0xbc .pio/build/cubecell_gps/libFrameworkArduino.a(CyLib.c.o)
                0x0000000000003558                CySysClkImoEnableWcoLock
 .text.CySysClkWriteImoFreq
                0x0000000000003614       0xb8 .pio/build/cubecell_gps/libFrameworkArduino.a(CyLib.c.o)
                0x0000000000003614                CySysClkWriteImoFreq
 .text.CyDelayUs
                0x00000000000036cc       0x14 .pio/build/cubecell_gps/libFrameworkArduino.a(CyLib.c.o)
                0x00000000000036cc                CyDelayUs
 .text.CySysTickInit
                0x00000000000036e0       0x54 .pio/build/cubecell_gps/libFrameworkArduino.a(CyLib.c.o)
                0x00000000000036e0                CySysTickInit
 .text.CySysTickStop
                0x0000000000003734       0x10 .pio/build/cubecell_gps/libFrameworkArduino.a(CyLib.c.o)
                0x0000000000003734                CySysTickStop
 .text.CySysTickEnableInterrupt
                0x0000000000003744       0x10 .pio/build/cubecell_gps/libFrameworkArduino.a(CyLib.c.o)
                0x0000000000003744                CySysTickEnableInterrupt
 .text.CySysTickEnable
                0x0000000000003754       0x18 .pio/build/cubecell_gps/libFrameworkArduino.a(CyLib.c.o)
                0x0000000000003754                CySysTickEnable
 .text.CySysTickStart
                0x000000000000376c       0x1c .pio/build/cubecell_gps/libFrameworkArduino.a(CyLib.c.o)
                0x000000000000376c                CySysTickStart
 .text.CySysTickDisableInterrupt
                0x0000000000003788       0x10 .pio/build/cubecell_gps/libFrameworkArduino.a(CyLib.c.o)
                0x0000000000003788                CySysTickDisableInterrupt
 .text.CySysTickGetCountFlag
                0x0000000000003798       0x10 .pio/build/cubecell_gps/libFrameworkArduino.a(CyLib.c.o)
                0x0000000000003798                CySysTickGetCountFlag
 .text.CySysTickServiceCallbacks
                0x00000000000037a8       0x24 .pio/build/cubecell_gps/libFrameworkArduino.a(CyLib.c.o)
 .text.CySysTickSetCallback
                0x00000000000037cc       0x10 .pio/build/cubecell_gps/libFrameworkArduino.a(CyLib.c.o)
                0x00000000000037cc                CySysTickSetCallback
 .text.CyGetUniqueId
                0x00000000000037dc       0x70 .pio/build/cubecell_gps/libFrameworkArduino.a(CyLib.c.o)
                0x00000000000037dc                CyGetUniqueId
 .text.UART_1_SpiUartReadRxData
                0x000000000000384c        0xc .pio/build/cubecell_gps/libFrameworkArduino.a(UART_1_SPI_UART.c.o)
                0x000000000000384c                UART_1_SpiUartReadRxData
 .text.UART_1_SpiUartGetRxBufferSize
                0x0000000000003858       0x10 .pio/build/cubecell_gps/libFrameworkArduino.a(UART_1_SPI_UART.c.o)
                0x0000000000003858                UART_1_SpiUartGetRxBufferSize
 .text.UART_1_SpiUartClearRxBuffer
                0x0000000000003868       0x20 .pio/build/cubecell_gps/libFrameworkArduino.a(UART_1_SPI_UART.c.o)
                0x0000000000003868                UART_1_SpiUartClearRxBuffer
 .text.UART_1_SpiUartWriteTxData
                0x0000000000003888       0x1c .pio/build/cubecell_gps/libFrameworkArduino.a(UART_1_SPI_UART.c.o)
                0x0000000000003888                UART_1_SpiUartWriteTxData
 .text.UART_1_SpiUartGetTxBufferSize
                0x00000000000038a4       0x10 .pio/build/cubecell_gps/libFrameworkArduino.a(UART_1_SPI_UART.c.o)
                0x00000000000038a4                UART_1_SpiUartGetTxBufferSize
 .text.UART_1_SpiUartClearTxBuffer
                0x00000000000038b4       0x20 .pio/build/cubecell_gps/libFrameworkArduino.a(UART_1_SPI_UART.c.o)
                0x00000000000038b4                UART_1_SpiUartClearTxBuffer
 .text.UART_1_UART_WAKEUP_ISR
                0x00000000000038d4        0x8 .pio/build/cubecell_gps/libFrameworkArduino.a(UART_1_UART.c.o)
                0x00000000000038d4                UART_1_UART_WAKEUP_ISR
 .text.UART_1_UartInit
                0x00000000000038dc       0xdc .pio/build/cubecell_gps/libFrameworkArduino.a(UART_1_UART.c.o)
                0x00000000000038dc                UART_1_UartInit
 .text.UART_1_UartPostEnable
                0x00000000000039b8       0x28 .pio/build/cubecell_gps/libFrameworkArduino.a(UART_1_UART.c.o)
                0x00000000000039b8                UART_1_UartPostEnable
 .text.UART_1_UartGetByte
                0x00000000000039e0       0x34 .pio/build/cubecell_gps/libFrameworkArduino.a(UART_1_UART.c.o)
                0x00000000000039e0                UART_1_UartGetByte
 .text.UART_1_UartSaveConfig
                0x0000000000003a14       0x3c .pio/build/cubecell_gps/libFrameworkArduino.a(UART_1_UART.c.o)
                0x0000000000003a14                UART_1_UartSaveConfig
 .text.UART_1_UartRestoreConfig
                0x0000000000003a50        0xa .pio/build/cubecell_gps/libFrameworkArduino.a(UART_1_UART.c.o)
                0x0000000000003a50                UART_1_UartRestoreConfig
 *fill*         0x0000000000003a5a        0x2 
 .text.UART_1_rx_wake_ClearInterrupt
                0x0000000000003a5c       0x10 .pio/build/cubecell_gps/libFrameworkArduino.a(UART_1_rx_wake.c.o)
                0x0000000000003a5c                UART_1_rx_wake_ClearInterrupt
 .text.UART_2_SpiUartReadRxData
                0x0000000000003a6c        0xc .pio/build/cubecell_gps/libFrameworkArduino.a(UART_2_SPI_UART.c.o)
                0x0000000000003a6c                UART_2_SpiUartReadRxData
 .text.UART_2_SpiUartGetRxBufferSize
                0x0000000000003a78       0x10 .pio/build/cubecell_gps/libFrameworkArduino.a(UART_2_SPI_UART.c.o)
                0x0000000000003a78                UART_2_SpiUartGetRxBufferSize
 .text.UART_2_SpiUartClearRxBuffer
                0x0000000000003a88       0x20 .pio/build/cubecell_gps/libFrameworkArduino.a(UART_2_SPI_UART.c.o)
                0x0000000000003a88                UART_2_SpiUartClearRxBuffer
 .text.UART_2_SpiUartWriteTxData
                0x0000000000003aa8       0x1c .pio/build/cubecell_gps/libFrameworkArduino.a(UART_2_SPI_UART.c.o)
                0x0000000000003aa8                UART_2_SpiUartWriteTxData
 .text.UART_2_SpiUartClearTxBuffer
                0x0000000000003ac4       0x20 .pio/build/cubecell_gps/libFrameworkArduino.a(UART_2_SPI_UART.c.o)
                0x0000000000003ac4                UART_2_SpiUartClearTxBuffer
 .text.UART_2_UartInit
                0x0000000000003ae4       0xc0 .pio/build/cubecell_gps/libFrameworkArduino.a(UART_2_UART.c.o)
                0x0000000000003ae4                UART_2_UartInit
 .text.UART_2_UartPostEnable
                0x0000000000003ba4       0x14 .pio/build/cubecell_gps/libFrameworkArduino.a(UART_2_UART.c.o)
                0x0000000000003ba4                UART_2_UartPostEnable
 .text.UART_2_UartGetByte
                0x0000000000003bb8       0x34 .pio/build/cubecell_gps/libFrameworkArduino.a(UART_2_UART.c.o)
                0x0000000000003bb8                UART_2_UartGetByte
 .text.SX126xIoInit
                0x0000000000003bec       0x44 .pio/build/cubecell_gps/libFrameworkArduino.a(asr_board.c.o)
                0x0000000000003bec                SX126xIoInit
 .text.SX126xReset
                0x0000000000003c30       0x50 .pio/build/cubecell_gps/libFrameworkArduino.a(asr_board.c.o)
                0x0000000000003c30                SX126xReset
 .text.SX126xWaitOnBusy
                0x0000000000003c80       0x14 .pio/build/cubecell_gps/libFrameworkArduino.a(asr_board.c.o)
                0x0000000000003c80                SX126xWaitOnBusy
 .text.SX126xWakeup
                0x0000000000003c94       0x38 .pio/build/cubecell_gps/libFrameworkArduino.a(asr_board.c.o)
                0x0000000000003c94                SX126xWakeup
 .text.SX126xWriteCommand
                0x0000000000003ccc       0x50 .pio/build/cubecell_gps/libFrameworkArduino.a(asr_board.c.o)
                0x0000000000003ccc                SX126xWriteCommand
 .text.SX126xAntSwOn
                0x0000000000003d1c        0x2 .pio/build/cubecell_gps/libFrameworkArduino.a(asr_board.c.o)
                0x0000000000003d1c                SX126xAntSwOn
 .text.SX126xAntSwOff
                0x0000000000003d1e        0x2 .pio/build/cubecell_gps/libFrameworkArduino.a(asr_board.c.o)
                0x0000000000003d1e                SX126xAntSwOff
 .text.boardInitMcu
                0x0000000000003d20       0x54 .pio/build/cubecell_gps/libFrameworkArduino.a(asr_board.c.o)
                0x0000000000003d20                boardInitMcu
 .text.HW_Get_MFT_ID
                0x0000000000003d74        0x8 .pio/build/cubecell_gps/libFrameworkArduino.a(asr_board.c.o)
                0x0000000000003d74                HW_Get_MFT_ID
 .text.HW_Get_MFT_Model
                0x0000000000003d7c        0x8 .pio/build/cubecell_gps/libFrameworkArduino.a(asr_board.c.o)
                0x0000000000003d7c                HW_Get_MFT_Model
 .text.HW_Get_MFT_Rev
                0x0000000000003d84        0x8 .pio/build/cubecell_gps/libFrameworkArduino.a(asr_board.c.o)
                0x0000000000003d84                HW_Get_MFT_Rev
 .text.HW_Get_MFT_SN
                0x0000000000003d8c       0x24 .pio/build/cubecell_gps/libFrameworkArduino.a(asr_board.c.o)
                0x0000000000003d8c                HW_Get_MFT_SN
 .text.HW_Set_MFT_Baud
                0x0000000000003db0       0x64 .pio/build/cubecell_gps/libFrameworkArduino.a(asr_board.c.o)
                0x0000000000003db0                HW_Set_MFT_Baud
 .text.HW_Get_MFT_Baud
                0x0000000000003e14        0xc .pio/build/cubecell_gps/libFrameworkArduino.a(asr_board.c.o)
                0x0000000000003e14                HW_Get_MFT_Baud
 .text.GpioInit
                0x0000000000003e20       0x12 .pio/build/cubecell_gps/libFrameworkArduino.a(gpio.c.o)
                0x0000000000003e20                GpioInit
 .text.GpioWrite
                0x0000000000003e32        0x8 .pio/build/cubecell_gps/libFrameworkArduino.a(gpio.c.o)
                0x0000000000003e32                GpioWrite
 .text.GpioRead
                0x0000000000003e3a        0x8 .pio/build/cubecell_gps/libFrameworkArduino.a(gpio.c.o)
                0x0000000000003e3a                GpioRead
 .text.SpiInit  0x0000000000003e42        0x8 .pio/build/cubecell_gps/libFrameworkArduino.a(spi-board.c.o)
                0x0000000000003e42                SpiInit
 *fill*         0x0000000000003e4a        0x2 
 .text.SpiInOut
                0x0000000000003e4c       0x34 .pio/build/cubecell_gps/libFrameworkArduino.a(spi-board.c.o)
                0x0000000000003e4c                SpiInOut
 .text.RadioSleep
                0x0000000000003e80       0x10 .pio/build/cubecell_gps/libFrameworkArduino.a(radio.c.o)
                0x0000000000003e80                RadioSleep
 .text.SX126xCheckDeviceReady
                0x0000000000003e90       0x24 .pio/build/cubecell_gps/libFrameworkArduino.a(sx126x.c.o)
                0x0000000000003e90                SX126xCheckDeviceReady
 .text.SX126xSetSleep
                0x0000000000003eb4       0x20 .pio/build/cubecell_gps/libFrameworkArduino.a(sx126x.c.o)
                0x0000000000003eb4                SX126xSetSleep
 .text.DelayMs  0x0000000000003ed4       0x10 .pio/build/cubecell_gps/libFrameworkArduino.a(delay.c.o)
                0x0000000000003ed4                DelayMs
 *fill*         0x0000000000003ee4        0x4 
 .text          0x0000000000003ee8       0x20 .pio/build/cubecell_gps/libFrameworkArduino.a(CyBootAsmGnu.S.o)
                0x0000000000003ee8                CyDelayCycles
                0x0000000000003efa                CyEnterCriticalSection
                0x0000000000003f02                CyExitCriticalSection
 .text.CySysFlashSetWaitCycles
                0x0000000000003f08       0x54 .pio/build/cubecell_gps/libFrameworkArduino.a(CyFlash.c.o)
                0x0000000000003f08                CySysFlashSetWaitCycles
 .text.SPI_1_Enable
                0x0000000000003f5c       0x18 .pio/build/cubecell_gps/libFrameworkArduino.a(SPI_1.c.o)
                0x0000000000003f5c                SPI_1_Enable
 .text.SPI_1_Start
                0x0000000000003f74       0x1c .pio/build/cubecell_gps/libFrameworkArduino.a(SPI_1.c.o)
                0x0000000000003f74                SPI_1_Start
 .text.SPI_1_Stop
                0x0000000000003f90       0x20 .pio/build/cubecell_gps/libFrameworkArduino.a(SPI_1.c.o)
                0x0000000000003f90                SPI_1_Stop
 .text.SPI_1_SpiPostEnable
                0x0000000000003fb0       0x14 .pio/build/cubecell_gps/libFrameworkArduino.a(SPI_1_SPI.c.o)
                0x0000000000003fb0                SPI_1_SpiPostEnable
 .text.SPI_1_SpiStop
                0x0000000000003fc4       0x18 .pio/build/cubecell_gps/libFrameworkArduino.a(SPI_1_SPI.c.o)
                0x0000000000003fc4                SPI_1_SpiStop
 .text.SPI_1_SpiSetActiveSlaveSelect
                0x0000000000003fdc       0x20 .pio/build/cubecell_gps/libFrameworkArduino.a(SPI_1_SPI.c.o)
                0x0000000000003fdc                SPI_1_SpiSetActiveSlaveSelect
 .text.SPI_1_SpiInit
                0x0000000000003ffc       0x88 .pio/build/cubecell_gps/libFrameworkArduino.a(SPI_1_SPI.c.o)
                0x0000000000003ffc                SPI_1_SpiInit
 .text.SPI_1_SpiUartReadRxData
                0x0000000000004084        0xc .pio/build/cubecell_gps/libFrameworkArduino.a(SPI_1_SPI_UART.c.o)
                0x0000000000004084                SPI_1_SpiUartReadRxData
 .text.SPI_1_SpiUartGetRxBufferSize
                0x0000000000004090       0x10 .pio/build/cubecell_gps/libFrameworkArduino.a(SPI_1_SPI_UART.c.o)
                0x0000000000004090                SPI_1_SpiUartGetRxBufferSize
 .text.SPI_1_SpiUartWriteTxData
                0x00000000000040a0       0x1c .pio/build/cubecell_gps/libFrameworkArduino.a(SPI_1_SPI_UART.c.o)
                0x00000000000040a0                SPI_1_SpiUartWriteTxData
 .text.SPI_1_SpiUartGetTxBufferSize
                0x00000000000040bc       0x10 .pio/build/cubecell_gps/libFrameworkArduino.a(SPI_1_SPI_UART.c.o)
                0x00000000000040bc                SPI_1_SpiUartGetTxBufferSize
 .text.UART_1_SPI_UART_ISR
                0x00000000000040cc       0x14 .pio/build/cubecell_gps/libFrameworkArduino.a(UART_1_SPI_UART_INT.c.o)
                0x00000000000040cc                UART_1_SPI_UART_ISR
 .text.UART_2_SPI_UART_ISR
                0x00000000000040e0       0x14 .pio/build/cubecell_gps/libFrameworkArduino.a(UART_2_SPI_UART_INT.c.o)
                0x00000000000040e0                UART_2_SPI_UART_ISR
 .text.GpioMcuWrite
                0x00000000000040f4       0x14 .pio/build/cubecell_gps/libFrameworkArduino.a(gpio-board.c.o)
                0x00000000000040f4                GpioMcuWrite
 .text.GpioMcuInit
                0x0000000000004108       0x1e .pio/build/cubecell_gps/libFrameworkArduino.a(gpio-board.c.o)
                0x0000000000004108                GpioMcuInit
 .text.GpioMcuRead
                0x0000000000004126       0x14 .pio/build/cubecell_gps/libFrameworkArduino.a(gpio-board.c.o)
                0x0000000000004126                GpioMcuRead
 .text.__aeabi_atexit
                0x000000000000413a        0xe /home/thor/.platformio/packages/toolchain-gccarmnoneeabi@1.90201.191206/bin/../lib/gcc/arm-none-eabi/9.2.1/../../../../arm-none-eabi/lib/thumb/v6-m/nofp/libstdc++_nano.a(atexit_arm.o)
                0x000000000000413a                __aeabi_atexit
 .text._ZdlPvj  0x0000000000004148        0x8 /home/thor/.platformio/packages/toolchain-gccarmnoneeabi@1.90201.191206/bin/../lib/gcc/arm-none-eabi/9.2.1/../../../../arm-none-eabi/lib/thumb/v6-m/nofp/libstdc++_nano.a(del_ops.o)
                0x0000000000004148                operator delete(void*, unsigned int)
 .text._ZdlPv   0x0000000000004150        0x8 /home/thor/.platformio/packages/toolchain-gccarmnoneeabi@1.90201.191206/bin/../lib/gcc/arm-none-eabi/9.2.1/../../../../arm-none-eabi/lib/thumb/v6-m/nofp/libstdc++_nano.a(del_op.o)
                0x0000000000004150                operator delete(void*)
 .text.TimeStampsUpdate
                0x0000000000004158       0x38 /home/thor/.platformio/packages/framework-arduinoasrmicro650x/cores/asr650x/projects/CubeCellLib.a(timeServer.o)
 .text.TimerSetTimeout
                0x0000000000004190       0x10 /home/thor/.platformio/packages/framework-arduinoasrmicro650x/cores/asr650x/projects/CubeCellLib.a(timeServer.o)
 .text.TimerIrqHandler
                0x00000000000041a0       0x70 /home/thor/.platformio/packages/framework-arduinoasrmicro650x/cores/asr650x/projects/CubeCellLib.a(timeServer.o)
                0x00000000000041a0                TimerIrqHandler
 .text.get_timer_context
                0x0000000000004210        0xc /home/thor/.platformio/packages/framework-arduinoasrmicro650x/cores/asr650x/projects/CubeCellLib.a(lorawan_port.o)
 .text.set_timer_val
                0x000000000000421c        0xc /home/thor/.platformio/packages/framework-arduinoasrmicro650x/cores/asr650x/projects/CubeCellLib.a(lorawan_port.o)
 .text.radio_rw_dis
                0x0000000000004228        0x2 /home/thor/.platformio/packages/framework-arduinoasrmicro650x/cores/asr650x/projects/CubeCellLib.a(lorawan_port.o)
 .text.radio_rw
                0x000000000000422a        0x4 /home/thor/.platformio/packages/framework-arduinoasrmicro650x/cores/asr650x/projects/CubeCellLib.a(lorawan_port.o)
 *fill*         0x000000000000422e        0x2 
 .text.RTC_Update_ASR
                0x0000000000004230       0x28 /home/thor/.platformio/packages/framework-arduinoasrmicro650x/cores/asr650x/projects/CubeCellLib.a(lorawan_port.o)
                0x0000000000004230                RTC_Update_ASR
 .text.get_current_time
                0x0000000000004258       0x54 /home/thor/.platformio/packages/framework-arduinoasrmicro650x/cores/asr650x/projects/CubeCellLib.a(lorawan_port.o)
                0x0000000000004258                get_current_time
 .text.get_sys_time
                0x00000000000042ac       0x28 /home/thor/.platformio/packages/framework-arduinoasrmicro650x/cores/asr650x/projects/CubeCellLib.a(lorawan_port.o)
                0x00000000000042ac                get_sys_time
 .text.set_sys_time
                0x00000000000042d4       0x44 /home/thor/.platformio/packages/framework-arduinoasrmicro650x/cores/asr650x/projects/CubeCellLib.a(lorawan_port.o)
                0x00000000000042d4                set_sys_time
 .text.compute_elapsed_time
                0x0000000000004318       0x10 /home/thor/.platformio/packages/framework-arduinoasrmicro650x/cores/asr650x/projects/CubeCellLib.a(lorawan_port.o)
 .text.get_timer_elapsed_time
                0x0000000000004328       0x14 /home/thor/.platformio/packages/framework-arduinoasrmicro650x/cores/asr650x/projects/CubeCellLib.a(lorawan_port.o)
 .text.set_timer_context
                0x000000000000433c       0x14 /home/thor/.platformio/packages/framework-arduinoasrmicro650x/cores/asr650x/projects/CubeCellLib.a(lorawan_port.o)
 .text.enter_sleep_mode
                0x0000000000004350        0x8 /home/thor/.platformio/packages/framework-arduinoasrmicro650x/cores/asr650x/projects/CubeCellLib.a(lorawan_port.o)
 .text.set_alarm
                0x0000000000004358       0x20 /home/thor/.platformio/packages/framework-arduinoasrmicro650x/cores/asr650x/projects/CubeCellLib.a(lorawan_port.o)
 .text.set_timeout
                0x0000000000004378       0x2e /home/thor/.platformio/packages/framework-arduinoasrmicro650x/cores/asr650x/projects/CubeCellLib.a(lorawan_port.o)
 .text.AlarmBackHandler
                0x00000000000043a6        0x8 /home/thor/.platformio/packages/framework-arduinoasrmicro650x/cores/asr650x/projects/CubeCellLib.a(lorawan_port.o)
 .text.stop_alarm
                0x00000000000043ae        0x8 /home/thor/.platformio/packages/framework-arduinoasrmicro650x/cores/asr650x/projects/CubeCellLib.a(lorawan_port.o)
 .text.delay_ms
                0x00000000000043b6        0x8 /home/thor/.platformio/packages/framework-arduinoasrmicro650x/cores/asr650x/projects/CubeCellLib.a(lorawan_port.o)
 .text.get_mft_baud
                0x00000000000043be        0x8 /home/thor/.platformio/packages/framework-arduinoasrmicro650x/cores/asr650x/projects/CubeCellLib.a(lorawan_port.o)
 .text.set_mft_baud
                0x00000000000043c6        0x8 /home/thor/.platformio/packages/framework-arduinoasrmicro650x/cores/asr650x/projects/CubeCellLib.a(lorawan_port.o)
 .text.get_mft_sn
                0x00000000000043ce        0x8 /home/thor/.platformio/packages/framework-arduinoasrmicro650x/cores/asr650x/projects/CubeCellLib.a(lorawan_port.o)
 .text.get_mft_rev
                0x00000000000043d6        0x8 /home/thor/.platformio/packages/framework-arduinoasrmicro650x/cores/asr650x/projects/CubeCellLib.a(lorawan_port.o)
 .text.get_mft_model
                0x00000000000043de        0x8 /home/thor/.platformio/packages/framework-arduinoasrmicro650x/cores/asr650x/projects/CubeCellLib.a(lorawan_port.o)
 .text.get_mft_id
                0x00000000000043e6        0x8 /home/thor/.platformio/packages/framework-arduinoasrmicro650x/cores/asr650x/projects/CubeCellLib.a(lorawan_port.o)
 .text.radio_rw_en
                0x00000000000043ee        0x2 /home/thor/.platformio/packages/framework-arduinoasrmicro650x/cores/asr650x/projects/CubeCellLib.a(lorawan_port.o)
 .text.exit_stop_mode
                0x00000000000043f0        0x2 /home/thor/.platformio/packages/framework-arduinoasrmicro650x/cores/asr650x/projects/CubeCellLib.a(lorawan_port.o)
 .text.set_uc_wakeup_time
                0x00000000000043f2        0x2 /home/thor/.platformio/packages/framework-arduinoasrmicro650x/cores/asr650x/projects/CubeCellLib.a(lorawan_port.o)
 .text.radio_reset
                0x00000000000043f4        0x2 /home/thor/.platformio/packages/framework-arduinoasrmicro650x/cores/asr650x/projects/CubeCellLib.a(lorawan_port.o)
 .text.radio_reset_cfg_input
                0x00000000000043f6        0x2 /home/thor/.platformio/packages/framework-arduinoasrmicro650x/cores/asr650x/projects/CubeCellLib.a(lorawan_port.o)
 .text.BackupGpioDriveMode
                0x00000000000043f8      0x114 /home/thor/.platformio/packages/framework-arduinoasrmicro650x/cores/asr650x/projects/CubeCellLib.a(lorawan_port.o)
                0x00000000000043f8                BackupGpioDriveMode
 .text.RestoreGpioDriveMode
                0x000000000000450c      0x118 /home/thor/.platformio/packages/framework-arduinoasrmicro650x/cores/asr650x/projects/CubeCellLib.a(lorawan_port.o)
                0x000000000000450c                RestoreGpioDriveMode
 .text.SetPinHIZ
                0x0000000000004624       0x2e /home/thor/.platformio/packages/framework-arduinoasrmicro650x/cores/asr650x/projects/CubeCellLib.a(lorawan_port.o)
                0x0000000000004624                SetPinHIZ
 .text.UartDeepsleep
                0x0000000000004652       0x28 /home/thor/.platformio/packages/framework-arduinoasrmicro650x/cores/asr650x/projects/CubeCellLib.a(lorawan_port.o)
                0x0000000000004652                UartDeepsleep
 *fill*         0x000000000000467a        0x2 
 .text.enter_stop_mode
                0x000000000000467c       0x3c /home/thor/.platformio/packages/framework-arduinoasrmicro650x/cores/asr650x/projects/CubeCellLib.a(lorawan_port.o)
 .text.RtcInit  0x00000000000046b8       0x3c /home/thor/.platformio/packages/framework-arduinoasrmicro650x/cores/asr650x/projects/CubeCellLib.a(lorawan_port.o)
                0x00000000000046b8                RtcInit
 .text.Asr_Timer_RegisterAlarmCallback
                0x00000000000046f4       0x10 /home/thor/.platformio/packages/framework-arduinoasrmicro650x/cores/asr650x/projects/CubeCellLib.a(asr_timer.o)
                0x00000000000046f4                Asr_Timer_RegisterAlarmCallback
 .text.Asr_SetTimeout
                0x0000000000004704       0xc4 /home/thor/.platformio/packages/framework-arduinoasrmicro650x/cores/asr650x/projects/CubeCellLib.a(asr_timer.o)
                0x0000000000004704                Asr_SetTimeout
 .text.Asr_Timer_Init
                0x00000000000047c8       0x68 /home/thor/.platformio/packages/framework-arduinoasrmicro650x/cores/asr650x/projects/CubeCellLib.a(asr_timer.o)
                0x00000000000047c8                Asr_Timer_Init
 .text.Asr_Timer_Disable
                0x0000000000004830       0x18 /home/thor/.platformio/packages/framework-arduinoasrmicro650x/cores/asr650x/projects/CubeCellLib.a(asr_timer.o)
                0x0000000000004830                Asr_Timer_Disable
 .text.Timer0IsrCallback
                0x0000000000004848       0x1c /home/thor/.platformio/packages/framework-arduinoasrmicro650x/cores/asr650x/projects/CubeCellLib.a(asr_timer.o)
                0x0000000000004848                Timer0IsrCallback
 .text.Timer1IsrCallback
                0x0000000000004864       0x28 /home/thor/.platformio/packages/framework-arduinoasrmicro650x/cores/asr650x/projects/CubeCellLib.a(asr_timer.o)
                0x0000000000004864                Timer1IsrCallback
 .text.UART_2_Enable
                0x000000000000488c       0x20 /home/thor/.platformio/packages/framework-arduinoasrmicro650x/cores/asr650x/projects/CubeCellLib.a(UART_2.o)
                0x000000000000488c                UART_2_Enable
 .text.UART_2_Start
                0x00000000000048ac       0x64 /home/thor/.platformio/packages/framework-arduinoasrmicro650x/cores/asr650x/projects/CubeCellLib.a(UART_2.o)
                0x00000000000048ac                UART_2_Start
 .text.UART_1_Enable
                0x0000000000004910       0x20 /home/thor/.platformio/packages/framework-arduinoasrmicro650x/cores/asr650x/projects/CubeCellLib.a(UART_1.o)
                0x0000000000004910                UART_1_Enable
 .text.UART_1_Start
                0x0000000000004930       0x54 /home/thor/.platformio/packages/framework-arduinoasrmicro650x/cores/asr650x/projects/CubeCellLib.a(UART_1.o)
                0x0000000000004930                UART_1_Start
 .text.systemTimer
                0x0000000000004984       0x10 /home/thor/.platformio/packages/framework-arduinoasrmicro650x/cores/asr650x/projects/CubeCellLib.a(cyfitter_cfg.o)
                0x0000000000004984                systemTimer
 .text.SetAnalogRoutingPumps
                0x0000000000004994       0x1c /home/thor/.platformio/packages/framework-arduinoasrmicro650x/cores/asr650x/projects/CubeCellLib.a(cyfitter_cfg.o)
                0x0000000000004994                SetAnalogRoutingPumps
 .text.getID    0x00000000000049b0       0x18 /home/thor/.platformio/packages/framework-arduinoasrmicro650x/cores/asr650x/projects/CubeCellLib.a(ASR_Arduino.o)
                0x00000000000049b0                getID
 .text.license_check
                0x00000000000049c8      0x268 /home/thor/.platformio/packages/framework-arduinoasrmicro650x/cores/asr650x/projects/CubeCellLib.a(ASR_Arduino.o)
                0x00000000000049c8                license_check
 .text.pinMode  0x0000000000004c30       0x6c /home/thor/.platformio/packages/framework-arduinoasrmicro650x/cores/asr650x/projects/CubeCellLib.a(ASR_Arduino.o)
                0x0000000000004c30                pinMode
 .text.digitalWrite
                0x0000000000004c9c       0x68 /home/thor/.platformio/packages/framework-arduinoasrmicro650x/cores/asr650x/projects/CubeCellLib.a(ASR_Arduino.o)
                0x0000000000004c9c                digitalWrite
 .text.digitalRead
                0x0000000000004d04       0x20 /home/thor/.platformio/packages/framework-arduinoasrmicro650x/cores/asr650x/projects/CubeCellLib.a(ASR_Arduino.o)
                0x0000000000004d04                digitalRead
 .text.ClearPinInterrupt
                0x0000000000004d24       0x1c /home/thor/.platformio/packages/framework-arduinoasrmicro650x/cores/asr650x/projects/CubeCellLib.a(ASR_Arduino.o)
                0x0000000000004d24                ClearPinInterrupt
 .text.detachInterrupt
                0x0000000000004d40       0x6c /home/thor/.platformio/packages/framework-arduinoasrmicro650x/cores/asr650x/projects/CubeCellLib.a(ASR_Arduino.o)
                0x0000000000004d40                detachInterrupt
 .text.delay    0x0000000000004dac        0x8 /home/thor/.platformio/packages/framework-arduinoasrmicro650x/cores/asr650x/projects/CubeCellLib.a(ASR_Arduino.o)
                0x0000000000004dac                delay
 .text.millis   0x0000000000004db4        0xc /home/thor/.platformio/packages/framework-arduinoasrmicro650x/cores/asr650x/projects/CubeCellLib.a(ASR_Arduino.o)
                0x0000000000004db4                millis
 .text.SPI_BUSY_SetDriveMode
                0x0000000000004dc0        0x2 /home/thor/.platformio/packages/framework-arduinoasrmicro650x/cores/asr650x/projects/CubeCellLib.a(ASR_Arduino.o)
                0x0000000000004dc0                SPI_BUSY_SetDriveMode
 .text.SPI_NRESET_SetDriveMode
                0x0000000000004dc2        0x2 /home/thor/.platformio/packages/framework-arduinoasrmicro650x/cores/asr650x/projects/CubeCellLib.a(ASR_Arduino.o)
                0x0000000000004dc2                SPI_NRESET_SetDriveMode
 .text.antpow_SetDriveMode
                0x0000000000004dc4        0x2 /home/thor/.platformio/packages/framework-arduinoasrmicro650x/cores/asr650x/projects/CubeCellLib.a(ASR_Arduino.o)
                0x0000000000004dc4                antpow_SetDriveMode
 .text.SPI_1_miso_m_SetDriveMode
                0x0000000000004dc6        0x2 /home/thor/.platformio/packages/framework-arduinoasrmicro650x/cores/asr650x/projects/CubeCellLib.a(ASR_Arduino.o)
                0x0000000000004dc6                SPI_1_miso_m_SetDriveMode
 .text.SPI_1_mosi_m_SetDriveMode
                0x0000000000004dc8        0x2 /home/thor/.platformio/packages/framework-arduinoasrmicro650x/cores/asr650x/projects/CubeCellLib.a(ASR_Arduino.o)
                0x0000000000004dc8                SPI_1_mosi_m_SetDriveMode
 .text.SPI_1_sclk_m_SetDriveMode
                0x0000000000004dca        0x2 /home/thor/.platformio/packages/framework-arduinoasrmicro650x/cores/asr650x/projects/CubeCellLib.a(ASR_Arduino.o)
                0x0000000000004dca                SPI_1_sclk_m_SetDriveMode
 .text.PWM1_Stop
                0x0000000000004dcc       0x34 .pio/build/cubecell_gps/libFrameworkArduino.a(PWM1.c.o)
                0x0000000000004dcc                PWM1_Stop
 .text.PWM2_Stop
                0x0000000000004e00       0x34 .pio/build/cubecell_gps/libFrameworkArduino.a(PWM2.c.o)
                0x0000000000004e00                PWM2_Stop
 .text.global_irq_Disable
                0x0000000000004e34        0xc .pio/build/cubecell_gps/libFrameworkArduino.a(irq.c.o)
                0x0000000000004e34                global_irq_Disable
 .text.uart_pre_deepsleep
                0x0000000000004e40       0x78 .pio/build/cubecell_gps/libFrameworkArduino.a(uart_port.c.o)
                0x0000000000004e40                uart_pre_deepsleep
 .text.SPI_1_Sleep
                0x0000000000004eb8       0x20 .pio/build/cubecell_gps/libFrameworkArduino.a(SPI_1_PM.c.o)
                0x0000000000004eb8                SPI_1_Sleep
 .text.SPI_1_Wakeup
                0x0000000000004ed8       0x14 .pio/build/cubecell_gps/libFrameworkArduino.a(SPI_1_PM.c.o)
                0x0000000000004ed8                SPI_1_Wakeup
 .text.UART_1_Sleep
                0x0000000000004eec        0x8 .pio/build/cubecell_gps/libFrameworkArduino.a(UART_1_PM.c.o)
                0x0000000000004eec                UART_1_Sleep
 .text.UART_1_Wakeup
                0x0000000000004ef4        0x8 .pio/build/cubecell_gps/libFrameworkArduino.a(UART_1_PM.c.o)
                0x0000000000004ef4                UART_1_Wakeup
 .text.UART_1_SCB_IRQ_Stop
                0x0000000000004efc       0x1c .pio/build/cubecell_gps/libFrameworkArduino.a(UART_1_SCB_IRQ.c.o)
                0x0000000000004efc                UART_1_SCB_IRQ_Stop
 .text.UART_1_tx_SetDriveMode
                0x0000000000004f18       0x14 .pio/build/cubecell_gps/libFrameworkArduino.a(UART_1_tx.c.o)
                0x0000000000004f18                UART_1_tx_SetDriveMode
 .text.UART_2_SCB_IRQ_Stop
                0x0000000000004f2c       0x1c .pio/build/cubecell_gps/libFrameworkArduino.a(UART_2_SCB_IRQ.c.o)
                0x0000000000004f2c                UART_2_SCB_IRQ_Stop
 .text.CySysPmSleep
                0x0000000000004f48       0x1c .pio/build/cubecell_gps/libFrameworkArduino.a(cyPm.c.o)
                0x0000000000004f48                CySysPmSleep
 .text.CySysPmDeepSleep
                0x0000000000004f64       0x60 .pio/build/cubecell_gps/libFrameworkArduino.a(cyPm.c.o)
                0x0000000000004f64                CySysPmDeepSleep
 .text          0x0000000000004fc4      0x114 /home/thor/.platformio/packages/toolchain-gccarmnoneeabi@1.90201.191206/bin/../lib/gcc/arm-none-eabi/9.2.1/thumb/v6-m/nofp/libgcc.a(_udivsi3.o)
                0x0000000000004fc4                __udivsi3
                0x0000000000004fc4                __aeabi_uidiv
                0x00000000000050d0                __aeabi_uidivmod
 .text          0x00000000000050d8        0x4 /home/thor/.platformio/packages/toolchain-gccarmnoneeabi@1.90201.191206/bin/../lib/gcc/arm-none-eabi/9.2.1/thumb/v6-m/nofp/libgcc.a(_dvmd_tls.o)
                0x00000000000050d8                __aeabi_ldiv0
                0x00000000000050d8                __aeabi_idiv0
 .text          0x00000000000050dc       0x7c /home/thor/.platformio/packages/toolchain-gccarmnoneeabi@1.90201.191206/bin/../lib/gcc/arm-none-eabi/9.2.1/thumb/v6-m/nofp/libgcc.a(_arm_cmpdf2.o)
                0x00000000000050dc                __aeabi_cdrcmple
                0x00000000000050ec                __aeabi_cdcmple
                0x00000000000050ec                __aeabi_cdcmpeq
                0x00000000000050fc                __aeabi_dcmpeq
                0x0000000000005108                __aeabi_dcmplt
                0x000000000000511c                __aeabi_dcmple
                0x0000000000005130                __aeabi_dcmpgt
                0x0000000000005144                __aeabi_dcmpge
 .text          0x0000000000005158       0x40 /home/thor/.platformio/packages/toolchain-gccarmnoneeabi@1.90201.191206/bin/../lib/gcc/arm-none-eabi/9.2.1/thumb/v6-m/nofp/libgcc.a(_aeabi_uldivmod.o)
                0x0000000000005158                __aeabi_uldivmod
 .text.__muldi3
                0x0000000000005198       0x50 /home/thor/.platformio/packages/toolchain-gccarmnoneeabi@1.90201.191206/bin/../lib/gcc/arm-none-eabi/9.2.1/thumb/v6-m/nofp/libgcc.a(_muldi3.o)
                0x0000000000005198                __aeabi_lmul
                0x0000000000005198                __muldi3
 .text.__fixunsdfsi
                0x00000000000051e8       0x3c /home/thor/.platformio/packages/toolchain-gccarmnoneeabi@1.90201.191206/bin/../lib/gcc/arm-none-eabi/9.2.1/thumb/v6-m/nofp/libgcc.a(_fixunsdfsi.o)
                0x00000000000051e8                __fixunsdfsi
                0x00000000000051e8                __aeabi_d2uiz
 .text.__udivmoddi4
                0x0000000000005224      0x198 /home/thor/.platformio/packages/toolchain-gccarmnoneeabi@1.90201.191206/bin/../lib/gcc/arm-none-eabi/9.2.1/thumb/v6-m/nofp/libgcc.a(_udivmoddi4.o)
                0x0000000000005224                __udivmoddi4
 .text.__aeabi_fdiv
                0x00000000000053bc      0x218 /home/thor/.platformio/packages/toolchain-gccarmnoneeabi@1.90201.191206/bin/../lib/gcc/arm-none-eabi/9.2.1/thumb/v6-m/nofp/libgcc.a(divsf3.o)
                0x00000000000053bc                __aeabi_fdiv
 .text.__aeabi_ui2f
                0x00000000000055d4       0x78 /home/thor/.platformio/packages/toolchain-gccarmnoneeabi@1.90201.191206/bin/../lib/gcc/arm-none-eabi/9.2.1/thumb/v6-m/nofp/libgcc.a(floatunsisf.o)
                0x00000000000055d4                __aeabi_ui2f
 .text.__aeabi_dadd
                0x000000000000564c      0x6d4 /home/thor/.platformio/packages/toolchain-gccarmnoneeabi@1.90201.191206/bin/../lib/gcc/arm-none-eabi/9.2.1/thumb/v6-m/nofp/libgcc.a(adddf3.o)
                0x000000000000564c                __aeabi_dadd
 .text.__aeabi_ddiv
                0x0000000000005d20      0x5d0 /home/thor/.platformio/packages/toolchain-gccarmnoneeabi@1.90201.191206/bin/../lib/gcc/arm-none-eabi/9.2.1/thumb/v6-m/nofp/libgcc.a(divdf3.o)
                0x0000000000005d20                __aeabi_ddiv
 .text.__eqdf2  0x00000000000062f0       0x78 /home/thor/.platformio/packages/toolchain-gccarmnoneeabi@1.90201.191206/bin/../lib/gcc/arm-none-eabi/9.2.1/thumb/v6-m/nofp/libgcc.a(eqdf2.o)
                0x00000000000062f0                __eqdf2
                0x00000000000062f0                __nedf2
 .text.__gedf2  0x0000000000006368       0xe4 /home/thor/.platformio/packages/toolchain-gccarmnoneeabi@1.90201.191206/bin/../lib/gcc/arm-none-eabi/9.2.1/thumb/v6-m/nofp/libgcc.a(gedf2.o)
                0x0000000000006368                __gtdf2
                0x0000000000006368                __gedf2
 .text.__ledf2  0x000000000000644c       0xe0 /home/thor/.platformio/packages/toolchain-gccarmnoneeabi@1.90201.191206/bin/../lib/gcc/arm-none-eabi/9.2.1/thumb/v6-m/nofp/libgcc.a(ledf2.o)
                0x000000000000644c                __ltdf2
                0x000000000000644c                __ledf2
 .text.__aeabi_dsub
                0x000000000000652c      0x724 /home/thor/.platformio/packages/toolchain-gccarmnoneeabi@1.90201.191206/bin/../lib/gcc/arm-none-eabi/9.2.1/thumb/v6-m/nofp/libgcc.a(subdf3.o)
                0x000000000000652c                __aeabi_dsub
 .text.__aeabi_d2iz
                0x0000000000006c50       0x6c /home/thor/.platformio/packages/toolchain-gccarmnoneeabi@1.90201.191206/bin/../lib/gcc/arm-none-eabi/9.2.1/thumb/v6-m/nofp/libgcc.a(fixdfsi.o)
                0x0000000000006c50                __aeabi_d2iz
 .text.__aeabi_ui2d
                0x0000000000006cbc       0x4c /home/thor/.platformio/packages/toolchain-gccarmnoneeabi@1.90201.191206/bin/../lib/gcc/arm-none-eabi/9.2.1/thumb/v6-m/nofp/libgcc.a(floatunsidf.o)
                0x0000000000006cbc                __aeabi_ui2d
 .text.__aeabi_f2d
                0x0000000000006d08       0x90 /home/thor/.platformio/packages/toolchain-gccarmnoneeabi@1.90201.191206/bin/../lib/gcc/arm-none-eabi/9.2.1/thumb/v6-m/nofp/libgcc.a(extendsfdf2.o)
                0x0000000000006d08                __aeabi_f2d
 .text          0x0000000000006d98       0x3c /home/thor/.platformio/packages/toolchain-gccarmnoneeabi@1.90201.191206/bin/../lib/gcc/arm-none-eabi/9.2.1/thumb/v6-m/nofp/libgcc.a(_clzsi2.o)
                0x0000000000006d98                __clzsi2
 .text          0x0000000000006dd4       0x18 /home/thor/.platformio/packages/toolchain-gccarmnoneeabi@1.90201.191206/bin/../lib/gcc/arm-none-eabi/9.2.1/thumb/v6-m/nofp/libgcc.a(_clzdi2.o)
                0x0000000000006dd4                __clzdi2
 .text.__cxa_atexit
                0x0000000000006dec       0x1c /home/thor/.platformio/packages/toolchain-gccarmnoneeabi@1.90201.191206/bin/../lib/gcc/arm-none-eabi/9.2.1/../../../../arm-none-eabi/lib/thumb/v6-m/nofp/libc_nano.a(lib_a-cxa_atexit.o)
                0x0000000000006dec                __cxa_atexit
 .text.__errno  0x0000000000006e08        0xc /home/thor/.platformio/packages/toolchain-gccarmnoneeabi@1.90201.191206/bin/../lib/gcc/arm-none-eabi/9.2.1/../../../../arm-none-eabi/lib/thumb/v6-m/nofp/libc_nano.a(lib_a-errno.o)
                0x0000000000006e08                __errno
 .text.__libc_init_array
                0x0000000000006e14       0x48 /home/thor/.platformio/packages/toolchain-gccarmnoneeabi@1.90201.191206/bin/../lib/gcc/arm-none-eabi/9.2.1/../../../../arm-none-eabi/lib/thumb/v6-m/nofp/libc_nano.a(lib_a-init.o)
                0x0000000000006e14                __libc_init_array
 .text.free     0x0000000000006e5c       0x14 /home/thor/.platformio/packages/toolchain-gccarmnoneeabi@1.90201.191206/bin/../lib/gcc/arm-none-eabi/9.2.1/../../../../arm-none-eabi/lib/thumb/v6-m/nofp/libc_nano.a(lib_a-malloc.o)
                0x0000000000006e5c                free
 .text.memcpy   0x0000000000006e70       0x12 /home/thor/.platformio/packages/toolchain-gccarmnoneeabi@1.90201.191206/bin/../lib/gcc/arm-none-eabi/9.2.1/../../../../arm-none-eabi/lib/thumb/v6-m/nofp/libc_nano.a(lib_a-memcpy-stub.o)
                0x0000000000006e70                memcpy
 .text.memset   0x0000000000006e82       0x10 /home/thor/.platformio/packages/toolchain-gccarmnoneeabi@1.90201.191206/bin/../lib/gcc/arm-none-eabi/9.2.1/../../../../arm-none-eabi/lib/thumb/v6-m/nofp/libc_nano.a(lib_a-memset.o)
                0x0000000000006e82                memset
 *fill*         0x0000000000006e92        0x2 
 .text._free_r  0x0000000000006e94       0x94 /home/thor/.platformio/packages/toolchain-gccarmnoneeabi@1.90201.191206/bin/../lib/gcc/arm-none-eabi/9.2.1/../../../../arm-none-eabi/lib/thumb/v6-m/nofp/libc_nano.a(lib_a-nano-freer.o)
                0x0000000000006e94                _free_r
 .text._malloc_r
                0x0000000000006f28       0xbc /home/thor/.platformio/packages/toolchain-gccarmnoneeabi@1.90201.191206/bin/../lib/gcc/arm-none-eabi/9.2.1/../../../../arm-none-eabi/lib/thumb/v6-m/nofp/libc_nano.a(lib_a-nano-mallocr.o)
                0x0000000000006f28                _malloc_r
 .text.realloc  0x0000000000006fe4       0x14 /home/thor/.platformio/packages/toolchain-gccarmnoneeabi@1.90201.191206/bin/../lib/gcc/arm-none-eabi/9.2.1/../../../../arm-none-eabi/lib/thumb/v6-m/nofp/libc_nano.a(lib_a-realloc.o)
                0x0000000000006fe4                realloc
 .text._sbrk_r  0x0000000000006ff8       0x24 /home/thor/.platformio/packages/toolchain-gccarmnoneeabi@1.90201.191206/bin/../lib/gcc/arm-none-eabi/9.2.1/../../../../arm-none-eabi/lib/thumb/v6-m/nofp/libc_nano.a(lib_a-sbrkr.o)
                0x0000000000006ff8                _sbrk_r
 .text          0x000000000000701c       0x14 /home/thor/.platformio/packages/toolchain-gccarmnoneeabi@1.90201.191206/bin/../lib/gcc/arm-none-eabi/9.2.1/../../../../arm-none-eabi/lib/thumb/v6-m/nofp/libc_nano.a(lib_a-strcmp.o)
                0x000000000000701c                strcmp
 .text.strcpy   0x0000000000007030       0x10 /home/thor/.platformio/packages/toolchain-gccarmnoneeabi@1.90201.191206/bin/../lib/gcc/arm-none-eabi/9.2.1/../../../../arm-none-eabi/lib/thumb/v6-m/nofp/libc_nano.a(lib_a-strcpy.o)
                0x0000000000007030                strcpy
 .text          0x0000000000007040        0xe /home/thor/.platformio/packages/toolchain-gccarmnoneeabi@1.90201.191206/bin/../lib/gcc/arm-none-eabi/9.2.1/../../../../arm-none-eabi/lib/thumb/v6-m/nofp/libc_nano.a(lib_a-strlen.o)
                0x0000000000007040                strlen
 .text.__retarget_lock_acquire_recursive
                0x000000000000704e        0x2 /home/thor/.platformio/packages/toolchain-gccarmnoneeabi@1.90201.191206/bin/../lib/gcc/arm-none-eabi/9.2.1/../../../../arm-none-eabi/lib/thumb/v6-m/nofp/libc_nano.a(lib_a-lock.o)
                0x000000000000704e                __retarget_lock_acquire_recursive
 .text.__retarget_lock_release_recursive
                0x0000000000007050        0x2 /home/thor/.platformio/packages/toolchain-gccarmnoneeabi@1.90201.191206/bin/../lib/gcc/arm-none-eabi/9.2.1/../../../../arm-none-eabi/lib/thumb/v6-m/nofp/libc_nano.a(lib_a-lock.o)
                0x0000000000007050                __retarget_lock_release_recursive
 *fill*         0x0000000000007052        0x2 
 .text.__malloc_lock
                0x0000000000007054       0x10 /home/thor/.platformio/packages/toolchain-gccarmnoneeabi@1.90201.191206/bin/../lib/gcc/arm-none-eabi/9.2.1/../../../../arm-none-eabi/lib/thumb/v6-m/nofp/libc_nano.a(lib_a-mlock.o)
                0x0000000000007054                __malloc_lock
 .text.__malloc_unlock
                0x0000000000007064       0x10 /home/thor/.platformio/packages/toolchain-gccarmnoneeabi@1.90201.191206/bin/../lib/gcc/arm-none-eabi/9.2.1/../../../../arm-none-eabi/lib/thumb/v6-m/nofp/libc_nano.a(lib_a-mlock.o)
                0x0000000000007064                __malloc_unlock
 .text._realloc_r
                0x0000000000007074       0x4c /home/thor/.platformio/packages/toolchain-gccarmnoneeabi@1.90201.191206/bin/../lib/gcc/arm-none-eabi/9.2.1/../../../../arm-none-eabi/lib/thumb/v6-m/nofp/libc_nano.a(lib_a-nano-reallocr.o)
                0x0000000000007074                _realloc_r
 .text._malloc_usable_size_r
                0x00000000000070c0       0x10 /home/thor/.platformio/packages/toolchain-gccarmnoneeabi@1.90201.191206/bin/../lib/gcc/arm-none-eabi/9.2.1/../../../../arm-none-eabi/lib/thumb/v6-m/nofp/libc_nano.a(lib_a-nano-msizer.o)
                0x00000000000070c0                _malloc_usable_size_r
 *(.plt)
 *(.gnu.warning)
 *(.glue_7t)
 .glue_7t       0x00000000000070d0        0x0 linker stubs
 *(.glue_7)
 .glue_7        0x00000000000070d0        0x0 linker stubs
 *(.vfp11_veneer)
 .vfp11_veneer  0x00000000000070d0        0x0 linker stubs
 *(.bootloader)
 *(.ARM.extab* .gnu.linkonce.armextab.*)
 *(.gcc_except_table)

.v4_bx          0x00000000000070d0        0x0
 .v4_bx         0x00000000000070d0        0x0 linker stubs

.iplt           0x00000000000070d0        0x0
 .iplt          0x00000000000070d0        0x0 /home/thor/.platformio/packages/toolchain-gccarmnoneeabi@1.90201.191206/bin/../lib/gcc/arm-none-eabi/9.2.1/thumb/v6-m/nofp/crtbegin.o

.eh_frame_hdr
 *(.eh_frame_hdr)

.eh_frame       0x00000000000070d0        0x4
 *(.eh_frame)
 .eh_frame      0x00000000000070d0        0x0 /home/thor/.platformio/packages/toolchain-gccarmnoneeabi@1.90201.191206/bin/../lib/gcc/arm-none-eabi/9.2.1/thumb/v6-m/nofp/crtbegin.o
 .eh_frame      0x00000000000070d0        0x4 /home/thor/.platformio/packages/toolchain-gccarmnoneeabi@1.90201.191206/bin/../lib/gcc/arm-none-eabi/9.2.1/thumb/v6-m/nofp/crtend.o
                [!provide]                        PROVIDE (__exidx_start = .)

.ARM.exidx      0x00000000000070d4        0x8
 *(.ARM.exidx* .gnu.linkonce.armexidx.*)
 .ARM.exidx.text.__udivmoddi4
                0x00000000000070d4        0x8 /home/thor/.platformio/packages/toolchain-gccarmnoneeabi@1.90201.191206/bin/../lib/gcc/arm-none-eabi/9.2.1/thumb/v6-m/nofp/libgcc.a(_udivmoddi4.o)
                0x00000000000070dc                __exidx_end = .

.rodata         0x00000000000070dc      0x294
 *(.rodata .rodata.* .gnu.linkonce.r.*)
 .rodata.str1.1
                0x00000000000070dc        0x0 .pio/build/cubecell_gps/src/gpsTestSketch.ino.cpp.o
                                          0x2 (size before relaxing)
 .rodata.str1.1
                0x00000000000070dc       0xac .pio/build/cubecell_gps/libac4/libOnBoardGPS_Air530.a(GPS_Air530.cpp.o)
                                         0xaf (size before relaxing)
 .rodata        0x0000000000007188       0x34 .pio/build/cubecell_gps/libFrameworkArduino.a(HardwareSerial.cpp.o)
                0x0000000000007188                vtable for HardwareSerial
 .rodata.str1.1
                0x00000000000071bc       0x11 .pio/build/cubecell_gps/libFrameworkArduino.a(Print.cpp.o)
                                         0x14 (size before relaxing)
 .rodata.str1.1
                0x00000000000071cd        0x1 .pio/build/cubecell_gps/libFrameworkArduino.a(Stream.cpp.o)
 .rodata.str1.1
                0x00000000000071cd        0x7 .pio/build/cubecell_gps/libFrameworkArduino.a(printf.c.o)
 .rodata        0x00000000000071d4        0xc .pio/build/cubecell_gps/libFrameworkArduino.a(CyLFClk.c.o)
 .rodata        0x00000000000071e0       0x17 .pio/build/cubecell_gps/libFrameworkArduino.a(CyLib.c.o)
                0x00000000000071e0                cyImoFreqMhz2DpllOffset
 .rodata.str1.1
                0x00000000000071f7       0x17 .pio/build/cubecell_gps/libFrameworkArduino.a(asr_board.c.o)
 *fill*         0x000000000000720e        0x2 
 .rodata.__aeabi_fdiv
                0x0000000000007210       0x80 /home/thor/.platformio/packages/toolchain-gccarmnoneeabi@1.90201.191206/bin/../lib/gcc/arm-none-eabi/9.2.1/thumb/v6-m/nofp/libgcc.a(divsf3.o)
 .rodata.__aeabi_ddiv
                0x0000000000007290       0x40 /home/thor/.platformio/packages/toolchain-gccarmnoneeabi@1.90201.191206/bin/../lib/gcc/arm-none-eabi/9.2.1/thumb/v6-m/nofp/libgcc.a(divdf3.o)
 .rodata.__sf_fake_stderr
                0x00000000000072d0       0x20 /home/thor/.platformio/packages/toolchain-gccarmnoneeabi@1.90201.191206/bin/../lib/gcc/arm-none-eabi/9.2.1/../../../../arm-none-eabi/lib/thumb/v6-m/nofp/libc_nano.a(lib_a-findfp.o)
                0x00000000000072d0                __sf_fake_stderr
 .rodata.__sf_fake_stdin
                0x00000000000072f0       0x20 /home/thor/.platformio/packages/toolchain-gccarmnoneeabi@1.90201.191206/bin/../lib/gcc/arm-none-eabi/9.2.1/../../../../arm-none-eabi/lib/thumb/v6-m/nofp/libc_nano.a(lib_a-findfp.o)
                0x00000000000072f0                __sf_fake_stdin
 .rodata.__sf_fake_stdout
                0x0000000000007310       0x20 /home/thor/.platformio/packages/toolchain-gccarmnoneeabi@1.90201.191206/bin/../lib/gcc/arm-none-eabi/9.2.1/../../../../arm-none-eabi/lib/thumb/v6-m/nofp/libc_nano.a(lib_a-findfp.o)
                0x0000000000007310                __sf_fake_stdout
                0x0000000000007330                . = ALIGN (0x4)
 *(.init)
 .init          0x0000000000007330        0x4 /home/thor/.platformio/packages/toolchain-gccarmnoneeabi@1.90201.191206/bin/../lib/gcc/arm-none-eabi/9.2.1/thumb/v6-m/nofp/crti.o
                0x0000000000007330                _init
 .init          0x0000000000007334        0x8 /home/thor/.platformio/packages/toolchain-gccarmnoneeabi@1.90201.191206/bin/../lib/gcc/arm-none-eabi/9.2.1/thumb/v6-m/nofp/crtn.o
                0x000000000000733c                . = ALIGN (0x4)
                0x000000000000733c                __preinit_array_start = .
 *(.preinit_array)
                0x000000000000733c                __preinit_array_end = .
                0x000000000000733c                . = ALIGN (0x4)
                0x000000000000733c                __init_array_start = .
 *(SORT_BY_NAME(.init_array.*))
 *(.init_array)
 .init_array    0x000000000000733c        0x4 /home/thor/.platformio/packages/toolchain-gccarmnoneeabi@1.90201.191206/bin/../lib/gcc/arm-none-eabi/9.2.1/thumb/v6-m/nofp/crtbegin.o
 .init_array    0x0000000000007340        0x4 .pio/build/cubecell_gps/libac4/libOnBoardGPS_Air530.a(GPS_Air530.cpp.o)
 .init_array    0x0000000000007344        0x4 .pio/build/cubecell_gps/libFrameworkArduino.a(HardwareSerial.cpp.o)
 .init_array    0x0000000000007348        0x4 .pio/build/cubecell_gps/libFrameworkArduino.a(Cm0plusStart.c.o)
                0x000000000000734c                __init_array_end = .
                0x000000000000734c                . = ALIGN (0x4)
 *(.fini)
 .fini          0x000000000000734c        0x4 /home/thor/.platformio/packages/toolchain-gccarmnoneeabi@1.90201.191206/bin/../lib/gcc/arm-none-eabi/9.2.1/thumb/v6-m/nofp/crti.o
                0x000000000000734c                _fini
 .fini          0x0000000000007350        0x8 /home/thor/.platformio/packages/toolchain-gccarmnoneeabi@1.90201.191206/bin/../lib/gcc/arm-none-eabi/9.2.1/thumb/v6-m/nofp/crtn.o
                0x0000000000007358                . = ALIGN (0x4)
                0x0000000000007358                __fini_array_start = .
 *(.fini_array)
 .fini_array    0x0000000000007358        0x4 /home/thor/.platformio/packages/toolchain-gccarmnoneeabi@1.90201.191206/bin/../lib/gcc/arm-none-eabi/9.2.1/thumb/v6-m/nofp/crtbegin.o
 *(SORT_BY_NAME(.fini_array.*))
                0x000000000000735c                __fini_array_end = .
                0x000000000000735c                . = ALIGN (0x4)
 *crtbegin.o(.ctors)
 *(EXCLUDE_FILE(*crtend.o) .ctors)
 *(SORT_BY_NAME(.ctors.*))
 *crtend.o(.ctors)
                0x000000000000735c                . = ALIGN (0x4)
 *crtbegin.o(.dtors)
 *(EXCLUDE_FILE(*crtend.o) .dtors)
 *(SORT_BY_NAME(.dtors.*))
 *crtend.o(.dtors)
                0x000000000000735c                . = ALIGN (0x4)
                0x000000000000735c                __cy_regions = .
                0x000000000000735c        0x4 LONG 0x7370 __cy_region_init_ram
                0x0000000000007360        0x4 LONG 0x200000b8 __cy_region_start_data
                0x0000000000007364        0x4 LONG 0x100 __cy_region_init_size_ram
                0x0000000000007368        0x4 LONG 0x5d0 __cy_region_zero_size_ram
                0x000000000000736c                __cy_regions_end = .
                0x0000000000007370                . = ALIGN (0x8)
 *fill*         0x000000000000736c        0x4 
                0x0000000000007370                _etext = .

.ramvectors     0x0000000020000000       0xb0
                0x0000000020000000                __cy_region_start_ram = .
 *(.ramvectors)
 .ramvectors    0x0000000020000000       0xb0 .pio/build/cubecell_gps/libFrameworkArduino.a(Cm0plusStart.c.o)
                0x0000000020000000                CyRamVectors

.btldr_run      0x00000000200000b0        0x4
 *(.bootloaderruntype)
 .bootloaderruntype
                0x00000000200000b0        0x4 .pio/build/cubecell_gps/libFrameworkArduino.a(Cm0plusStart.c.o)
                0x00000000200000b0                cyBtldrRunType

.noinit
 *(.noinit)

.data           0x00000000200000b8      0x100 load address 0x0000000000007370
                0x00000000200000b8                __cy_region_start_data = .
 *(.jcr)
 *(.got.plt)
 *(.got)
 *(.shdata)
 *(.data .data.* .gnu.linkonce.d.*)
 .data.__dso_handle
                0x00000000200000b8        0x4 /home/thor/.platformio/packages/toolchain-gccarmnoneeabi@1.90201.191206/bin/../lib/gcc/arm-none-eabi/9.2.1/thumb/v6-m/nofp/crtbegin.o
                0x00000000200000b8                __dso_handle
 .data          0x00000000200000bc        0x4 .pio/build/cubecell_gps/libFrameworkArduino.a(Cm0plusStart.c.o)
 .data          0x00000000200000c0        0x4 .pio/build/cubecell_gps/libFrameworkArduino.a(CyLFClk.c.o)
 .data          0x00000000200000c4       0x14 .pio/build/cubecell_gps/libFrameworkArduino.a(CyLib.c.o)
                0x00000000200000c4                CySysClkPumpConfig
                0x00000000200000c8                cydelay32kMs
                0x00000000200000cc                cydelayFreqKhz
                0x00000000200000d0                cydelayFreqMhz
                0x00000000200000d4                cydelayFreqHz
 .data          0x00000000200000d8        0x1 .pio/build/cubecell_gps/libFrameworkArduino.a(UART_1_UART.c.o)
                0x00000000200000d8                UART_1_skipStart
 *fill*         0x00000000200000d9        0x3 
 .data          0x00000000200000dc        0x9 .pio/build/cubecell_gps/libFrameworkArduino.a(asr_board.c.o)
                0x00000000200000dc                g_log_level
                0x00000000200000e4                UseTCXO
 *fill*         0x00000000200000e5        0x3 
 .data          0x00000000200000e8       0x6c /home/thor/.platformio/packages/framework-arduinoasrmicro650x/cores/asr650x/projects/CubeCellLib.a(lorawan_port.o)
                0x00000000200000e8                aos_mft_itf
                0x0000000020000100                aos_lrwan_radio_ctrl
                0x0000000020000114                aos_lrwan_time_itf
                0x0000000020000148                aos_lrwan_chg_mode
 .data._impure_ptr
                0x0000000020000154        0x4 /home/thor/.platformio/packages/toolchain-gccarmnoneeabi@1.90201.191206/bin/../lib/gcc/arm-none-eabi/9.2.1/../../../../arm-none-eabi/lib/thumb/v6-m/nofp/libc_nano.a(lib_a-impure.o)
                0x0000000020000154                _impure_ptr
 .data.impure_data
                0x0000000020000158       0x60 /home/thor/.platformio/packages/toolchain-gccarmnoneeabi@1.90201.191206/bin/../lib/gcc/arm-none-eabi/9.2.1/../../../../arm-none-eabi/lib/thumb/v6-m/nofp/libc_nano.a(lib_a-impure.o)
                0x00000000200001b8                . = ALIGN (0x8)
 *(.ram)
                0x00000000200001b8                _edata = .

.igot.plt       0x00000000200001b8        0x0 load address 0x0000000000007470
 .igot.plt      0x00000000200001b8        0x0 /home/thor/.platformio/packages/toolchain-gccarmnoneeabi@1.90201.191206/bin/../lib/gcc/arm-none-eabi/9.2.1/thumb/v6-m/nofp/crtbegin.o

.bss            0x00000000200001b8      0x5d0 load address 0x0000000000007470
                0x00000000200001b8                PROVIDE (__bss_start__ = .)
 *(.shbss)
 *(.bss .bss.* .gnu.linkonce.b.*)
 .bss.completed.8911
                0x00000000200001b8        0x1 /home/thor/.platformio/packages/toolchain-gccarmnoneeabi@1.90201.191206/bin/../lib/gcc/arm-none-eabi/9.2.1/thumb/v6-m/nofp/crtbegin.o
 *fill*         0x00000000200001b9        0x3 
 .bss.object.8916
                0x00000000200001bc       0x18 /home/thor/.platformio/packages/toolchain-gccarmnoneeabi@1.90201.191206/bin/../lib/gcc/arm-none-eabi/9.2.1/thumb/v6-m/nofp/crtbegin.o
 .bss           0x00000000200001d4       0xf4 .pio/build/cubecell_gps/libac4/libOnBoardGPS_Air530.a(GPS_Air530.cpp.o)
                0x00000000200001d4                GPSSerial
                0x00000000200001ec                Air530
 .bss           0x00000000200002c8       0x30 .pio/build/cubecell_gps/libFrameworkArduino.a(HardwareSerial.cpp.o)
                0x00000000200002c8                Serial
                0x00000000200002e0                Serial1
 .bss           0x00000000200002f8       0x18 .pio/build/cubecell_gps/libFrameworkArduino.a(CyLFClk.c.o)
 .bss           0x0000000020000310       0x18 .pio/build/cubecell_gps/libFrameworkArduino.a(CyLib.c.o)
                0x0000000020000324                CySysTickInitVar
 .bss           0x0000000020000328       0x34 .pio/build/cubecell_gps/libFrameworkArduino.a(asr_board.c.o)
                0x0000000020000328                gPaOptSetting
                0x0000000020000330                gChipId
                0x0000000020000344                DeviceSel
                0x0000000020000350                AntPow
 .bss           0x000000002000035c      0x213 .pio/build/cubecell_gps/libFrameworkArduino.a(radio.c.o)
                0x000000002000035c                IrqFired
                0x0000000020000364                TxTimeoutTimer
                0x0000000020000378                RxTimeoutTimer
                0x000000002000038c                CadTimeoutTimer
                0x00000000200003a0                TxTimeout
                0x00000000200003a4                RxContinuous
                0x00000000200003a8                RxTimeout
                0x00000000200003ac                RadioPktStatus
                0x00000000200003c4                SX126x
                0x0000000020000470                RadioRxPayload
 *fill*         0x000000002000056f        0x1 
 .bss           0x0000000020000570        0x8 .pio/build/cubecell_gps/libFrameworkArduino.a(sx126x.c.o)
                0x0000000020000574                FrequencyError
 .bss           0x0000000020000578        0x4 .pio/build/cubecell_gps/libFrameworkArduino.a(SPI_1.c.o)
                0x0000000020000578                SPI_1_initVar
                0x000000002000057a                SPI_1_IntrTxMask
 .bss           0x000000002000057c        0x4 /home/thor/.platformio/packages/framework-arduinoasrmicro650x/cores/asr650x/projects/CubeCellLib.a(timeServer.o)
 .bss           0x0000000020000580       0x21 /home/thor/.platformio/packages/framework-arduinoasrmicro650x/cores/asr650x/projects/CubeCellLib.a(lorawan_port.o)
                0x00000000200005a0                HasLoopedThroughMain
 *fill*         0x00000000200005a1        0x3 
 .bss           0x00000000200005a4        0xc /home/thor/.platformio/packages/framework-arduinoasrmicro650x/cores/asr650x/projects/CubeCellLib.a(asr_timer.o)
 .bss           0x00000000200005b0        0xa /home/thor/.platformio/packages/framework-arduinoasrmicro650x/cores/asr650x/projects/CubeCellLib.a(UART_2.o)
                0x00000000200005b0                UART_2_initVar
                0x00000000200005b4                UART_2_customIntrHandler
                0x00000000200005b8                UART_2_IntrTxMask
 *fill*         0x00000000200005ba        0x2 
 .bss           0x00000000200005bc        0xa /home/thor/.platformio/packages/framework-arduinoasrmicro650x/cores/asr650x/projects/CubeCellLib.a(UART_1.o)
                0x00000000200005bc                UART_1_initVar
                0x00000000200005c0                UART_1_customIntrHandler
                0x00000000200005c4                UART_1_IntrTxMask
 *fill*         0x00000000200005c6        0x2 
 .bss           0x00000000200005c8        0x4 /home/thor/.platformio/packages/framework-arduinoasrmicro650x/cores/asr650x/projects/CubeCellLib.a(cyfitter_cfg.o)
                0x00000000200005c8                systime
 .bss           0x00000000200005cc      0x13e /home/thor/.platformio/packages/framework-arduinoasrmicro650x/cores/asr650x/projects/CubeCellLib.a(ASR_Arduino.o)
                0x00000000200005cc                GpioIrqNumber
                0x00000000200005cd                GpioIrq
                0x000000002000060c                GpioIrqHandlerCallback
 .bss           0x000000002000070a        0x1 .pio/build/cubecell_gps/libFrameworkArduino.a(SPI_1_PM.c.o)
                0x000000002000070a                SPI_1_backup
 *fill*         0x000000002000070b        0x1 
 .bss.__malloc_free_list
                0x000000002000070c        0x4 /home/thor/.platformio/packages/toolchain-gccarmnoneeabi@1.90201.191206/bin/../lib/gcc/arm-none-eabi/9.2.1/../../../../arm-none-eabi/lib/thumb/v6-m/nofp/libc_nano.a(lib_a-nano-mallocr.o)
                0x000000002000070c                __malloc_free_list
 .bss.__malloc_sbrk_start
                0x0000000020000710        0x4 /home/thor/.platformio/packages/toolchain-gccarmnoneeabi@1.90201.191206/bin/../lib/gcc/arm-none-eabi/9.2.1/../../../../arm-none-eabi/lib/thumb/v6-m/nofp/libc_nano.a(lib_a-nano-mallocr.o)
                0x0000000020000710                __malloc_sbrk_start
 *(COMMON)
 COMMON         0x0000000020000714       0x64 /home/thor/.platformio/packages/framework-arduinoasrmicro650x/cores/asr650x/projects/CubeCellLib.a(lorawan_port.o)
                0x0000000020000714                gpio_base_backup
                0x0000000020000734                pc2_backup
                0x0000000020000754                pc_backup
                0x0000000020000774                port_backup
 COMMON         0x0000000020000778        0x9 /home/thor/.platformio/packages/toolchain-gccarmnoneeabi@1.90201.191206/bin/../lib/gcc/arm-none-eabi/9.2.1/../../../../arm-none-eabi/lib/thumb/v6-m/nofp/libc_nano.a(lib_a-lock.o)
                0x0000000020000778                __lock___atexit_recursive_mutex
                0x0000000020000779                __lock___arc4random_mutex
                0x000000002000077a                __lock___env_recursive_mutex
                0x000000002000077b                __lock___sinit_recursive_mutex
                0x000000002000077c                __lock___malloc_recursive_mutex
                0x000000002000077d                __lock___at_quick_exit_mutex
                0x000000002000077e                __lock___dd_hash_mutex
                0x000000002000077f                __lock___tz_mutex
                0x0000000020000780                __lock___sfp_recursive_mutex
 *fill*         0x0000000020000781        0x3 
 COMMON         0x0000000020000784        0x4 /home/thor/.platformio/packages/toolchain-gccarmnoneeabi@1.90201.191206/bin/../lib/gcc/arm-none-eabi/9.2.1/../../../../arm-none-eabi/lib/thumb/v6-m/nofp/libc_nano.a(lib_a-reent.o)
                0x0000000020000784                errno
                0x0000000020000788                . = ALIGN (0x8)
 *(.ram.b)
                0x0000000020000788                _end = .
                0x0000000020000788                __end = .
                0x0000000020000788                PROVIDE (end = .)
                0x0000000020000788                PROVIDE (__bss_end__ = .)
                0x0000000000007370                __cy_region_init_ram = LOADADDR (.data)
                0x0000000000000100                __cy_region_init_size_ram = (_edata - ADDR (.data))
                0x00000000000005d0                __cy_region_zero_size_ram = (_end - _edata)

.heap           0x0000000020000788     0x1000 load address 0x0000000000007470
                0x0000000020000788                . = _end
                0x0000000020001788                . = (. + 0x1000)
 *fill*         0x0000000020000788     0x1000 
                0x0000000020001788                __cy_heap_limit = .

.stack          0x0000000020003800      0x800
                0x0000000020003800                __cy_stack_limit = .
                0x0000000020004000                . = (. + 0x800)
 *fill*         0x0000000020003800      0x800 
                0x0000000000000001                ASSERT ((__cy_stack_limit >= __cy_heap_limit), region RAM overflowed with stack)

.cy_checksum_exclude
                0x000000000001ff00        0x0
 *(.cy_checksum_exclude)
                0x0000000000000000                cy_checksum_exclude_size = (CY_APPL_LOADABLE == 0x1)?SIZEOF (.cy_checksum_exclude):0x0
                0x0000000000000001                ASSERT ((cy_checksum_exclude_size <= CY_CHECKSUM_EXCLUDE_SIZE), CY_BOOT: Section .cy_checksum_exclude size exceedes specified limit.)
                0x00000000f0000000                cyloadermeta_start = (cy_project_type_bootloader || cy_project_type_app_for_stack_and_copier)?(LENGTH (rom) - CY_METADATA_SIZE):0xf0000000

.cyloadermeta   0x00000000f0000000       0x40
 *(.cyloadermeta)
 .cyloadermeta  0x00000000f0000000       0x40 .pio/build/cubecell_gps/libFrameworkArduino.a(cybootloader.c.o)
                0x00000000f0000000                cy_meta_loader
                0x000000000001ffc0                cyloadablemeta_start = cy_project_type_app_for_stack_and_copier?((LENGTH (rom) - CY_FLASH_ROW_SIZE) - CY_METADATA_SIZE):((LENGTH (rom) - (CY_FLASH_ROW_SIZE * (CY_APPL_NUM - 0x1))) - CY_METADATA_SIZE)

.cyloadablemeta
                0x000000000001ffc0       0x40
 *(.cyloadablemeta)
 .cyloadablemeta
                0x000000000001ffc0       0x40 .pio/build/cubecell_gps/libFrameworkArduino.a(cymetadata.c.o)
                0x000000000001ffc0                cy_meta_loadable

.cyflashprotect
                0x0000000090400000       0x40
 *(.cyflashprotect)
 .cyflashprotect
                0x0000000090400000       0x40 .pio/build/cubecell_gps/libFrameworkArduino.a(cybootloader.c.o)
                0x0000000090400000                cy_meta_flashprotect

.cymeta         0x0000000090500000        0xc
 *(.cymeta)
 .cymeta        0x0000000090500000        0xc .pio/build/cubecell_gps/libFrameworkArduino.a(cybootloader.c.o)
                0x0000000090500000                cy_metadata

.cychipprotect  0x0000000090600000        0x1
 *(.cychipprotect)
 .cychipprotect
                0x0000000090600000        0x1 .pio/build/cubecell_gps/libFrameworkArduino.a(cybootloader.c.o)
                0x0000000090600000                cy_meta_chipprotect

.rel.dyn        0x0000000000020000        0x0
 .rel.iplt      0x0000000000020000        0x0 /home/thor/.platformio/packages/toolchain-gccarmnoneeabi@1.90201.191206/bin/../lib/gcc/arm-none-eabi/9.2.1/thumb/v6-m/nofp/crtbegin.o

.stab
 *(.stab)

.stabstr        0x0000000000000000      0x14b
 *(.stabstr)
 .stabstr       0x0000000000000000      0x14b /home/thor/.platformio/packages/toolchain-gccarmnoneeabi@1.90201.191206/bin/../lib/gcc/arm-none-eabi/9.2.1/../../../../arm-none-eabi/lib/thumb/v6-m/nofp/libnosys.a(close.o)

.debug
 *(.debug)

.line
 *(.line)

.debug_srcinfo
 *(.debug_srcinfo)

.debug_sfnames
 *(.debug_sfnames)

.debug_aranges  0x0000000000000000      0x360
 *(.debug_aranges)
 .debug_aranges
                0x0000000000000000       0x88 /home/thor/.platformio/packages/framework-arduinoasrmicro650x/cores/asr650x/projects/CubeCellLib.a(timeServer.o)
 .debug_aranges
                0x0000000000000088      0x108 /home/thor/.platformio/packages/framework-arduinoasrmicro650x/cores/asr650x/projects/CubeCellLib.a(lorawan_port.o)
 .debug_aranges
                0x0000000000000190       0x50 /home/thor/.platformio/packages/framework-arduinoasrmicro650x/cores/asr650x/projects/CubeCellLib.a(asr_timer.o)
 .debug_aranges
                0x00000000000001e0       0x50 /home/thor/.platformio/packages/framework-arduinoasrmicro650x/cores/asr650x/projects/CubeCellLib.a(UART_2.o)
 .debug_aranges
                0x0000000000000230       0x50 /home/thor/.platformio/packages/framework-arduinoasrmicro650x/cores/asr650x/projects/CubeCellLib.a(UART_1.o)
 .debug_aranges
                0x0000000000000280       0x30 /home/thor/.platformio/packages/framework-arduinoasrmicro650x/cores/asr650x/projects/CubeCellLib.a(cyfitter_cfg.o)
 .debug_aranges
                0x00000000000002b0       0xb0 /home/thor/.platformio/packages/framework-arduinoasrmicro650x/cores/asr650x/projects/CubeCellLib.a(ASR_Arduino.o)

.debug_pubnames
 *(.debug_pubnames)

.debug_info     0x0000000000000000     0x3a1d
 *(.debug_info .gnu.linkonce.wi.*)
 .debug_info    0x0000000000000000      0x7f0 /home/thor/.platformio/packages/framework-arduinoasrmicro650x/cores/asr650x/projects/CubeCellLib.a(timeServer.o)
 .debug_info    0x00000000000007f0      0xdf7 /home/thor/.platformio/packages/framework-arduinoasrmicro650x/cores/asr650x/projects/CubeCellLib.a(lorawan_port.o)
 .debug_info    0x00000000000015e7      0x5f0 /home/thor/.platformio/packages/framework-arduinoasrmicro650x/cores/asr650x/projects/CubeCellLib.a(asr_timer.o)
 .debug_info    0x0000000000001bd7      0x67e /home/thor/.platformio/packages/framework-arduinoasrmicro650x/cores/asr650x/projects/CubeCellLib.a(UART_2.o)
 .debug_info    0x0000000000002255      0x5f5 /home/thor/.platformio/packages/framework-arduinoasrmicro650x/cores/asr650x/projects/CubeCellLib.a(UART_1.o)
 .debug_info    0x000000000000284a      0x276 /home/thor/.platformio/packages/framework-arduinoasrmicro650x/cores/asr650x/projects/CubeCellLib.a(cyfitter_cfg.o)
 .debug_info    0x0000000000002ac0      0xf5d /home/thor/.platformio/packages/framework-arduinoasrmicro650x/cores/asr650x/projects/CubeCellLib.a(ASR_Arduino.o)

.debug_abbrev   0x0000000000000000     0x10a4
 *(.debug_abbrev)