Archive member included to satisfy reference by file (symbol)

/home/thor/.platformio/packages/framework-arduinoasrmicro650x/cores/asr650x/projects/CubeCellLib.a(ASR_Arduino.o)
                              .pio/build/cubecell_gps/src/gpsTestSketch.ino.cpp.o (delay)
/home/thor/.platformio/packages/framework-arduinoasrmicro650x/cores/asr650x/projects/CubeCellLib.a(cyfitter_cfg.o)
                              /home/thor/.platformio/packages/framework-arduinoasrmicro650x/cores/asr650x/projects/CubeCellLib.a(ASR_Arduino.o) (systime)
.pio/build/cubecell_gps/libac4/libOnBoardGPS_Air530.a(CubeCell_TinyGPS++.cpp.o)
                              .pio/build/cubecell_gps/src/gpsTestSketch.ino.cpp.o (TinyGPSLocation::lat())
.pio/build/cubecell_gps/libac4/libOnBoardGPS_Air530.a(GPS_Air530.cpp.o)
                              .pio/build/cubecell_gps/src/gpsTestSketch.ino.cpp.o (Air530Class::begin())
.pio/build/cubecell_gps/libFrameworkArduino.a(HardwareSerial.cpp.o)
                              .pio/build/cubecell_gps/libac4/libOnBoardGPS_Air530.a(GPS_Air530.cpp.o) (HardwareSerial::available())
.pio/build/cubecell_gps/libFrameworkArduino.a(ADC_SAR_Seq.c.o)
                              /home/thor/.platformio/packages/framework-arduinoasrmicro650x/cores/asr650x/projects/CubeCellLib.a(ASR_Arduino.o) (ADC_SAR_Seq_Start)
.pio/build/cubecell_gps/libFrameworkArduino.a(ADC_SAR_Seq_INT.c.o)
                              .pio/build/cubecell_gps/libFrameworkArduino.a(ADC_SAR_Seq.c.o) (ADC_SAR_Seq_ISR)
.pio/build/cubecell_gps/libFrameworkArduino.a(PWM1.c.o)
                              /home/thor/.platformio/packages/framework-arduinoasrmicro650x/cores/asr650x/projects/CubeCellLib.a(ASR_Arduino.o) (PWM1_Stop)
.pio/build/cubecell_gps/libFrameworkArduino.a(PWM2.c.o)
                              /home/thor/.platformio/packages/framework-arduinoasrmicro650x/cores/asr650x/projects/CubeCellLib.a(ASR_Arduino.o) (PWM2_Stop)
.pio/build/cubecell_gps/libFrameworkArduino.a(Print.cpp.o)
                              .pio/build/cubecell_gps/libac4/libOnBoardGPS_Air530.a(GPS_Air530.cpp.o) (Print::print(String const&))
.pio/build/cubecell_gps/libFrameworkArduino.a(Stream.cpp.o)
                              .pio/build/cubecell_gps/libFrameworkArduino.a(HardwareSerial.cpp.o) (Stream::readBytes(char*, unsigned int))
.pio/build/cubecell_gps/libFrameworkArduino.a(WString.cpp.o)
                              .pio/build/cubecell_gps/libac4/libOnBoardGPS_Air530.a(GPS_Air530.cpp.o) (String::~String())
.pio/build/cubecell_gps/libFrameworkArduino.a(irq.c.o)
                              /home/thor/.platformio/packages/framework-arduinoasrmicro650x/cores/asr650x/projects/CubeCellLib.a(ASR_Arduino.o) (global_irq_StartEx)
.pio/build/cubecell_gps/libFrameworkArduino.a(stdlib_noniso.c.o)
                              .pio/build/cubecell_gps/libFrameworkArduino.a(WString.cpp.o) (ltoa)
.pio/build/cubecell_gps/libFrameworkArduino.a(radio.c.o)
                              .pio/build/cubecell_gps/src/gpsTestSketch.ino.cpp.o (Radio)
.pio/build/cubecell_gps/libFrameworkArduino.a(sx126x.c.o)
                              .pio/build/cubecell_gps/libFrameworkArduino.a(radio.c.o) (SX126xGetOperatingMode)
.pio/build/cubecell_gps/libFrameworkArduino.a(delay.c.o)
                              .pio/build/cubecell_gps/libFrameworkArduino.a(radio.c.o) (DelayMs)
.pio/build/cubecell_gps/libFrameworkArduino.a(utilities.c.o)
                              .pio/build/cubecell_gps/libFrameworkArduino.a(radio.c.o) (rand1)
.pio/build/cubecell_gps/libFrameworkArduino.a(main.cpp.o)
                              /home/thor/.platformio/packages/toolchain-gccarmnoneeabi@1.90201.191206/bin/../lib/gcc/arm-none-eabi/9.2.1/../../../../arm-none-eabi/lib/thumb/v6-m/nofp/crt0.o (main)
.pio/build/cubecell_gps/libFrameworkArduino.a(printf.c.o)
                              .pio/build/cubecell_gps/src/gpsTestSketch.ino.cpp.o (__wrap_sprintf)
.pio/build/cubecell_gps/libFrameworkArduino.a(Cm0plusStart.c.o)
                              .pio/build/cubecell_gps/libFrameworkArduino.a(irq.c.o) (IntDefaultHandler)
.pio/build/cubecell_gps/libFrameworkArduino.a(CyBootAsmGnu.S.o)
                              .pio/build/cubecell_gps/libFrameworkArduino.a(PWM1.c.o) (CyEnterCriticalSection)
.pio/build/cubecell_gps/libFrameworkArduino.a(CyLFClk.c.o)
                              /home/thor/.platformio/packages/framework-arduinoasrmicro650x/cores/asr650x/projects/CubeCellLib.a(cyfitter_cfg.o) (CySysClkWcoStart)
.pio/build/cubecell_gps/libFrameworkArduino.a(CyLib.c.o)
                              /home/thor/.platformio/packages/framework-arduinoasrmicro650x/cores/asr650x/projects/CubeCellLib.a(cyfitter_cfg.o) (CyIntSetVector)
.pio/build/cubecell_gps/libFrameworkArduino.a(UART_1_SPI_UART.c.o)
                              .pio/build/cubecell_gps/libFrameworkArduino.a(HardwareSerial.cpp.o) (UART_1_SpiUartGetRxBufferSize)
.pio/build/cubecell_gps/libFrameworkArduino.a(UART_1_UART.c.o)
[...]
Memory Configuration

Name             Origin             Length             Attributes
rom              0x0000000000000000 0x0000000000020000 xr
ram              0x0000000020000000 0x0000000000004000 xrw
*default*        0x0000000000000000 0xffffffffffffffff

Linker script and memory map

LOAD /home/thor/.platformio/packages/toolchain-gccarmnoneeabi@1.90201.191206/bin/../lib/gcc/arm-none-eabi/9.2.1/thumb/v6-m/nofp/crti.o
LOAD /home/thor/.platformio/packages/toolchain-gccarmnoneeabi@1.90201.191206/bin/../lib/gcc/arm-none-eabi/9.2.1/thumb/v6-m/nofp/crtbegin.o
LOAD /home/thor/.platformio/packages/toolchain-gccarmnoneeabi@1.90201.191206/bin/../lib/gcc/arm-none-eabi/9.2.1/../../../../arm-none-eabi/lib/thumb/v6-m/nofp/crt0.o
LOAD .pio/build/cubecell_gps/src/gpsTestSketch.ino.cpp.o
START GROUP
LOAD /home/thor/.platformio/packages/framework-arduinoasrmicro650x/cores/asr650x/projects/CubeCellLib.a
LOAD .pio/build/cubecell_gps/libac4/libOnBoardGPS_Air530.a
LOAD .pio/build/cubecell_gps/lib9b8/libRGB.a
LOAD .pio/build/cubecell_gps/libbc3/libOLED.a
LOAD .pio/build/cubecell_gps/lib887/libLoRa.a
LOAD .pio/build/cubecell_gps/libFrameworkArduinoVariant.a
LOAD .pio/build/cubecell_gps/libFrameworkArduino.a
LOAD /home/thor/.platformio/packages/toolchain-gccarmnoneeabi@1.90201.191206/bin/../lib/gcc/arm-none-eabi/9.2.1/../../../../arm-none-eabi/lib/thumb/v6-m/nofp/libstdc++_nano.a
END GROUP
LOAD /home/thor/.platformio/packages/toolchain-gccarmnoneeabi@1.90201.191206/bin/../lib/gcc/arm-none-eabi/9.2.1/../../../../arm-none-eabi/lib/thumb/v6-m/nofp/libstdc++_nano.a
LOAD /home/thor/.platformio/packages/toolchain-gccarmnoneeabi@1.90201.191206/bin/../lib/gcc/arm-none-eabi/9.2.1/../../../../arm-none-eabi/lib/thumb/v6-m/nofp/libm.a
START GROUP
LOAD /home/thor/.platformio/packages/toolchain-gccarmnoneeabi@1.90201.191206/bin/../lib/gcc/arm-none-eabi/9.2.1/thumb/v6-m/nofp/libgcc.a
LOAD /home/thor/.platformio/packages/toolchain-gccarmnoneeabi@1.90201.191206/bin/../lib/gcc/arm-none-eabi/9.2.1/../../../../arm-none-eabi/lib/thumb/v6-m/nofp/libc_nano.a
END GROUP
START GROUP
LOAD /home/thor/.platformio/packages/toolchain-gccarmnoneeabi@1.90201.191206/bin/../lib/gcc/arm-none-eabi/9.2.1/thumb/v6-m/nofp/libgcc.a
LOAD /home/thor/.platformio/packages/toolchain-gccarmnoneeabi@1.90201.191206/bin/../lib/gcc/arm-none-eabi/9.2.1/../../../../arm-none-eabi/lib/thumb/v6-m/nofp/libc_nano.a
END GROUP
LOAD /home/thor/.platformio/packages/toolchain-gccarmnoneeabi@1.90201.191206/bin/../lib/gcc/arm-none-eabi/9.2.1/thumb/v6-m/nofp/crtend.o
LOAD /home/thor/.platformio/packages/toolchain-gccarmnoneeabi@1.90201.191206/bin/../lib/gcc/arm-none-eabi/9.2.1/thumb/v6-m/nofp/crtn.o
START GROUP
LOAD /home/thor/.platformio/packages/toolchain-gccarmnoneeabi@1.90201.191206/bin/../lib/gcc/arm-none-eabi/9.2.1/thumb/v6-m/nofp/libgcc.a
LOAD /home/thor/.platformio/packages/toolchain-gccarmnoneeabi@1.90201.191206/bin/../lib/gcc/arm-none-eabi/9.2.1/../../../../arm-none-eabi/lib/thumb/v6-m/nofp/libc.a
LOAD /home/thor/.platformio/packages/toolchain-gccarmnoneeabi@1.90201.191206/bin/../lib/gcc/arm-none-eabi/9.2.1/../../../../arm-none-eabi/lib/thumb/v6-m/nofp/libnosys.a
END GROUP
                0x0000000000000000                CY_APPL_ORIGIN = 0x0
                0x0000000000000100                CY_FLASH_ROW_SIZE = 0x100
                0x0000000000000001                CY_APPL_NUM = 0x1
                0x0000000000000001                CY_APPL_MAX = 0x1
                0x0000000000000040                CY_METADATA_SIZE = 0x40
                0x0000000000000001                CY_APPL_LOADABLE = 0x1
                0x0000000000000000                CY_CHECKSUM_EXCLUDE_SIZE = ALIGN (0x0, CY_FLASH_ROW_SIZE)
                0x0000000000000000                CY_APP_FOR_STACK_AND_COPIER = 0x0
                [!provide]                        PROVIDE (__cy_heap_start = _end)
                0x0000000000000001                PROVIDE (__cy_region_num = ((__cy_regions_end - __cy_regions) / 0x10))
                0x0000000020004000                PROVIDE (__cy_stack = (ORIGIN (ram) + LENGTH (ram)))
                [!provide]                        PROVIDE (__cy_heap_end = (__cy_stack - 0x800))

.cybootloader   0x0000000000000000     0x2200
 *(.cybootloader)
 .cybootloader  0x0000000000000000     0x2200 .pio/build/cubecell_gps/libFrameworkArduino.a(cybootloader.c.o)
                0x0000000000000000                cy_bootloader
                0x0000000000002200                appl1_start = CY_APPL_ORIGIN?CY_APPL_ORIGIN:ALIGN (CY_FLASH_ROW_SIZE)
                0x0000000000011000                appl2_start = (appl1_start + ALIGN ((((LENGTH (rom) - appl1_start) - (0x2 * CY_FLASH_ROW_SIZE)) / 0x2), CY_FLASH_ROW_SIZE))
                0x0000000000002200                appl_start = (CY_APPL_NUM == 0x1)?appl1_start:appl2_start
                0x0000000000000000                cy_project_type_bootloader = (appl_start == 0x0)?0x1:0x0
                0x0000000000000000                cy_project_type_app_for_stack_and_copier = (CY_APP_FOR_STACK_AND_COPIER == 0x1)?0x1:0x0

.text           0x0000000000002200     0xa0b0
 CREATE_OBJECT_SYMBOLS
                0x0000000000002200                PROVIDE (__cy_interrupt_vector = RomVectors)
 *(.romvectors)
 .romvectors    0x0000000000002200       0x10 .pio/build/cubecell_gps/libFrameworkArduino.a(Cm0plusStart.c.o)
                0x0000000000002200                RomVectors
                0x0000000000000001                ASSERT ((. != __cy_interrupt_vector), No interrupt vector)
                0x0000000000000001                ASSERT (CY_APPL_ORIGIN?(SIZEOF (.cybootloader) <= CY_APPL_ORIGIN):0x1, Wrong image location)
                0x0000000000002210                PROVIDE (__cy_reset = Reset)
 *(.text.Reset)
 .text.Reset    0x0000000000002210       0x18 .pio/build/cubecell_gps/libFrameworkArduino.a(Cm0plusStart.c.o)
                0x0000000000002210                Reset
                0x0000000000000001                ASSERT ((. != __cy_reset), No reset code)
 *(.psocinit)
 .psocinit      0x0000000000002228      0x1b4 /home/thor/.platformio/packages/framework-arduinoasrmicro650x/cores/asr650x/projects/CubeCellLib.a(cyfitter_cfg.o)
                0x0000000000002228                cyfitter_cfg
                0x00000000000023dc                . = MAX (., 0x100)
 *(.text .text.* .gnu.linkonce.t.*)
 .text.__do_global_dtors_aux
                0x00000000000023dc       0x28 /home/thor/.platformio/packages/toolchain-gccarmnoneeabi@1.90201.191206/bin/../lib/gcc/arm-none-eabi/9.2.1/thumb/v6-m/nofp/crtbegin.o
 .text.frame_dummy
                0x0000000000002404       0x20 /home/thor/.platformio/packages/toolchain-gccarmnoneeabi@1.90201.191206/bin/../lib/gcc/arm-none-eabi/9.2.1/thumb/v6-m/nofp/crtbegin.o
 .text._Z5setupv
                0x0000000000002424       0x8c .pio/build/cubecell_gps/src/gpsTestSketch.ino.cpp.o
                0x0000000000002424                setup()
 .text._Z8fracPartdi
                0x00000000000024b0       0x48 .pio/build/cubecell_gps/src/gpsTestSketch.ino.cpp.o
                0x00000000000024b0                fracPart(double, int)
 .text._Z4loopv
                0x00000000000024f8       0xd8 .pio/build/cubecell_gps/src/gpsTestSketch.ino.cpp.o
                0x00000000000024f8                loop()
 .text.globalGpioIsrEntry
                0x00000000000025d0       0x58 /home/thor/.platformio/packages/framework-arduinoasrmicro650x/cores/asr650x/projects/CubeCellLib.a(ASR_Arduino.o)
                0x00000000000025d0                globalGpioIsrEntry
 .text.getID    0x0000000000002628       0x18 /home/thor/.platformio/packages/framework-arduinoasrmicro650x/cores/asr650x/projects/CubeCellLib.a(ASR_Arduino.o)
                0x0000000000002628                getID
 .text.license_check
                0x0000000000002640      0x268 /home/thor/.platformio/packages/framework-arduinoasrmicro650x/cores/asr650x/projects/CubeCellLib.a(ASR_Arduino.o)
                0x0000000000002640                license_check
 .text.pinMode  0x00000000000028a8       0x6c /home/thor/.platformio/packages/framework-arduinoasrmicro650x/cores/asr650x/projects/CubeCellLib.a(ASR_Arduino.o)
                0x00000000000028a8                pinMode
 .text.digitalWrite
                0x0000000000002914       0x68 /home/thor/.platformio/packages/framework-arduinoasrmicro650x/cores/asr650x/projects/CubeCellLib.a(ASR_Arduino.o)
                0x0000000000002914                digitalWrite
 .text.digitalRead
                0x000000000000297c       0x20 /home/thor/.platformio/packages/framework-arduinoasrmicro650x/cores/asr650x/projects/CubeCellLib.a(ASR_Arduino.o)
                0x000000000000297c                digitalRead
 .text.ClearPinInterrupt
                0x000000000000299c       0x1c /home/thor/.platformio/packages/framework-arduinoasrmicro650x/cores/asr650x/projects/CubeCellLib.a(ASR_Arduino.o)
                0x000000000000299c                ClearPinInterrupt
 .text.attachInterrupt
                0x00000000000029b8       0x7c /home/thor/.platformio/packages/framework-arduinoasrmicro650x/cores/asr650x/projects/CubeCellLib.a(ASR_Arduino.o)
                0x00000000000029b8                attachInterrupt
 .text.detachInterrupt
                0x0000000000002a34       0x6c /home/thor/.platformio/packages/framework-arduinoasrmicro650x/cores/asr650x/projects/CubeCellLib.a(ASR_Arduino.o)
                0x0000000000002a34                detachInterrupt
 .text.delay    0x0000000000002aa0        0x8 /home/thor/.platformio/packages/framework-arduinoasrmicro650x/cores/asr650x/projects/CubeCellLib.a(ASR_Arduino.o)
                0x0000000000002aa0                delay
 .text.millis   0x0000000000002aa8        0xc /home/thor/.platformio/packages/framework-arduinoasrmicro650x/cores/asr650x/projects/CubeCellLib.a(ASR_Arduino.o)
                0x0000000000002aa8                millis
 .text.SPI_BUSY_SetDriveMode
                0x0000000000002ab4        0x2 /home/thor/.platformio/packages/framework-arduinoasrmicro650x/cores/asr650x/projects/CubeCellLib.a(ASR_Arduino.o)
                0x0000000000002ab4                SPI_BUSY_SetDriveMode
 .text.SPI_NRESET_SetDriveMode
                0x0000000000002ab6        0x2 /home/thor/.platformio/packages/framework-arduinoasrmicro650x/cores/asr650x/projects/CubeCellLib.a(ASR_Arduino.o)
                0x0000000000002ab6                SPI_NRESET_SetDriveMode
 .text.antpow_SetDriveMode
                0x0000000000002ab8        0x2 /home/thor/.platformio/packages/framework-arduinoasrmicro650x/cores/asr650x/projects/CubeCellLib.a(ASR_Arduino.o)
                0x0000000000002ab8                antpow_SetDriveMode
 .text.SPI_1_miso_m_SetDriveMode
                0x0000000000002aba        0x2 /home/thor/.platformio/packages/framework-arduinoasrmicro650x/cores/asr650x/projects/CubeCellLib.a(ASR_Arduino.o)
                0x0000000000002aba                SPI_1_miso_m_SetDriveMode
 .text.SPI_1_mosi_m_SetDriveMode
                0x0000000000002abc        0x2 /home/thor/.platformio/packages/framework-arduinoasrmicro650x/cores/asr650x/projects/CubeCellLib.a(ASR_Arduino.o)
                0x0000000000002abc                SPI_1_mosi_m_SetDriveMode
 .text.SPI_1_sclk_m_SetDriveMode
                0x0000000000002abe        0x2 /home/thor/.platformio/packages/framework-arduinoasrmicro650x/cores/asr650x/projects/CubeCellLib.a(ASR_Arduino.o)
                0x0000000000002abe                SPI_1_sclk_m_SetDriveMode
 .text.systemTimer
                0x0000000000002ac0       0x10 /home/thor/.platformio/packages/framework-arduinoasrmicro650x/cores/asr650x/projects/CubeCellLib.a(cyfitter_cfg.o)
                0x0000000000002ac0                systemTimer
 .text.SetAnalogRoutingPumps
                0x0000000000002ad0       0x1c /home/thor/.platformio/packages/framework-arduinoasrmicro650x/cores/asr650x/projects/CubeCellLib.a(cyfitter_cfg.o)
                0x0000000000002ad0                SetAnalogRoutingPumps
 .text._ZN11TinyGPSPlusC2Ev
                0x0000000000002aec       0x64 .pio/build/cubecell_gps/libac4/libOnBoardGPS_Air530.a(CubeCell_TinyGPS++.cpp.o)
                0x0000000000002aec                TinyGPSPlus::TinyGPSPlus()
                0x0000000000002aec                TinyGPSPlus::TinyGPSPlus()
 .text._ZN15TinyGPSLocation3latEv
                0x0000000000002b50       0x48 .pio/build/cubecell_gps/libac4/libOnBoardGPS_Air530.a(CubeCell_TinyGPS++.cpp.o)
                0x0000000000002b50                TinyGPSLocation::lat()
 .text._ZN15TinyGPSLocation3lngEv
                0x0000000000002b98       0x48 .pio/build/cubecell_gps/libac4/libOnBoardGPS_Air530.a(CubeCell_TinyGPS++.cpp.o)
                0x0000000000002b98                TinyGPSLocation::lng()
 .text._ZN14HardwareSerialD2Ev
                0x0000000000002be0        0x2 .pio/build/cubecell_gps/libac4/libOnBoardGPS_Air530.a(GPS_Air530.cpp.o)
                0x0000000000002be0                HardwareSerial::~HardwareSerial()
                0x0000000000002be0                HardwareSerial::~HardwareSerial()
 *fill*         0x0000000000002be2        0x2 
 .text._ZN11Air530Class5beginEv
                0x0000000000002be4       0x40 .pio/build/cubecell_gps/libac4/libOnBoardGPS_Air530.a(GPS_Air530.cpp.o)
                0x0000000000002be4                Air530Class::begin()
 .text._ZN11Air530Class7sendcmdE6String
                0x0000000000002c24       0x34 .pio/build/cubecell_gps/libac4/libOnBoardGPS_Air530.a(GPS_Air530.cpp.o)
                0x0000000000002c24                Air530Class::sendcmd(String)
 .text._ZN11Air530Class7setmodeE7GPSMODE
                0x0000000000002c58       0x5c .pio/build/cubecell_gps/libac4/libOnBoardGPS_Air530.a(GPS_Air530.cpp.o)
                0x0000000000002c58                Air530Class::setmode(GPSMODE)
 .text._ZN14HardwareSerialD0Ev
                0x0000000000002cb4        0xe .pio/build/cubecell_gps/libac4/libOnBoardGPS_Air530.a(GPS_Air530.cpp.o)
                0x0000000000002cb4                HardwareSerial::~HardwareSerial()
 *fill*         0x0000000000002cc2        0x2 
 .text.startup._GLOBAL__sub_I_GPSSerial
                0x0000000000002cc4       0x38 .pio/build/cubecell_gps/libac4/libOnBoardGPS_Air530.a(GPS_Air530.cpp.o)
 .text._ZN6Stream9readBytesEPhj
                0x0000000000002cfc        0xa .pio/build/cubecell_gps/libFrameworkArduino.a(HardwareSerial.cpp.o)
                0x0000000000002cfc                Stream::readBytes(unsigned char*, unsigned int)
 .text._ZN14HardwareSerial17availableForWriteEv
                0x0000000000002d06        0x4 .pio/build/cubecell_gps/libFrameworkArduino.a(HardwareSerial.cpp.o)
                0x0000000000002d06                HardwareSerial::peek()
                0x0000000000002d06                HardwareSerial::availableForWrite()
 .text._ZN14HardwareSerial9availableEv
                0x0000000000002d0a       0x16 .pio/build/cubecell_gps/libFrameworkArduino.a(HardwareSerial.cpp.o)
                0x0000000000002d0a                HardwareSerial::available()
 .text._ZN14HardwareSerial4readEv
                0x0000000000002d20       0x26 .pio/build/cubecell_gps/libFrameworkArduino.a(HardwareSerial.cpp.o)
                0x0000000000002d20                HardwareSerial::read()
 .text._ZN14HardwareSerial5flushEv
                0x0000000000002d46       0x1c .pio/build/cubecell_gps/libFrameworkArduino.a(HardwareSerial.cpp.o)
                0x0000000000002d46                HardwareSerial::flush()
 .text._ZN14HardwareSerial5writeEh
                0x0000000000002d62       0x1a .pio/build/cubecell_gps/libFrameworkArduino.a(HardwareSerial.cpp.o)
                0x0000000000002d62                HardwareSerial::write(unsigned char)
 .text._ZN14HardwareSerial5writeEPKhj
                0x0000000000002d7c       0x28 .pio/build/cubecell_gps/libFrameworkArduino.a(HardwareSerial.cpp.o)
                0x0000000000002d7c                HardwareSerial::write(unsigned char const*, unsigned int)
 .text._ZN14HardwareSerialC2Ea
                0x0000000000002da4       0x1c .pio/build/cubecell_gps/libFrameworkArduino.a(HardwareSerial.cpp.o)
                0x0000000000002da4                HardwareSerial::HardwareSerial(signed char)
                0x0000000000002da4                HardwareSerial::HardwareSerial(signed char)
 .text._ZN14HardwareSerial5beginEmambm
                0x0000000000002dc0       0xb0 .pio/build/cubecell_gps/libFrameworkArduino.a(HardwareSerial.cpp.o)
                0x0000000000002dc0                HardwareSerial::begin(unsigned long, signed char, unsigned long, bool, unsigned long)
 .text.startup._GLOBAL__sub_I_Serial
                0x0000000000002e70       0x5c .pio/build/cubecell_gps/libFrameworkArduino.a(HardwareSerial.cpp.o)
 .text.PWM1_Stop
                0x0000000000002ecc       0x34 .pio/build/cubecell_gps/libFrameworkArduino.a(PWM1.c.o)
                0x0000000000002ecc                PWM1_Stop
 .text.PWM2_Stop
                0x0000000000002f00       0x34 .pio/build/cubecell_gps/libFrameworkArduino.a(PWM2.c.o)
                0x0000000000002f00                PWM2_Stop
 .text._ZN5Print5writeEPKhj
                0x0000000000002f34       0x22 .pio/build/cubecell_gps/libFrameworkArduino.a(Print.cpp.o)
                0x0000000000002f34                Print::write(unsigned char const*, unsigned int)
 .text._ZN5Print5printERK6String
                0x0000000000002f56       0x14 .pio/build/cubecell_gps/libFrameworkArduino.a(Print.cpp.o)
                0x0000000000002f56                Print::print(String const&)
 .text._ZN6Stream9timedReadEv
                0x0000000000002f6a       0x2a .pio/build/cubecell_gps/libFrameworkArduino.a(Stream.cpp.o)
                0x0000000000002f6a                Stream::timedRead()
 .text._ZN6Stream9readBytesEPcj
                0x0000000000002f94       0x22 .pio/build/cubecell_gps/libFrameworkArduino.a(Stream.cpp.o)
                0x0000000000002f94                Stream::readBytes(char*, unsigned int)
 *fill*         0x0000000000002fb6        0x2 
 .text._ZN6Stream10readStringEv
                0x0000000000002fb8       0x28 .pio/build/cubecell_gps/libFrameworkArduino.a(Stream.cpp.o)
                0x0000000000002fb8                Stream::readString()
 .text._ZN6Stream15readStringUntilEc
                0x0000000000002fe0       0x30 .pio/build/cubecell_gps/libFrameworkArduino.a(Stream.cpp.o)
                0x0000000000002fe0                Stream::readStringUntil(char)
 .text._ZN6StringD2Ev
                0x0000000000003010       0x12 .pio/build/cubecell_gps/libFrameworkArduino.a(WString.cpp.o)
                0x0000000000003010                String::~String()
                0x0000000000003010                String::~String()
 .text._ZN6String10invalidateEv
                0x0000000000003022       0x18 .pio/build/cubecell_gps/libFrameworkArduino.a(WString.cpp.o)
                0x0000000000003022                String::invalidate()
 .text._ZN6String12changeBufferEj
                0x000000000000303a       0x3a .pio/build/cubecell_gps/libFrameworkArduino.a(WString.cpp.o)
                0x000000000000303a                String::changeBuffer(unsigned int)
 .text._ZN6String7reserveEj
                0x0000000000003074       0x2a .pio/build/cubecell_gps/libFrameworkArduino.a(WString.cpp.o)
                0x0000000000003074                String::reserve(unsigned int)
 .text._ZN6String4copyEPKcj
                0x000000000000309e       0x28 .pio/build/cubecell_gps/libFrameworkArduino.a(WString.cpp.o)
                0x000000000000309e                String::copy(char const*, unsigned int)
 .text._ZN6StringC2EPKc
                0x00000000000030c6       0x26 .pio/build/cubecell_gps/libFrameworkArduino.a(WString.cpp.o)
                0x00000000000030c6                String::String(char const*)
                0x00000000000030c6                String::String(char const*)
 .text._ZN6StringaSERKS_
                0x00000000000030ec       0x20 .pio/build/cubecell_gps/libFrameworkArduino.a(WString.cpp.o)
                0x00000000000030ec                String::operator=(String const&)
 .text._ZN6StringC2ERKS_
                0x000000000000310c       0x14 .pio/build/cubecell_gps/libFrameworkArduino.a(WString.cpp.o)
                0x000000000000310c                String::String(String const&)
                0x000000000000310c                String::String(String const&)
 .text._ZN6String6concatEPKcj
                0x0000000000003120       0x32 .pio/build/cubecell_gps/libFrameworkArduino.a(WString.cpp.o)
                0x0000000000003120                String::concat(char const*, unsigned int)
 .text._ZN6String6concatEPKc
                0x0000000000003152       0x1a .pio/build/cubecell_gps/libFrameworkArduino.a(WString.cpp.o)
                0x0000000000003152                String::concat(char const*)
 .text._ZN6String6concatEc
                0x000000000000316c       0x16 .pio/build/cubecell_gps/libFrameworkArduino.a(WString.cpp.o)
                0x000000000000316c                String::concat(char)
 *fill*         0x0000000000003182        0x2 
 .text.global_irq_SetPriority
                0x0000000000003184       0x20 .pio/build/cubecell_gps/libFrameworkArduino.a(irq.c.o)
                0x0000000000003184                global_irq_SetPriority
 .text.global_irq_StartEx
                0x00000000000031a4       0x24 .pio/build/cubecell_gps/libFrameworkArduino.a(irq.c.o)
                0x00000000000031a4                global_irq_StartEx
 .text.global_irq_Disable
                0x00000000000031c8        0xc .pio/build/cubecell_gps/libFrameworkArduino.a(irq.c.o)
                0x00000000000031c8                global_irq_Disable
 .text.RadioCheckRfFrequency
                0x00000000000031d4        0x4 .pio/build/cubecell_gps/libFrameworkArduino.a(radio.c.o)
                0x00000000000031d4                RadioCheckRfFrequency
 .text.RadioOnDioIrq
                0x00000000000031d8        0xc .pio/build/cubecell_gps/libFrameworkArduino.a(radio.c.o)
                0x00000000000031d8                RadioOnDioIrq
 .text.RadioStandby
                0x00000000000031e4        0xa .pio/build/cubecell_gps/libFrameworkArduino.a(radio.c.o)
                0x00000000000031e4                RadioStandby
 *fill*         0x00000000000031ee        0x2 
 .text.RadioInit
                0x00000000000031f0       0x6c .pio/build/cubecell_gps/libFrameworkArduino.a(radio.c.o)
                0x00000000000031f0                RadioInit
 .text.RadioGetStatus
                0x000000000000325c       0x1a .pio/build/cubecell_gps/libFrameworkArduino.a(radio.c.o)
                0x000000000000325c                RadioGetStatus
 .text.RadioSetChannel
                0x0000000000003276        0x8 .pio/build/cubecell_gps/libFrameworkArduino.a(radio.c.o)
                0x0000000000003276                RadioSetChannel
 .text.RadioRssi
                0x000000000000327e        0xa .pio/build/cubecell_gps/libFrameworkArduino.a(radio.c.o)
                0x000000000000327e                RadioRssi
 .text.RadioSyncWord
                0x0000000000003288       0x10 .pio/build/cubecell_gps/libFrameworkArduino.a(radio.c.o)
                0x0000000000003288                RadioSyncWord
 .text.RadioSend
                0x0000000000003298       0x58 .pio/build/cubecell_gps/libFrameworkArduino.a(radio.c.o)
                0x0000000000003298                RadioSend
 .text.RadioSleep
                0x00000000000032f0       0x10 .pio/build/cubecell_gps/libFrameworkArduino.a(radio.c.o)
                0x00000000000032f0                RadioSleep
 .text.RadioSetRxDutyCycle
                0x0000000000003300        0x8 .pio/build/cubecell_gps/libFrameworkArduino.a(radio.c.o)
                0x0000000000003300                RadioSetRxDutyCycle
 .text.RadioStartCad
                0x0000000000003308       0x64 .pio/build/cubecell_gps/libFrameworkArduino.a(radio.c.o)
                0x0000000000003308                RadioStartCad
 .text.RadioSetTxContinuousWave
                0x000000000000336c       0x44 .pio/build/cubecell_gps/libFrameworkArduino.a(radio.c.o)
                0x000000000000336c                RadioSetTxContinuousWave
 .text.RadioWrite
                0x00000000000033b0        0x8 .pio/build/cubecell_gps/libFrameworkArduino.a(radio.c.o)
                0x00000000000033b0                RadioWrite
 .text.RadioRead
                0x00000000000033b8        0x8 .pio/build/cubecell_gps/libFrameworkArduino.a(radio.c.o)
                0x00000000000033b8                RadioRead
 .text.RadioWriteBuffer
                0x00000000000033c0        0x8 .pio/build/cubecell_gps/libFrameworkArduino.a(radio.c.o)
                0x00000000000033c0                RadioWriteBuffer
 .text.RadioReadBuffer
                0x00000000000033c8        0x8 .pio/build/cubecell_gps/libFrameworkArduino.a(radio.c.o)
                0x00000000000033c8                RadioReadBuffer
 .text.RadioGetWakeupTime
                0x00000000000033d0        0xa .pio/build/cubecell_gps/libFrameworkArduino.a(radio.c.o)
                0x00000000000033d0                RadioGetWakeupTime
 *fill*         0x00000000000033da        0x2 
 .text.RadioOnTxTimeoutIrq
                0x00000000000033dc       0x20 .pio/build/cubecell_gps/libFrameworkArduino.a(radio.c.o)
                0x00000000000033dc                RadioOnTxTimeoutIrq
 .text.RadioOnRxTimeoutIrq
                0x00000000000033fc       0x20 .pio/build/cubecell_gps/libFrameworkArduino.a(radio.c.o)
                0x00000000000033fc                RadioOnRxTimeoutIrq
 .text.RadioOnCadTimeoutIrq
                0x000000000000341c       0x20 .pio/build/cubecell_gps/libFrameworkArduino.a(radio.c.o)
                0x000000000000341c                RadioOnCadTimeoutIrq
 .text.RadioGetFskBandwidthRegValue
                0x000000000000343c       0x34 .pio/build/cubecell_gps/libFrameworkArduino.a(radio.c.o)
 .text.RadioSetMaxPayloadLength
                0x0000000000003470       0x38 .pio/build/cubecell_gps/libFrameworkArduino.a(radio.c.o)
                0x0000000000003470                RadioSetMaxPayloadLength
 .text.RadioRx  0x00000000000034a8       0x54 .pio/build/cubecell_gps/libFrameworkArduino.a(radio.c.o)
                0x00000000000034a8                RadioRx
 .text.RadioRxBoosted
                0x00000000000034fc       0x48 .pio/build/cubecell_gps/libFrameworkArduino.a(radio.c.o)
                0x00000000000034fc                RadioRxBoosted
 .text.RadioIrqProcess
                0x0000000000003544      0x13c .pio/build/cubecell_gps/libFrameworkArduino.a(radio.c.o)
                0x0000000000003544                RadioIrqProcess
 .text.RadioSetPublicNetwork
                0x0000000000003680       0x40 .pio/build/cubecell_gps/libFrameworkArduino.a(radio.c.o)
                0x0000000000003680                RadioSetPublicNetwork
 .text.RadioSetModem.part.0
                0x00000000000036c0       0x20 .pio/build/cubecell_gps/libFrameworkArduino.a(radio.c.o)
 .text.RadioSetModem
                0x00000000000036e0       0x20 .pio/build/cubecell_gps/libFrameworkArduino.a(radio.c.o)
                0x00000000000036e0                RadioSetModem
 .text.RadioIsChannelFree
                0x0000000000003700       0x50 .pio/build/cubecell_gps/libFrameworkArduino.a(radio.c.o)
                0x0000000000003700                RadioIsChannelFree
 .text.RadioRandom
                0x0000000000003750       0x38 .pio/build/cubecell_gps/libFrameworkArduino.a(radio.c.o)
                0x0000000000003750                RadioRandom
 .text.RadioSymbTime
                0x0000000000003788       0x2c .pio/build/cubecell_gps/libFrameworkArduino.a(radio.c.o)
                0x0000000000003788                RadioSymbTime
 .text.RadioSetRxConfig
                0x00000000000037b4      0x23c .pio/build/cubecell_gps/libFrameworkArduino.a(radio.c.o)
                0x00000000000037b4                RadioSetRxConfig
 .text.RadioSetTxConfig
                0x00000000000039f0      0x1c4 .pio/build/cubecell_gps/libFrameworkArduino.a(radio.c.o)
                0x00000000000039f0                RadioSetTxConfig
 .text.RadioTimeOnAir
                0x0000000000003bb4      0x198 .pio/build/cubecell_gps/libFrameworkArduino.a(radio.c.o)
                0x0000000000003bb4                RadioTimeOnAir
 .text.SX126xGetOperatingMode
                0x0000000000003d4c        0xc .pio/build/cubecell_gps/libFrameworkArduino.a(sx126x.c.o)
                0x0000000000003d4c                SX126xGetOperatingMode
 .text.SX126xSetOperatingMode
                0x0000000000003d58        0xc .pio/build/cubecell_gps/libFrameworkArduino.a(sx126x.c.o)
                0x0000000000003d58                SX126xSetOperatingMode
 .text.SX126xCheckDeviceReady
                0x0000000000003d64       0x24 .pio/build/cubecell_gps/libFrameworkArduino.a(sx126x.c.o)
                0x0000000000003d64                SX126xCheckDeviceReady
 .text.SX126xSetPayload
                0x0000000000003d88        0xe .pio/build/cubecell_gps/libFrameworkArduino.a(sx126x.c.o)
                0x0000000000003d88                SX126xSetPayload
 .text.SX126xSetSyncWord
                0x0000000000003d96       0x10 .pio/build/cubecell_gps/libFrameworkArduino.a(sx126x.c.o)
                0x0000000000003d96                SX126xSetSyncWord
 *fill*         0x0000000000003da6        0x2 
 .text.SX126xSetCrcSeed
                0x0000000000003da8       0x24 .pio/build/cubecell_gps/libFrameworkArduino.a(sx126x.c.o)
                0x0000000000003da8                SX126xSetCrcSeed
 .text.SX126xSetCrcPolynomial
                0x0000000000003dcc       0x24 .pio/build/cubecell_gps/libFrameworkArduino.a(sx126x.c.o)
                0x0000000000003dcc                SX126xSetCrcPolynomial
 .text.SX126xSetWhiteningSeed
                0x0000000000003df0       0x3c .pio/build/cubecell_gps/libFrameworkArduino.a(sx126x.c.o)
                0x0000000000003df0                SX126xSetWhiteningSeed
 .text.SX126xSetSleep
                0x0000000000003e2c       0x20 .pio/build/cubecell_gps/libFrameworkArduino.a(sx126x.c.o)
                0x0000000000003e2c                SX126xSetSleep
 .text.SX126xSetStandby
                0x0000000000003e4c       0x28 .pio/build/cubecell_gps/libFrameworkArduino.a(sx126x.c.o)
                0x0000000000003e4c                SX126xSetStandby
 .text.SX126xSetTx
                0x0000000000003e74       0x24 .pio/build/cubecell_gps/libFrameworkArduino.a(sx126x.c.o)
                0x0000000000003e74                SX126xSetTx
 .text.SX126xSendPayload
                0x0000000000003e98       0x10 .pio/build/cubecell_gps/libFrameworkArduino.a(sx126x.c.o)
                0x0000000000003e98                SX126xSendPayload
 .text.SX126xSetRx
                0x0000000000003ea8       0x24 .pio/build/cubecell_gps/libFrameworkArduino.a(sx126x.c.o)
                0x0000000000003ea8                SX126xSetRx
 .text.SX126xSetRxBoosted
                0x0000000000003ecc       0x30 .pio/build/cubecell_gps/libFrameworkArduino.a(sx126x.c.o)
                0x0000000000003ecc                SX126xSetRxBoosted
 .text.SX126xSetRxDutyCycle
                0x0000000000003efc       0x2c .pio/build/cubecell_gps/libFrameworkArduino.a(sx126x.c.o)
                0x0000000000003efc                SX126xSetRxDutyCycle
 .text.SX126xSetCad
                0x0000000000003f28       0x18 .pio/build/cubecell_gps/libFrameworkArduino.a(sx126x.c.o)
                0x0000000000003f28                SX126xSetCad
 .text.SX126xSetTxContinuousWave
                0x0000000000003f40        0xe .pio/build/cubecell_gps/libFrameworkArduino.a(sx126x.c.o)
                0x0000000000003f40                SX126xSetTxContinuousWave
 .text.SX126xSetStopRxTimerOnPreambleDetect
                0x0000000000003f4e       0x12 .pio/build/cubecell_gps/libFrameworkArduino.a(sx126x.c.o)
                0x0000000000003f4e                SX126xSetStopRxTimerOnPreambleDetect
 .text.SX126xSetLoRaSymbNumTimeout
                0x0000000000003f60       0x12 .pio/build/cubecell_gps/libFrameworkArduino.a(sx126x.c.o)
                0x0000000000003f60                SX126xSetLoRaSymbNumTimeout
 .text.SX126xSetRegulatorMode
                0x0000000000003f72       0x12 .pio/build/cubecell_gps/libFrameworkArduino.a(sx126x.c.o)
                0x0000000000003f72                SX126xSetRegulatorMode
 .text.SX126xCalibrate
                0x0000000000003f84       0x10 .pio/build/cubecell_gps/libFrameworkArduino.a(sx126x.c.o)
                0x0000000000003f84                SX126xCalibrate
 .text.SX126xCalibrateImage
                0x0000000000003f94       0x68 .pio/build/cubecell_gps/libFrameworkArduino.a(sx126x.c.o)
                0x0000000000003f94                SX126xCalibrateImage
 .text.SX126xSetPaConfig
                0x0000000000003ffc       0x18 .pio/build/cubecell_gps/libFrameworkArduino.a(sx126x.c.o)
                0x0000000000003ffc                SX126xSetPaConfig
 .text.SX126xSetDioIrqParams
                0x0000000000004014       0x20 .pio/build/cubecell_gps/libFrameworkArduino.a(sx126x.c.o)
                0x0000000000004014                SX126xSetDioIrqParams
 .text.SX126xGetIrqStatus
                0x0000000000004034       0x1a .pio/build/cubecell_gps/libFrameworkArduino.a(sx126x.c.o)
                0x0000000000004034                SX126xGetIrqStatus
 .text.SX126xSetDio2AsRfSwitchCtrl
                0x000000000000404e       0x12 .pio/build/cubecell_gps/libFrameworkArduino.a(sx126x.c.o)
                0x000000000000404e                SX126xSetDio2AsRfSwitchCtrl
 .text.SX126xSetDio3AsTcxoCtrl
                0x0000000000004060       0x1e .pio/build/cubecell_gps/libFrameworkArduino.a(sx126x.c.o)
                0x0000000000004060                SX126xSetDio3AsTcxoCtrl
 *fill*         0x000000000000407e        0x2 
 .text.SX126xInit
                0x0000000000004080       0x4c .pio/build/cubecell_gps/libFrameworkArduino.a(sx126x.c.o)
                0x0000000000004080                SX126xInit
 .text.SX126xSetRfFrequency
                0x00000000000040cc       0x40 .pio/build/cubecell_gps/libFrameworkArduino.a(sx126x.c.o)
                0x00000000000040cc                SX126xSetRfFrequency
 .text.SX126xSetPacketType
                0x000000000000410c       0x1c .pio/build/cubecell_gps/libFrameworkArduino.a(sx126x.c.o)
                0x000000000000410c                SX126xSetPacketType
 .text.SX126xGetPacketType
                0x0000000000004128        0xc .pio/build/cubecell_gps/libFrameworkArduino.a(sx126x.c.o)
                0x0000000000004128                SX126xGetPacketType
 .text.SX126xSetTxParams
                0x0000000000004134       0xb4 .pio/build/cubecell_gps/libFrameworkArduino.a(sx126x.c.o)
                0x0000000000004134                SX126xSetTxParams
 .text.SX126xSetModulationParams
                0x00000000000041e8       0xa0 .pio/build/cubecell_gps/libFrameworkArduino.a(sx126x.c.o)
                0x00000000000041e8                SX126xSetModulationParams
 .text.SX126xSetPacketParams
                0x0000000000004288       0xa8 .pio/build/cubecell_gps/libFrameworkArduino.a(sx126x.c.o)
                0x0000000000004288                SX126xSetPacketParams
 .text.SX126xSetCadParams
                0x0000000000004330       0x30 .pio/build/cubecell_gps/libFrameworkArduino.a(sx126x.c.o)
                0x0000000000004330                SX126xSetCadParams
 .text.SX126xSetBufferBaseAddress
                0x0000000000004360       0x14 .pio/build/cubecell_gps/libFrameworkArduino.a(sx126x.c.o)
                0x0000000000004360                SX126xSetBufferBaseAddress
 .text.SX126xGetRssiInst
                0x0000000000004374       0x16 .pio/build/cubecell_gps/libFrameworkArduino.a(sx126x.c.o)
                0x0000000000004374                SX126xGetRssiInst
 *fill*         0x000000000000438a        0x2 
 .text.SX126xGetRxBufferStatus
                0x000000000000438c       0x4c .pio/build/cubecell_gps/libFrameworkArduino.a(sx126x.c.o)
                0x000000000000438c                SX126xGetRxBufferStatus
 .text.SX126xGetPayload
                0x00000000000043d8       0x2c .pio/build/cubecell_gps/libFrameworkArduino.a(sx126x.c.o)
                0x00000000000043d8                SX126xGetPayload
 .text.SX126xGetPacketStatus
                0x0000000000004404       0x78 .pio/build/cubecell_gps/libFrameworkArduino.a(sx126x.c.o)
                0x0000000000004404                SX126xGetPacketStatus
 .text.SX126xClearIrqStatus
                0x000000000000447c       0x12 .pio/build/cubecell_gps/libFrameworkArduino.a(sx126x.c.o)
                0x000000000000447c                SX126xClearIrqStatus
 *fill*         0x000000000000448e        0x2 
 .text.DelayMs  0x0000000000004490       0x10 .pio/build/cubecell_gps/libFrameworkArduino.a(delay.c.o)
                0x0000000000004490                DelayMs
 .text.rand1    0x00000000000044a0       0x2c .pio/build/cubecell_gps/libFrameworkArduino.a(utilities.c.o)
                0x00000000000044a0                rand1
 .text.startup.main
                0x00000000000044cc       0x10 .pio/build/cubecell_gps/libFrameworkArduino.a(main.cpp.o)
                0x00000000000044cc                main
 .text.printchar
                0x00000000000044dc       0x26 .pio/build/cubecell_gps/libFrameworkArduino.a(printf.c.o)
 .text.prints   0x0000000000004502       0x8e .pio/build/cubecell_gps/libFrameworkArduino.a(printf.c.o)
 .text.printi   0x0000000000004590       0xfc .pio/build/cubecell_gps/libFrameworkArduino.a(printf.c.o)
 .text.tiny_print
                0x000000000000468c      0x1d8 .pio/build/cubecell_gps/libFrameworkArduino.a(printf.c.o)
 .text.__wrap_sprintf
                0x0000000000004864       0x1c .pio/build/cubecell_gps/libFrameworkArduino.a(printf.c.o)
                0x0000000000004864                __wrap_sprintf
 .text.IntDefaultHandler
                0x0000000000004880       0x10 .pio/build/cubecell_gps/libFrameworkArduino.a(Cm0plusStart.c.o)
                0x0000000000004880                IntDefaultHandler
 .text._exit    0x0000000000004890        0xa .pio/build/cubecell_gps/libFrameworkArduino.a(Cm0plusStart.c.o)
                0x0000000000004890                _exit
 *fill*         0x000000000000489a        0x2 
 .text._sbrk    0x000000000000489c       0x30 .pio/build/cubecell_gps/libFrameworkArduino.a(Cm0plusStart.c.o)
                0x000000000000489c                _sbrk
 .text.Start_c  0x00000000000048cc       0x48 .pio/build/cubecell_gps/libFrameworkArduino.a(Cm0plusStart.c.o)
                0x00000000000048cc                Start_c
 .text.startup.initialize_psoc
                0x0000000000004914       0x48 .pio/build/cubecell_gps/libFrameworkArduino.a(Cm0plusStart.c.o)
                0x0000000000004914                initialize_psoc
 *fill*         0x000000000000495c        0x4 
 .text          0x0000000000004960       0x20 .pio/build/cubecell_gps/libFrameworkArduino.a(CyBootAsmGnu.S.o)
                0x0000000000004960                CyDelayCycles
                0x0000000000004972                CyEnterCriticalSection
                0x000000000000497a                CyExitCriticalSection
 .text.CySysClkWcoSetHighPowerMode
                0x0000000000004980       0x38 .pio/build/cubecell_gps/libFrameworkArduino.a(CyLFClk.c.o)
 .text.CySysClkWcoStart
                0x00000000000049b8       0x18 .pio/build/cubecell_gps/libFrameworkArduino.a(CyLFClk.c.o)
                0x00000000000049b8                CySysClkWcoStart
 .text.CySysClkWcoEnabled
                0x00000000000049d0        0xc .pio/build/cubecell_gps/libFrameworkArduino.a(CyLFClk.c.o)
                0x00000000000049d0                CySysClkWcoEnabled
 .text.CySysWdtDisable
                0x00000000000049dc       0x10 .pio/build/cubecell_gps/libFrameworkArduino.a(CyLFClk.c.o)
                0x00000000000049dc                CySysWdtDisable
 .text.CySysClkSetTimerSource
                0x00000000000049ec       0x60 .pio/build/cubecell_gps/libFrameworkArduino.a(CyLFClk.c.o)
                0x00000000000049ec                CySysClkSetTimerSource
 .text.CySysTimerGetEnabledStatus
                0x0000000000004a4c       0x24 .pio/build/cubecell_gps/libFrameworkArduino.a(CyLFClk.c.o)
                0x0000000000004a4c                CySysTimerGetEnabledStatus
 .text.CySysTimerSetMode
                0x0000000000004a70       0x40 .pio/build/cubecell_gps/libFrameworkArduino.a(CyLFClk.c.o)
                0x0000000000004a70                CySysTimerSetMode
 .text.CySysTimerSetClearOnMatch
                0x0000000000004ab0       0x34 .pio/build/cubecell_gps/libFrameworkArduino.a(CyLFClk.c.o)
                0x0000000000004ab0                CySysTimerSetClearOnMatch
 .text.CySysTimerEnable
                0x0000000000004ae4       0x38 .pio/build/cubecell_gps/libFrameworkArduino.a(CyLFClk.c.o)
                0x0000000000004ae4                CySysTimerEnable
 .text.CySysTimerDisable
                0x0000000000004b1c       0x38 .pio/build/cubecell_gps/libFrameworkArduino.a(CyLFClk.c.o)
                0x0000000000004b1c                CySysTimerDisable
 .text.CySysTimerSetCascade
                0x0000000000004b54       0x34 .pio/build/cubecell_gps/libFrameworkArduino.a(CyLFClk.c.o)
                0x0000000000004b54                CySysTimerSetCascade
 .text.CySysTimerSetMatch
                0x0000000000004b88       0x50 .pio/build/cubecell_gps/libFrameworkArduino.a(CyLFClk.c.o)
                0x0000000000004b88                CySysTimerSetMatch
 .text.CySysTimerSetToggleBit
                0x0000000000004bd8       0x2c .pio/build/cubecell_gps/libFrameworkArduino.a(CyLFClk.c.o)
                0x0000000000004bd8                CySysTimerSetToggleBit
 .text.CySysTimerGetCount
                0x0000000000004c04       0x38 .pio/build/cubecell_gps/libFrameworkArduino.a(CyLFClk.c.o)
                0x0000000000004c04                CySysTimerGetCount
 .text.CySysTimerClearInterrupt
                0x0000000000004c3c       0x2c .pio/build/cubecell_gps/libFrameworkArduino.a(CyLFClk.c.o)
                0x0000000000004c3c                CySysTimerClearInterrupt
 .text.CySysTimerSetInterruptCallback
                0x0000000000004c68       0x24 .pio/build/cubecell_gps/libFrameworkArduino.a(CyLFClk.c.o)
                0x0000000000004c68                CySysTimerSetInterruptCallback
 .text.CySysTimerEnableIsr
                0x0000000000004c8c       0x34 .pio/build/cubecell_gps/libFrameworkArduino.a(CyLFClk.c.o)
                0x0000000000004c8c                CySysTimerEnableIsr
 .text.CySysTimerDisableIsr
                0x0000000000004cc0       0x28 .pio/build/cubecell_gps/libFrameworkArduino.a(CyLFClk.c.o)
                0x0000000000004cc0                CySysTimerDisableIsr
 .text.CySysTimerIsr
                0x0000000000004ce8       0xa0 .pio/build/cubecell_gps/libFrameworkArduino.a(CyLFClk.c.o)
                0x0000000000004ce8                CySysTimerIsr
 .text.CySysTimerResetCounters
                0x0000000000004d88       0x1c .pio/build/cubecell_gps/libFrameworkArduino.a(CyLFClk.c.o)
                0x0000000000004d88                CySysTimerResetCounters
 .text.CySysClkImoDisableWcoLock
                0x0000000000004da4       0x14 .pio/build/cubecell_gps/libFrameworkArduino.a(CyLib.c.o)
                0x0000000000004da4                CySysClkImoDisableWcoLock
 .text.CySysClkImoGetWcoLock
                0x0000000000004db8       0x10 .pio/build/cubecell_gps/libFrameworkArduino.a(CyLib.c.o)
                0x0000000000004db8                CySysClkImoGetWcoLock
 .text.CySysClkWriteHfclkDirect
                0x0000000000004dc8       0x74 .pio/build/cubecell_gps/libFrameworkArduino.a(CyLib.c.o)
                0x0000000000004dc8                CySysClkWriteHfclkDirect
 .text.CyIntSetVector
                0x0000000000004e3c       0x18 .pio/build/cubecell_gps/libFrameworkArduino.a(CyLib.c.o)
                0x0000000000004e3c                CyIntSetVector
 .text.CyIntSetPriority
                0x0000000000004e54       0x40 .pio/build/cubecell_gps/libFrameworkArduino.a(CyLib.c.o)
                0x0000000000004e54                CyIntSetPriority
 .text.CyIntEnable
                0x0000000000004e94       0x14 .pio/build/cubecell_gps/libFrameworkArduino.a(CyLib.c.o)
                0x0000000000004e94                CyIntEnable
 .text.CyIntDisable
                0x0000000000004ea8       0x14 .pio/build/cubecell_gps/libFrameworkArduino.a(CyLib.c.o)
                0x0000000000004ea8                CyIntDisable
 .text.CyIntClearPending
                0x0000000000004ebc       0x14 .pio/build/cubecell_gps/libFrameworkArduino.a(CyLib.c.o)
                0x0000000000004ebc                CyIntClearPending
 .text.CyHalt   0x0000000000004ed0        0x4 .pio/build/cubecell_gps/libFrameworkArduino.a(CyLib.c.o)
                0x0000000000004ed0                CyHalt
 .text.CyDelay  0x0000000000004ed4       0x2c .pio/build/cubecell_gps/libFrameworkArduino.a(CyLib.c.o)
                0x0000000000004ed4                CyDelay
 .text.CySysClkImoEnableWcoLock
                0x0000000000004f00       0xbc .pio/build/cubecell_gps/libFrameworkArduino.a(CyLib.c.o)
                0x0000000000004f00                CySysClkImoEnableWcoLock
 .text.CySysClkWriteImoFreq
                0x0000000000004fbc       0xb8 .pio/build/cubecell_gps/libFrameworkArduino.a(CyLib.c.o)
                0x0000000000004fbc                CySysClkWriteImoFreq
 .text.CyDelayUs
                0x0000000000005074       0x14 .pio/build/cubecell_gps/libFrameworkArduino.a(CyLib.c.o)
                0x0000000000005074                CyDelayUs
 .text.CySysTickInit
                0x0000000000005088       0x54 .pio/build/cubecell_gps/libFrameworkArduino.a(CyLib.c.o)
                0x0000000000005088                CySysTickInit
 .text.CySysTickStop
                0x00000000000050dc       0x10 .pio/build/cubecell_gps/libFrameworkArduino.a(CyLib.c.o)
                0x00000000000050dc                CySysTickStop
 .text.CySysTickEnableInterrupt
                0x00000000000050ec       0x10 .pio/build/cubecell_gps/libFrameworkArduino.a(CyLib.c.o)
                0x00000000000050ec                CySysTickEnableInterrupt
 .text.CySysTickEnable
                0x00000000000050fc       0x18 .pio/build/cubecell_gps/libFrameworkArduino.a(CyLib.c.o)
                0x00000000000050fc                CySysTickEnable
 .text.CySysTickStart
                0x0000000000005114       0x1c .pio/build/cubecell_gps/libFrameworkArduino.a(CyLib.c.o)
                0x0000000000005114                CySysTickStart
 .text.CySysTickDisableInterrupt
                0x0000000000005130       0x10 .pio/build/cubecell_gps/libFrameworkArduino.a(CyLib.c.o)
                0x0000000000005130                CySysTickDisableInterrupt
 .text.CySysTickGetCountFlag
                0x0000000000005140       0x10 .pio/build/cubecell_gps/libFrameworkArduino.a(CyLib.c.o)
                0x0000000000005140                CySysTickGetCountFlag
 .text.CySysTickServiceCallbacks
                0x0000000000005150       0x24 .pio/build/cubecell_gps/libFrameworkArduino.a(CyLib.c.o)
 .text.CySysTickSetCallback
                0x0000000000005174       0x10 .pio/build/cubecell_gps/libFrameworkArduino.a(CyLib.c.o)
                0x0000000000005174                CySysTickSetCallback
 .text.CyGetUniqueId
                0x0000000000005184       0x70 .pio/build/cubecell_gps/libFrameworkArduino.a(CyLib.c.o)
                0x0000000000005184                CyGetUniqueId
 .text.UART_1_SpiUartReadRxData
                0x00000000000051f4        0xc .pio/build/cubecell_gps/libFrameworkArduino.a(UART_1_SPI_UART.c.o)
                0x00000000000051f4                UART_1_SpiUartReadRxData
 .text.UART_1_SpiUartGetRxBufferSize
                0x0000000000005200       0x10 .pio/build/cubecell_gps/libFrameworkArduino.a(UART_1_SPI_UART.c.o)
                0x0000000000005200                UART_1_SpiUartGetRxBufferSize
 .text.UART_1_SpiUartClearRxBuffer
                0x0000000000005210       0x20 .pio/build/cubecell_gps/libFrameworkArduino.a(UART_1_SPI_UART.c.o)
                0x0000000000005210                UART_1_SpiUartClearRxBuffer
 .text.UART_1_SpiUartWriteTxData
                0x0000000000005230       0x1c .pio/build/cubecell_gps/libFrameworkArduino.a(UART_1_SPI_UART.c.o)
                0x0000000000005230                UART_1_SpiUartWriteTxData
 .text.UART_1_SpiUartGetTxBufferSize
                0x000000000000524c       0x10 .pio/build/cubecell_gps/libFrameworkArduino.a(UART_1_SPI_UART.c.o)
                0x000000000000524c                UART_1_SpiUartGetTxBufferSize
 .text.UART_1_SpiUartClearTxBuffer
                0x000000000000525c       0x20 .pio/build/cubecell_gps/libFrameworkArduino.a(UART_1_SPI_UART.c.o)
                0x000000000000525c                UART_1_SpiUartClearTxBuffer
 .text.UART_1_UART_WAKEUP_ISR
                0x000000000000527c        0x8 .pio/build/cubecell_gps/libFrameworkArduino.a(UART_1_UART.c.o)
                0x000000000000527c                UART_1_UART_WAKEUP_ISR
 .text.UART_1_UartInit
                0x0000000000005284       0xdc .pio/build/cubecell_gps/libFrameworkArduino.a(UART_1_UART.c.o)
                0x0000000000005284                UART_1_UartInit
 .text.UART_1_UartPostEnable
                0x0000000000005360       0x28 .pio/build/cubecell_gps/libFrameworkArduino.a(UART_1_UART.c.o)
                0x0000000000005360                UART_1_UartPostEnable
 .text.UART_1_UartGetByte
                0x0000000000005388       0x34 .pio/build/cubecell_gps/libFrameworkArduino.a(UART_1_UART.c.o)
                0x0000000000005388                UART_1_UartGetByte
 .text.UART_1_UartSaveConfig
                0x00000000000053bc       0x3c .pio/build/cubecell_gps/libFrameworkArduino.a(UART_1_UART.c.o)
                0x00000000000053bc                UART_1_UartSaveConfig
 .text.UART_1_UartRestoreConfig
                0x00000000000053f8        0xa .pio/build/cubecell_gps/libFrameworkArduino.a(UART_1_UART.c.o)
                0x00000000000053f8                UART_1_UartRestoreConfig
 *fill*         0x0000000000005402        0x2 
 .text.UART_1_rx_wake_ClearInterrupt
                0x0000000000005404       0x10 .pio/build/cubecell_gps/libFrameworkArduino.a(UART_1_rx_wake.c.o)
                0x0000000000005404                UART_1_rx_wake_ClearInterrupt
 .text.UART_2_SpiUartReadRxData
                0x0000000000005414        0xc .pio/build/cubecell_gps/libFrameworkArduino.a(UART_2_SPI_UART.c.o)
                0x0000000000005414                UART_2_SpiUartReadRxData
 .text.UART_2_SpiUartGetRxBufferSize
                0x0000000000005420       0x10 .pio/build/cubecell_gps/libFrameworkArduino.a(UART_2_SPI_UART.c.o)
                0x0000000000005420                UART_2_SpiUartGetRxBufferSize
 .text.UART_2_SpiUartClearRxBuffer
                0x0000000000005430       0x20 .pio/build/cubecell_gps/libFrameworkArduino.a(UART_2_SPI_UART.c.o)
                0x0000000000005430                UART_2_SpiUartClearRxBuffer
 .text.UART_2_SpiUartWriteTxData
                0x0000000000005450       0x1c .pio/build/cubecell_gps/libFrameworkArduino.a(UART_2_SPI_UART.c.o)
                0x0000000000005450                UART_2_SpiUartWriteTxData
 .text.UART_2_SpiUartClearTxBuffer
                0x000000000000546c       0x20 .pio/build/cubecell_gps/libFrameworkArduino.a(UART_2_SPI_UART.c.o)
                0x000000000000546c                UART_2_SpiUartClearTxBuffer
 .text.UART_2_UartInit
                0x000000000000548c       0xc0 .pio/build/cubecell_gps/libFrameworkArduino.a(UART_2_UART.c.o)
                0x000000000000548c                UART_2_UartInit
 .text.UART_2_UartPostEnable
                0x000000000000554c       0x14 .pio/build/cubecell_gps/libFrameworkArduino.a(UART_2_UART.c.o)
                0x000000000000554c                UART_2_UartPostEnable
 .text.UART_2_UartGetByte
                0x0000000000005560       0x34 .pio/build/cubecell_gps/libFrameworkArduino.a(UART_2_UART.c.o)
                0x0000000000005560                UART_2_UartGetByte
 .text.SX126xIoInit
                0x0000000000005594       0x44 .pio/build/cubecell_gps/libFrameworkArduino.a(asr_board.c.o)
                0x0000000000005594                SX126xIoInit
 .text.SX126xIoIrqInit
                0x00000000000055d8       0x14 .pio/build/cubecell_gps/libFrameworkArduino.a(asr_board.c.o)
                0x00000000000055d8                SX126xIoIrqInit
 .text.SX126xGetBoardTcxoWakeupTime
                0x00000000000055ec        0x4 .pio/build/cubecell_gps/libFrameworkArduino.a(asr_board.c.o)
                0x00000000000055ec                SX126xGetBoardTcxoWakeupTime
 .text.SX126xReset
                0x00000000000055f0       0x50 .pio/build/cubecell_gps/libFrameworkArduino.a(asr_board.c.o)
                0x00000000000055f0                SX126xReset
 .text.SX126xWaitOnBusy
                0x0000000000005640       0x14 .pio/build/cubecell_gps/libFrameworkArduino.a(asr_board.c.o)
                0x0000000000005640                SX126xWaitOnBusy
 .text.SX126xWakeup
                0x0000000000005654       0x38 .pio/build/cubecell_gps/libFrameworkArduino.a(asr_board.c.o)
                0x0000000000005654                SX126xWakeup
 .text.SX126xWriteCommand
                0x000000000000568c       0x50 .pio/build/cubecell_gps/libFrameworkArduino.a(asr_board.c.o)
                0x000000000000568c                SX126xWriteCommand
 .text.SX126xReadCommand
                0x00000000000056dc       0x54 .pio/build/cubecell_gps/libFrameworkArduino.a(asr_board.c.o)
                0x00000000000056dc                SX126xReadCommand
 .text.SX126xWriteRegisters
                0x0000000000005730       0x5c .pio/build/cubecell_gps/libFrameworkArduino.a(asr_board.c.o)
                0x0000000000005730                SX126xWriteRegisters
 .text.SX126xWriteRegister
                0x000000000000578c       0x12 .pio/build/cubecell_gps/libFrameworkArduino.a(asr_board.c.o)
                0x000000000000578c                SX126xWriteRegister
 *fill*         0x000000000000579e        0x2 
 .text.SX126xReadRegisters
                0x00000000000057a0       0x64 .pio/build/cubecell_gps/libFrameworkArduino.a(asr_board.c.o)
                0x00000000000057a0                SX126xReadRegisters
 .text.SX126xReadRegister
                0x0000000000005804       0x12 .pio/build/cubecell_gps/libFrameworkArduino.a(asr_board.c.o)
                0x0000000000005804                SX126xReadRegister
 *fill*         0x0000000000005816        0x2 
 .text.SX126xWriteBuffer
                0x0000000000005818       0x54 .pio/build/cubecell_gps/libFrameworkArduino.a(asr_board.c.o)
                0x0000000000005818                SX126xWriteBuffer
 .text.SX126xReadBuffer
                0x000000000000586c       0x5c .pio/build/cubecell_gps/libFrameworkArduino.a(asr_board.c.o)
                0x000000000000586c                SX126xReadBuffer
 .text.SX126xSetRfTxPower
                0x00000000000058c8        0xa .pio/build/cubecell_gps/libFrameworkArduino.a(asr_board.c.o)
                0x00000000000058c8                SX126xSetRfTxPower
 .text.SX126xGetPaSelect
                0x00000000000058d2        0x4 .pio/build/cubecell_gps/libFrameworkArduino.a(asr_board.c.o)
                0x00000000000058d2                SX126xGetPaSelect
 .text.SX126xAntSwOn
                0x00000000000058d6        0x2 .pio/build/cubecell_gps/libFrameworkArduino.a(asr_board.c.o)
                0x00000000000058d6                SX126xAntSwOn
 .text.SX126xAntSwOff
                0x00000000000058d8        0x2 .pio/build/cubecell_gps/libFrameworkArduino.a(asr_board.c.o)
                0x00000000000058d8                SX126xAntSwOff
 .text.BoardDisableIrq
                0x00000000000058da        0x4 .pio/build/cubecell_gps/libFrameworkArduino.a(asr_board.c.o)
                0x00000000000058da                BoardDisableIrq
 .text.BoardEnableIrq
                0x00000000000058de        0x4 .pio/build/cubecell_gps/libFrameworkArduino.a(asr_board.c.o)
                0x00000000000058de                BoardEnableIrq
 *fill*         0x00000000000058e2        0x2 
 .text.boardInitMcu
                0x00000000000058e4       0x54 .pio/build/cubecell_gps/libFrameworkArduino.a(asr_board.c.o)
                0x00000000000058e4                boardInitMcu
 .text.HW_Get_MFT_ID
                0x0000000000005938        0x8 .pio/build/cubecell_gps/libFrameworkArduino.a(asr_board.c.o)
                0x0000000000005938                HW_Get_MFT_ID
 .text.HW_Get_MFT_Model
                0x0000000000005940        0x8 .pio/build/cubecell_gps/libFrameworkArduino.a(asr_board.c.o)
                0x0000000000005940                HW_Get_MFT_Model
 .text.HW_Get_MFT_Rev
                0x0000000000005948        0x8 .pio/build/cubecell_gps/libFrameworkArduino.a(asr_board.c.o)
                0x0000000000005948                HW_Get_MFT_Rev
 .text.HW_Get_MFT_SN
                0x0000000000005950       0x24 .pio/build/cubecell_gps/libFrameworkArduino.a(asr_board.c.o)
                0x0000000000005950                HW_Get_MFT_SN
 .text.HW_Set_MFT_Baud
                0x0000000000005974       0x64 .pio/build/cubecell_gps/libFrameworkArduino.a(asr_board.c.o)
                0x0000000000005974                HW_Set_MFT_Baud
 .text.HW_Get_MFT_Baud
                0x00000000000059d8        0xc .pio/build/cubecell_gps/libFrameworkArduino.a(asr_board.c.o)
                0x00000000000059d8                HW_Get_MFT_Baud
 .text.GpioInit
                0x00000000000059e4       0x12 .pio/build/cubecell_gps/libFrameworkArduino.a(gpio.c.o)
                0x00000000000059e4                GpioInit
 .text.GpioSetInterrupt
                0x00000000000059f6        0x8 .pio/build/cubecell_gps/libFrameworkArduino.a(gpio.c.o)
                0x00000000000059f6                GpioSetInterrupt
 .text.GpioWrite
                0x00000000000059fe        0x8 .pio/build/cubecell_gps/libFrameworkArduino.a(gpio.c.o)
                0x00000000000059fe                GpioWrite
 .text.GpioRead
                0x0000000000005a06        0x8 .pio/build/cubecell_gps/libFrameworkArduino.a(gpio.c.o)
                0x0000000000005a06                GpioRead
 .text.SpiInit  0x0000000000005a0e        0x8 .pio/build/cubecell_gps/libFrameworkArduino.a(spi-board.c.o)
                0x0000000000005a0e                SpiInit
 *fill*         0x0000000000005a16        0x2 
 .text.SpiInOut
                0x0000000000005a18       0x34 .pio/build/cubecell_gps/libFrameworkArduino.a(spi-board.c.o)
                0x0000000000005a18                SpiInOut
 .text.CySysFlashSetWaitCycles
                0x0000000000005a4c       0x54 .pio/build/cubecell_gps/libFrameworkArduino.a(CyFlash.c.o)
                0x0000000000005a4c                CySysFlashSetWaitCycles
 .text.SPI_1_Enable
                0x0000000000005aa0       0x18 .pio/build/cubecell_gps/libFrameworkArduino.a(SPI_1.c.o)
                0x0000000000005aa0                SPI_1_Enable
 .text.SPI_1_Start
                0x0000000000005ab8       0x1c .pio/build/cubecell_gps/libFrameworkArduino.a(SPI_1.c.o)
                0x0000000000005ab8                SPI_1_Start
 .text.SPI_1_Stop
                0x0000000000005ad4       0x20 .pio/build/cubecell_gps/libFrameworkArduino.a(SPI_1.c.o)
                0x0000000000005ad4                SPI_1_Stop
 .text.SPI_1_SpiPostEnable
                0x0000000000005af4       0x14 .pio/build/cubecell_gps/libFrameworkArduino.a(SPI_1_SPI.c.o)
                0x0000000000005af4                SPI_1_SpiPostEnable
 .text.SPI_1_SpiStop
                0x0000000000005b08       0x18 .pio/build/cubecell_gps/libFrameworkArduino.a(SPI_1_SPI.c.o)
                0x0000000000005b08                SPI_1_SpiStop
 .text.SPI_1_SpiSetActiveSlaveSelect
                0x0000000000005b20       0x20 .pio/build/cubecell_gps/libFrameworkArduino.a(SPI_1_SPI.c.o)
                0x0000000000005b20                SPI_1_SpiSetActiveSlaveSelect
 .text.SPI_1_SpiInit
                0x0000000000005b40       0x88 .pio/build/cubecell_gps/libFrameworkArduino.a(SPI_1_SPI.c.o)
                0x0000000000005b40                SPI_1_SpiInit
 .text.SPI_1_SpiUartReadRxData
                0x0000000000005bc8        0xc .pio/build/cubecell_gps/libFrameworkArduino.a(SPI_1_SPI_UART.c.o)
                0x0000000000005bc8                SPI_1_SpiUartReadRxData
 .text.SPI_1_SpiUartGetRxBufferSize
                0x0000000000005bd4       0x10 .pio/build/cubecell_gps/libFrameworkArduino.a(SPI_1_SPI_UART.c.o)
                0x0000000000005bd4                SPI_1_SpiUartGetRxBufferSize
 .text.SPI_1_SpiUartWriteTxData
                0x0000000000005be4       0x1c .pio/build/cubecell_gps/libFrameworkArduino.a(SPI_1_SPI_UART.c.o)
                0x0000000000005be4                SPI_1_SpiUartWriteTxData
 .text.SPI_1_SpiUartGetTxBufferSize
                0x0000000000005c00       0x10 .pio/build/cubecell_gps/libFrameworkArduino.a(SPI_1_SPI_UART.c.o)
                0x0000000000005c00                SPI_1_SpiUartGetTxBufferSize
 .text.UART_1_SPI_UART_ISR
                0x0000000000005c10       0x14 .pio/build/cubecell_gps/libFrameworkArduino.a(UART_1_SPI_UART_INT.c.o)
                0x0000000000005c10                UART_1_SPI_UART_ISR
 .text.UART_2_SPI_UART_ISR
                0x0000000000005c24       0x14 .pio/build/cubecell_gps/libFrameworkArduino.a(UART_2_SPI_UART_INT.c.o)
                0x0000000000005c24                UART_2_SPI_UART_ISR
 .text.GpioMcuSetInterrupt
                0x0000000000005c38        0xe .pio/build/cubecell_gps/libFrameworkArduino.a(gpio-board.c.o)
                0x0000000000005c38                GpioMcuSetInterrupt
 .text.GpioMcuWrite
                0x0000000000005c46       0x14 .pio/build/cubecell_gps/libFrameworkArduino.a(gpio-board.c.o)
                0x0000000000005c46                GpioMcuWrite
 .text.GpioMcuInit
                0x0000000000005c5a       0x1e .pio/build/cubecell_gps/libFrameworkArduino.a(gpio-board.c.o)
                0x0000000000005c5a                GpioMcuInit
 .text.GpioMcuRead
                0x0000000000005c78       0x14 .pio/build/cubecell_gps/libFrameworkArduino.a(gpio-board.c.o)
                0x0000000000005c78                GpioMcuRead
 .text.__aeabi_atexit
                0x0000000000005c8c        0xe /home/thor/.platformio/packages/toolchain-gccarmnoneeabi@1.90201.191206/bin/../lib/gcc/arm-none-eabi/9.2.1/../../../../arm-none-eabi/lib/thumb/v6-m/nofp/libstdc++_nano.a(atexit_arm.o)
                0x0000000000005c8c                __aeabi_atexit
 .text._ZdlPvj  0x0000000000005c9a        0x8 /home/thor/.platformio/packages/toolchain-gccarmnoneeabi@1.90201.191206/bin/../lib/gcc/arm-none-eabi/9.2.1/../../../../arm-none-eabi/lib/thumb/v6-m/nofp/libstdc++_nano.a(del_ops.o)
                0x0000000000005c9a                operator delete(void*, unsigned int)
 .text.__cxa_pure_virtual
                0x0000000000005ca2        0x6 /home/thor/.platformio/packages/toolchain-gccarmnoneeabi@1.90201.191206/bin/../lib/gcc/arm-none-eabi/9.2.1/../../../../arm-none-eabi/lib/thumb/v6-m/nofp/libstdc++_nano.a(pure.o)
                0x0000000000005ca2                __cxa_pure_virtual
 .text._ZdlPv   0x0000000000005ca8        0x8 /home/thor/.platformio/packages/toolchain-gccarmnoneeabi@1.90201.191206/bin/../lib/gcc/arm-none-eabi/9.2.1/../../../../arm-none-eabi/lib/thumb/v6-m/nofp/libstdc++_nano.a(del_op.o)
                0x0000000000005ca8                operator delete(void*)
 .text._ZN10__cxxabiv111__terminateEPFvvE
                0x0000000000005cb0        0x8 /home/thor/.platformio/packages/toolchain-gccarmnoneeabi@1.90201.191206/bin/../lib/gcc/arm-none-eabi/9.2.1/../../../../arm-none-eabi/lib/thumb/v6-m/nofp/libstdc++_nano.a(eh_terminate.o)
                0x0000000000005cb0                __cxxabiv1::__terminate(void (*)())
 .text._ZSt9terminatev
                0x0000000000005cb8       0x10 /home/thor/.platformio/packages/toolchain-gccarmnoneeabi@1.90201.191206/bin/../lib/gcc/arm-none-eabi/9.2.1/../../../../arm-none-eabi/lib/thumb/v6-m/nofp/libstdc++_nano.a(eh_terminate.o)
                0x0000000000005cb8                std::terminate()
 .text.TimeStampsUpdate
                0x0000000000005cc8       0x38 /home/thor/.platformio/packages/framework-arduinoasrmicro650x/cores/asr650x/projects/CubeCellLib.a(timeServer.o)
 .text.TimerSetTimeout
                0x0000000000005d00       0x10 /home/thor/.platformio/packages/framework-arduinoasrmicro650x/cores/asr650x/projects/CubeCellLib.a(timeServer.o)
 .text.TimerInsertNewHeadTimer
                0x0000000000005d10       0x1c /home/thor/.platformio/packages/framework-arduinoasrmicro650x/cores/asr650x/projects/CubeCellLib.a(timeServer.o)
 .text.TimerInit
                0x0000000000005d2c        0xe /home/thor/.platformio/packages/framework-arduinoasrmicro650x/cores/asr650x/projects/CubeCellLib.a(timeServer.o)
                0x0000000000005d2c                TimerInit
 *fill*         0x0000000000005d3a        0x2 
 .text.TimerStart
                0x0000000000005d3c       0x88 /home/thor/.platformio/packages/framework-arduinoasrmicro650x/cores/asr650x/projects/CubeCellLib.a(timeServer.o)
                0x0000000000005d3c                TimerStart
 .text.TimerIrqHandler
                0x0000000000005dc4       0x70 /home/thor/.platformio/packages/framework-arduinoasrmicro650x/cores/asr650x/projects/CubeCellLib.a(timeServer.o)
                0x0000000000005dc4                TimerIrqHandler
 .text.TimerStop
                0x0000000000005e34       0x68 /home/thor/.platformio/packages/framework-arduinoasrmicro650x/cores/asr650x/projects/CubeCellLib.a(timeServer.o)
                0x0000000000005e34                TimerStop
 .text.TimerSetValue
                0x0000000000005e9c       0x1c /home/thor/.platformio/packages/framework-arduinoasrmicro650x/cores/asr650x/projects/CubeCellLib.a(timeServer.o)
                0x0000000000005e9c                TimerSetValue
 .text.TimerGetCurrentTime
                0x0000000000005eb8       0x10 /home/thor/.platformio/packages/framework-arduinoasrmicro650x/cores/asr650x/projects/CubeCellLib.a(timeServer.o)
                0x0000000000005eb8                TimerGetCurrentTime
 .text.TimerGetElapsedTime
                0x0000000000005ec8       0x10 /home/thor/.platformio/packages/framework-arduinoasrmicro650x/cores/asr650x/projects/CubeCellLib.a(timeServer.o)
                0x0000000000005ec8                TimerGetElapsedTime
 .text.get_timer_context
                0x0000000000005ed8        0xc /home/thor/.platformio/packages/framework-arduinoasrmicro650x/cores/asr650x/projects/CubeCellLib.a(lorawan_port.o)
 .text.set_timer_val
                0x0000000000005ee4        0xc /home/thor/.platformio/packages/framework-arduinoasrmicro650x/cores/asr650x/projects/CubeCellLib.a(lorawan_port.o)
 .text.radio_rw_dis
                0x0000000000005ef0        0x2 /home/thor/.platformio/packages/framework-arduinoasrmicro650x/cores/asr650x/projects/CubeCellLib.a(lorawan_port.o)
 .text.radio_rw
                0x0000000000005ef2        0x4 /home/thor/.platformio/packages/framework-arduinoasrmicro650x/cores/asr650x/projects/CubeCellLib.a(lorawan_port.o)
 *fill*         0x0000000000005ef6        0x2 
 .text.RTC_Update_ASR
                0x0000000000005ef8       0x28 /home/thor/.platformio/packages/framework-arduinoasrmicro650x/cores/asr650x/projects/CubeCellLib.a(lorawan_port.o)
                0x0000000000005ef8                RTC_Update_ASR
 .text.get_current_time
                0x0000000000005f20       0x54 /home/thor/.platformio/packages/framework-arduinoasrmicro650x/cores/asr650x/projects/CubeCellLib.a(lorawan_port.o)
                0x0000000000005f20                get_current_time
 .text.get_sys_time
                0x0000000000005f74       0x28 /home/thor/.platformio/packages/framework-arduinoasrmicro650x/cores/asr650x/projects/CubeCellLib.a(lorawan_port.o)
                0x0000000000005f74                get_sys_time
 .text.set_sys_time
                0x0000000000005f9c       0x44 /home/thor/.platformio/packages/framework-arduinoasrmicro650x/cores/asr650x/projects/CubeCellLib.a(lorawan_port.o)
                0x0000000000005f9c                set_sys_time
 .text.compute_elapsed_time
                0x0000000000005fe0       0x10 /home/thor/.platformio/packages/framework-arduinoasrmicro650x/cores/asr650x/projects/CubeCellLib.a(lorawan_port.o)
 .text.get_timer_elapsed_time
                0x0000000000005ff0       0x14 /home/thor/.platformio/packages/framework-arduinoasrmicro650x/cores/asr650x/projects/CubeCellLib.a(lorawan_port.o)
 .text.set_timer_context
                0x0000000000006004       0x14 /home/thor/.platformio/packages/framework-arduinoasrmicro650x/cores/asr650x/projects/CubeCellLib.a(lorawan_port.o)
 .text.enter_sleep_mode
                0x0000000000006018        0x8 /home/thor/.platformio/packages/framework-arduinoasrmicro650x/cores/asr650x/projects/CubeCellLib.a(lorawan_port.o)
 .text.set_alarm
                0x0000000000006020       0x20 /home/thor/.platformio/packages/framework-arduinoasrmicro650x/cores/asr650x/projects/CubeCellLib.a(lorawan_port.o)
 .text.set_timeout
                0x0000000000006040       0x2e /home/thor/.platformio/packages/framework-arduinoasrmicro650x/cores/asr650x/projects/CubeCellLib.a(lorawan_port.o)
 .text.AlarmBackHandler
                0x000000000000606e        0x8 /home/thor/.platformio/packages/framework-arduinoasrmicro650x/cores/asr650x/projects/CubeCellLib.a(lorawan_port.o)
 .text.stop_alarm
                0x0000000000006076        0x8 /home/thor/.platformio/packages/framework-arduinoasrmicro650x/cores/asr650x/projects/CubeCellLib.a(lorawan_port.o)
 .text.delay_ms
                0x000000000000607e        0x8 /home/thor/.platformio/packages/framework-arduinoasrmicro650x/cores/asr650x/projects/CubeCellLib.a(lorawan_port.o)
 .text.get_mft_baud
                0x0000000000006086        0x8 /home/thor/.platformio/packages/framework-arduinoasrmicro650x/cores/asr650x/projects/CubeCellLib.a(lorawan_port.o)
 .text.set_mft_baud
                0x000000000000608e        0x8 /home/thor/.platformio/packages/framework-arduinoasrmicro650x/cores/asr650x/projects/CubeCellLib.a(lorawan_port.o)
 .text.get_mft_sn
                0x0000000000006096        0x8 /home/thor/.platformio/packages/framework-arduinoasrmicro650x/cores/asr650x/projects/CubeCellLib.a(lorawan_port.o)
 .text.get_mft_rev
                0x000000000000609e        0x8 /home/thor/.platformio/packages/framework-arduinoasrmicro650x/cores/asr650x/projects/CubeCellLib.a(lorawan_port.o)
 .text.get_mft_model
                0x00000000000060a6        0x8 /home/thor/.platformio/packages/framework-arduinoasrmicro650x/cores/asr650x/projects/CubeCellLib.a(lorawan_port.o)
 .text.get_mft_id
                0x00000000000060ae        0x8 /home/thor/.platformio/packages/framework-arduinoasrmicro650x/cores/asr650x/projects/CubeCellLib.a(lorawan_port.o)
 .text.radio_rw_en
                0x00000000000060b6        0x2 /home/thor/.platformio/packages/framework-arduinoasrmicro650x/cores/asr650x/projects/CubeCellLib.a(lorawan_port.o)
 .text.exit_stop_mode
                0x00000000000060b8        0x2 /home/thor/.platformio/packages/framework-arduinoasrmicro650x/cores/asr650x/projects/CubeCellLib.a(lorawan_port.o)
 .text.set_uc_wakeup_time
                0x00000000000060ba        0x2 /home/thor/.platformio/packages/framework-arduinoasrmicro650x/cores/asr650x/projects/CubeCellLib.a(lorawan_port.o)
 .text.radio_reset
                0x00000000000060bc        0x2 /home/thor/.platformio/packages/framework-arduinoasrmicro650x/cores/asr650x/projects/CubeCellLib.a(lorawan_port.o)
 .text.radio_reset_cfg_input
                0x00000000000060be        0x2 /home/thor/.platformio/packages/framework-arduinoasrmicro650x/cores/asr650x/projects/CubeCellLib.a(lorawan_port.o)
 .text.BackupGpioDriveMode
                0x00000000000060c0      0x114 /home/thor/.platformio/packages/framework-arduinoasrmicro650x/cores/asr650x/projects/CubeCellLib.a(lorawan_port.o)
                0x00000000000060c0                BackupGpioDriveMode
 .text.RestoreGpioDriveMode
                0x00000000000061d4      0x118 /home/thor/.platformio/packages/framework-arduinoasrmicro650x/cores/asr650x/projects/CubeCellLib.a(lorawan_port.o)
                0x00000000000061d4                RestoreGpioDriveMode
 .text.SetPinHIZ
                0x00000000000062ec       0x2e /home/thor/.platformio/packages/framework-arduinoasrmicro650x/cores/asr650x/projects/CubeCellLib.a(lorawan_port.o)
                0x00000000000062ec                SetPinHIZ
 .text.UartDeepsleep
                0x000000000000631a       0x28 /home/thor/.platformio/packages/framework-arduinoasrmicro650x/cores/asr650x/projects/CubeCellLib.a(lorawan_port.o)
                0x000000000000631a                UartDeepsleep
 *fill*         0x0000000000006342        0x2 
 .text.enter_stop_mode
                0x0000000000006344       0x3c /home/thor/.platformio/packages/framework-arduinoasrmicro650x/cores/asr650x/projects/CubeCellLib.a(lorawan_port.o)
 .text.RtcInit  0x0000000000006380       0x3c /home/thor/.platformio/packages/framework-arduinoasrmicro650x/cores/asr650x/projects/CubeCellLib.a(lorawan_port.o)
                0x0000000000006380                RtcInit
 .text.Asr_Timer_RegisterAlarmCallback
                0x00000000000063bc       0x10 /home/thor/.platformio/packages/framework-arduinoasrmicro650x/cores/asr650x/projects/CubeCellLib.a(asr_timer.o)
                0x00000000000063bc                Asr_Timer_RegisterAlarmCallback
 .text.Asr_SetTimeout
                0x00000000000063cc       0xc4 /home/thor/.platformio/packages/framework-arduinoasrmicro650x/cores/asr650x/projects/CubeCellLib.a(asr_timer.o)
                0x00000000000063cc                Asr_SetTimeout
 .text.Asr_Timer_Init
                0x0000000000006490       0x68 /home/thor/.platformio/packages/framework-arduinoasrmicro650x/cores/asr650x/projects/CubeCellLib.a(asr_timer.o)
                0x0000000000006490                Asr_Timer_Init
 .text.Asr_Timer_Disable
                0x00000000000064f8       0x18 /home/thor/.platformio/packages/framework-arduinoasrmicro650x/cores/asr650x/projects/CubeCellLib.a(asr_timer.o)
                0x00000000000064f8                Asr_Timer_Disable
 .text.Timer0IsrCallback
                0x0000000000006510       0x1c /home/thor/.platformio/packages/framework-arduinoasrmicro650x/cores/asr650x/projects/CubeCellLib.a(asr_timer.o)
                0x0000000000006510                Timer0IsrCallback
 .text.Timer1IsrCallback
                0x000000000000652c       0x28 /home/thor/.platformio/packages/framework-arduinoasrmicro650x/cores/asr650x/projects/CubeCellLib.a(asr_timer.o)
                0x000000000000652c                Timer1IsrCallback
 .text.UART_2_Enable
                0x0000000000006554       0x20 /home/thor/.platformio/packages/framework-arduinoasrmicro650x/cores/asr650x/projects/CubeCellLib.a(UART_2.o)
                0x0000000000006554                UART_2_Enable
 .text.UART_2_Start
                0x0000000000006574       0x64 /home/thor/.platformio/packages/framework-arduinoasrmicro650x/cores/asr650x/projects/CubeCellLib.a(UART_2.o)
                0x0000000000006574                UART_2_Start
 .text.UART_1_Enable
                0x00000000000065d8       0x20 /home/thor/.platformio/packages/framework-arduinoasrmicro650x/cores/asr650x/projects/CubeCellLib.a(UART_1.o)
                0x00000000000065d8                UART_1_Enable
 .text.UART_1_Start
                0x00000000000065f8       0x54 /home/thor/.platformio/packages/framework-arduinoasrmicro650x/cores/asr650x/projects/CubeCellLib.a(UART_1.o)
                0x00000000000065f8                UART_1_Start
 .text          0x000000000000664c       0x28 .pio/build/cubecell_gps/libFrameworkArduino.a(port_s.S.o)
                0x000000000000664c                cpu_intrpt_save
                0x0000000000006654                cpu_intrpt_restore
                0x000000000000665a                cpu_task_switch
                0x0000000000006662                cpu_intrpt_switch
 .text.uart_pre_deepsleep
                0x0000000000006674       0x78 .pio/build/cubecell_gps/libFrameworkArduino.a(uart_port.c.o)
                0x0000000000006674                uart_pre_deepsleep
 .text.SPI_1_Sleep
                0x00000000000066ec       0x20 .pio/build/cubecell_gps/libFrameworkArduino.a(SPI_1_PM.c.o)
                0x00000000000066ec                SPI_1_Sleep
 .text.SPI_1_Wakeup
                0x000000000000670c       0x14 .pio/build/cubecell_gps/libFrameworkArduino.a(SPI_1_PM.c.o)
                0x000000000000670c                SPI_1_Wakeup
 .text.UART_1_Sleep
                0x0000000000006720        0x8 .pio/build/cubecell_gps/libFrameworkArduino.a(UART_1_PM.c.o)
                0x0000000000006720                UART_1_Sleep
 .text.UART_1_Wakeup
                0x0000000000006728        0x8 .pio/build/cubecell_gps/libFrameworkArduino.a(UART_1_PM.c.o)
                0x0000000000006728                UART_1_Wakeup
 .text.UART_1_SCB_IRQ_Stop
                0x0000000000006730       0x1c .pio/build/cubecell_gps/libFrameworkArduino.a(UART_1_SCB_IRQ.c.o)
                0x0000000000006730                UART_1_SCB_IRQ_Stop
 .text.UART_1_tx_SetDriveMode
                0x000000000000674c       0x14 .pio/build/cubecell_gps/libFrameworkArduino.a(UART_1_tx.c.o)
                0x000000000000674c                UART_1_tx_SetDriveMode
 .text.UART_2_SCB_IRQ_Stop
                0x0000000000006760       0x1c .pio/build/cubecell_gps/libFrameworkArduino.a(UART_2_SCB_IRQ.c.o)
                0x0000000000006760                UART_2_SCB_IRQ_Stop
 .text.CySysPmSleep
                0x000000000000677c       0x1c .pio/build/cubecell_gps/libFrameworkArduino.a(cyPm.c.o)
                0x000000000000677c                CySysPmSleep
 .text.CySysPmDeepSleep
                0x0000000000006798       0x60 .pio/build/cubecell_gps/libFrameworkArduino.a(cyPm.c.o)
                0x0000000000006798                CySysPmDeepSleep
 .text._ZN11SSD1306Wire15getBufferOffsetEv
                0x00000000000067f8        0x4 .pio/build/cubecell_gps/lib887/libLoRa.a(LoRaWan_APP.cpp.o)
                0x00000000000067f8                SSD1306Wire::getBufferOffset()
 .text._ZN11SSD1306Wire11sendCommandEh
                0x00000000000067fc       0x34 .pio/build/cubecell_gps/lib887/libLoRa.a(LoRaWan_APP.cpp.o)
                0x00000000000067fc                SSD1306Wire::sendCommand(unsigned char)
 .text._ZN11SSD1306Wire7connectEv
                0x0000000000006830       0x18 .pio/build/cubecell_gps/lib887/libLoRa.a(LoRaWan_APP.cpp.o)
                0x0000000000006830                SSD1306Wire::connect()
 .text._ZN11SSD1306WireD2Ev
                0x0000000000006848       0x14 .pio/build/cubecell_gps/lib887/libLoRa.a(LoRaWan_APP.cpp.o)
                0x0000000000006848                SSD1306Wire::~SSD1306Wire()
                0x0000000000006848                SSD1306Wire::~SSD1306Wire()
 .text._ZN11SSD1306WireD0Ev
                0x000000000000685c       0x14 .pio/build/cubecell_gps/lib887/libLoRa.a(LoRaWan_APP.cpp.o)
                0x000000000000685c                SSD1306Wire::~SSD1306Wire()
 .text._ZN11SSD1306Wire18initI2cIfNeccesaryEv
                0x0000000000006870       0x20 .pio/build/cubecell_gps/lib887/libLoRa.a(LoRaWan_APP.cpp.o)
                0x0000000000006870                SSD1306Wire::initI2cIfNeccesary()
 .text.startup._GLOBAL__sub_I_pixels
                0x0000000000006890       0x80 .pio/build/cubecell_gps/lib887/libLoRa.a(LoRaWan_APP.cpp.o)
 .text._ZN11SSD1306Wire7displayEv
                0x0000000000006910      0x2f4 .pio/build/cubecell_gps/lib887/libLoRa.a(LoRaWan_APP.cpp.o)
                0x0000000000006910                SSD1306Wire::display()
 .text._ZN7TwoWireD2Ev
                0x0000000000006c04        0x2 .pio/build/cubecell_gps/libFrameworkArduino.a(Wire.cpp.o)
                0x0000000000006c04                TwoWire::~TwoWire()
                0x0000000000006c04                TwoWire::~TwoWire()
 .text._ZN7TwoWire5writeEPKhj
                0x0000000000006c06       0x24 .pio/build/cubecell_gps/libFrameworkArduino.a(Wire.cpp.o)
                0x0000000000006c06                TwoWire::write(unsigned char const*, unsigned int)
 .text._ZN7TwoWire9availableEv
                0x0000000000006c2a        0xe .pio/build/cubecell_gps/libFrameworkArduino.a(Wire.cpp.o)
                0x0000000000006c2a                TwoWire::available()
 .text._ZN7TwoWire4readEv
                0x0000000000006c38       0x20 .pio/build/cubecell_gps/libFrameworkArduino.a(Wire.cpp.o)
                0x0000000000006c38                TwoWire::read()
 .text._ZN7TwoWire4peekEv
                0x0000000000006c58       0x1c .pio/build/cubecell_gps/libFrameworkArduino.a(Wire.cpp.o)
                0x0000000000006c58                TwoWire::peek()
 .text._ZN7TwoWireD0Ev
                0x0000000000006c74       0x10 .pio/build/cubecell_gps/libFrameworkArduino.a(Wire.cpp.o)
                0x0000000000006c74                TwoWire::~TwoWire()
 .text._ZN7TwoWire5writeEh
                0x0000000000006c84       0x40 .pio/build/cubecell_gps/libFrameworkArduino.a(Wire.cpp.o)
                0x0000000000006c84                TwoWire::write(unsigned char)
 .text._ZN7TwoWire5flushEv
                0x0000000000006cc4       0x78 .pio/build/cubecell_gps/libFrameworkArduino.a(Wire.cpp.o)
                0x0000000000006cc4                TwoWire::flush()
 .text._ZN7TwoWireC2Ea
                0x0000000000006d3c       0x3c .pio/build/cubecell_gps/libFrameworkArduino.a(Wire.cpp.o)
                0x0000000000006d3c                TwoWire::TwoWire(signed char)
                0x0000000000006d3c                TwoWire::TwoWire(signed char)
 .text._ZN7TwoWire5beginEma
                0x0000000000006d78       0x6c .pio/build/cubecell_gps/libFrameworkArduino.a(Wire.cpp.o)
                0x0000000000006d78                TwoWire::begin(unsigned long, signed char)
 .text._ZN7TwoWire17writeTransmissionEtPhtb
                0x0000000000006de4       0x88 .pio/build/cubecell_gps/libFrameworkArduino.a(Wire.cpp.o)
                0x0000000000006de4                TwoWire::writeTransmission(unsigned short, unsigned char*, unsigned short, bool)
 .text._ZN7TwoWire15endTransmissionEb
                0x0000000000006e6c       0x68 .pio/build/cubecell_gps/libFrameworkArduino.a(Wire.cpp.o)
                0x0000000000006e6c                TwoWire::endTransmission(bool)
 .text._ZN7TwoWire17beginTransmissionEh
                0x0000000000006ed4       0x12 .pio/build/cubecell_gps/libFrameworkArduino.a(Wire.cpp.o)
                0x0000000000006ed4                TwoWire::beginTransmission(unsigned char)
 .text._ZN7TwoWire15endTransmissionEv
                0x0000000000006ee6        0xa .pio/build/cubecell_gps/libFrameworkArduino.a(Wire.cpp.o)
                0x0000000000006ee6                TwoWire::endTransmission()
 .text.startup._GLOBAL__sub_I__ZN7TwoWireC2Ea
                0x0000000000006ef0       0x40 .pio/build/cubecell_gps/libFrameworkArduino.a(Wire.cpp.o)
 .text.I2C_1_I2CMasterHandleStatus
                0x0000000000006f30       0x94 .pio/build/cubecell_gps/libFrameworkArduino.a(I2C_1_I2C_MASTER.c.o)
 .text.I2C_1_I2CMasterWaitOneUnit
                0x0000000000006fc4       0x24 .pio/build/cubecell_gps/libFrameworkArduino.a(I2C_1_I2C_MASTER.c.o)
 .text.I2C_1_I2CMasterSendStart
                0x0000000000006fe8       0xbc .pio/build/cubecell_gps/libFrameworkArduino.a(I2C_1_I2C_MASTER.c.o)
                0x0000000000006fe8                I2C_1_I2CMasterSendStart
 .text.I2C_1_I2CMasterSendStop
                0x00000000000070a4       0x54 .pio/build/cubecell_gps/libFrameworkArduino.a(I2C_1_I2C_MASTER.c.o)
                0x00000000000070a4                I2C_1_I2CMasterSendStop
 .text.I2C_1_I2CMasterWriteByte
                0x00000000000070f8       0x44 .pio/build/cubecell_gps/libFrameworkArduino.a(I2C_1_I2C_MASTER.c.o)
                0x00000000000070f8                I2C_1_I2CMasterWriteByte
 .text.I2C_1_I2CMasterClearReadBuf
                0x000000000000713c       0x24 .pio/build/cubecell_gps/libFrameworkArduino.a(I2C_1_I2C_MASTER.c.o)
                0x000000000000713c                I2C_1_I2CMasterClearReadBuf
 .text.I2C_1_I2CMasterClearWriteBuf
                0x0000000000007160       0x24 .pio/build/cubecell_gps/libFrameworkArduino.a(I2C_1_I2C_MASTER.c.o)
                0x0000000000007160                I2C_1_I2CMasterClearWriteBuf
 .text.I2C_1_I2CMasterClearStatus
                0x0000000000007184       0x20 .pio/build/cubecell_gps/libFrameworkArduino.a(I2C_1_I2C_MASTER.c.o)
                0x0000000000007184                I2C_1_I2CMasterClearStatus
 .text.I2C_I2CMasterHandleStatus
                0x00000000000071a4       0x94 .pio/build/cubecell_gps/libFrameworkArduino.a(I2C_I2C_MASTER.c.o)
 .text.I2C_I2CMasterWaitOneUnit
                0x0000000000007238       0x24 .pio/build/cubecell_gps/libFrameworkArduino.a(I2C_I2C_MASTER.c.o)
 .text.I2C_I2CMasterSendStart
                0x000000000000725c       0xbc .pio/build/cubecell_gps/libFrameworkArduino.a(I2C_I2C_MASTER.c.o)
                0x000000000000725c                I2C_I2CMasterSendStart
 .text.I2C_I2CMasterSendStop
                0x0000000000007318       0x54 .pio/build/cubecell_gps/libFrameworkArduino.a(I2C_I2C_MASTER.c.o)
                0x0000000000007318                I2C_I2CMasterSendStop
 .text.I2C_I2CMasterWriteByte
                0x000000000000736c       0x44 .pio/build/cubecell_gps/libFrameworkArduino.a(I2C_I2C_MASTER.c.o)
                0x000000000000736c                I2C_I2CMasterWriteByte
 .text.I2C_I2CMasterClearReadBuf
                0x00000000000073b0       0x24 .pio/build/cubecell_gps/libFrameworkArduino.a(I2C_I2C_MASTER.c.o)
                0x00000000000073b0                I2C_I2CMasterClearReadBuf
 .text.I2C_I2CMasterClearWriteBuf
                0x00000000000073d4       0x24 .pio/build/cubecell_gps/libFrameworkArduino.a(I2C_I2C_MASTER.c.o)
                0x00000000000073d4                I2C_I2CMasterClearWriteBuf
 .text.I2C_I2CMasterClearStatus
                0x00000000000073f8       0x20 .pio/build/cubecell_gps/libFrameworkArduino.a(I2C_I2C_MASTER.c.o)
                0x00000000000073f8                I2C_I2CMasterClearStatus
 .text.I2C_1_I2CInit
                0x0000000000007418       0xb8 .pio/build/cubecell_gps/libFrameworkArduino.a(I2C_1_I2C.c.o)
                0x0000000000007418                I2C_1_I2CInit
 .text.I2C_1_I2CFwBlockReset
                0x00000000000074d0       0x5c .pio/build/cubecell_gps/libFrameworkArduino.a(I2C_1_I2C.c.o)
                0x00000000000074d0                I2C_1_I2CFwBlockReset
 .text.I2C_1_I2C_ISR
                0x000000000000752c      0x30c .pio/build/cubecell_gps/libFrameworkArduino.a(I2C_1_I2C_INT.c.o)
                0x000000000000752c                I2C_1_I2C_ISR
 .text.I2C_I2CInit
                0x0000000000007838       0xb8 .pio/build/cubecell_gps/libFrameworkArduino.a(I2C_I2C.c.o)
                0x0000000000007838                I2C_I2CInit
 .text.I2C_I2CFwBlockReset
                0x00000000000078f0       0x5c .pio/build/cubecell_gps/libFrameworkArduino.a(I2C_I2C.c.o)
                0x00000000000078f0                I2C_I2CFwBlockReset
 .text.I2C_I2C_ISR
                0x000000000000794c      0x2f8 .pio/build/cubecell_gps/libFrameworkArduino.a(I2C_I2C_INT.c.o)
                0x000000000000794c                I2C_I2C_ISR
 .text.I2C_1_Enable
                0x0000000000007c44       0x1c /home/thor/.platformio/packages/framework-arduinoasrmicro650x/cores/asr650x/projects/CubeCellLib.a(I2C_1.o)
                0x0000000000007c44                I2C_1_Enable
 .text.I2C_1_Start
                0x0000000000007c60       0x5c /home/thor/.platformio/packages/framework-arduinoasrmicro650x/cores/asr650x/projects/CubeCellLib.a(I2C_1.o)
                0x0000000000007c60                I2C_1_Start
 .text.I2C_Enable
                0x0000000000007cbc       0x1c /home/thor/.platformio/packages/framework-arduinoasrmicro650x/cores/asr650x/projects/CubeCellLib.a(I2C.o)
                0x0000000000007cbc                I2C_Enable
 .text.I2C_Start
                0x0000000000007cd8       0x5c /home/thor/.platformio/packages/framework-arduinoasrmicro650x/cores/asr650x/projects/CubeCellLib.a(I2C.o)
                0x0000000000007cd8                I2C_Start
 .text._ZN17CubeCell_NeoPixelD2Ev
                0x0000000000007d34       0x1e .pio/build/cubecell_gps/lib9b8/libRGB.a(CubeCell_NeoPixel.cpp.o)
                0x0000000000007d34                CubeCell_NeoPixel::~CubeCell_NeoPixel()
                0x0000000000007d34                CubeCell_NeoPixel::~CubeCell_NeoPixel()
 .text._ZN17CubeCell_NeoPixel12updateLengthEt
                0x0000000000007d52       0x3c .pio/build/cubecell_gps/lib9b8/libRGB.a(CubeCell_NeoPixel.cpp.o)
                0x0000000000007d52                CubeCell_NeoPixel::updateLength(unsigned short)
 .text._ZN17CubeCell_NeoPixel10updateTypeEt
                0x0000000000007d8e       0x46 .pio/build/cubecell_gps/lib9b8/libRGB.a(CubeCell_NeoPixel.cpp.o)
                0x0000000000007d8e                CubeCell_NeoPixel::updateType(unsigned short)
 .text._ZN17CubeCell_NeoPixel6setPinEh
                0x0000000000007dd4       0x36 .pio/build/cubecell_gps/lib9b8/libRGB.a(CubeCell_NeoPixel.cpp.o)
                0x0000000000007dd4                CubeCell_NeoPixel::setPin(unsigned char)
 .text._ZN17CubeCell_NeoPixelC2Etht
                0x0000000000007e0a       0x2e .pio/build/cubecell_gps/lib9b8/libRGB.a(CubeCell_NeoPixel.cpp.o)
                0x0000000000007e0a                CubeCell_NeoPixel::CubeCell_NeoPixel(unsigned short, unsigned char, unsigned short)
                0x0000000000007e0a                CubeCell_NeoPixel::CubeCell_NeoPixel(unsigned short, unsigned char, unsigned short)
 .text._ZN11OLEDDisplay11sendCommandEh
                0x0000000000007e38        0x2 .pio/build/cubecell_gps/libbc3/libOLED.a(cubecell_OLEDDisplay.cpp.o)
                0x0000000000007e38                OLEDDisplay::sendCommand(unsigned char)
 .text._ZN11OLEDDisplay7connectEv
                0x0000000000007e3a        0x4 .pio/build/cubecell_gps/libbc3/libOLED.a(cubecell_OLEDDisplay.cpp.o)
                0x0000000000007e3a                OLEDDisplay::connect()
 *fill*         0x0000000000007e3e        0x2 
 .text._Z22DefaultFontTableLookuph
                0x0000000000007e40       0x38 .pio/build/cubecell_gps/libbc3/libOLED.a(cubecell_OLEDDisplay.cpp.o)
                0x0000000000007e40                DefaultFontTableLookup(unsigned char)
 .text._ZN11OLEDDisplay5writeEh
                0x0000000000007e78       0x80 .pio/build/cubecell_gps/libbc3/libOLED.a(cubecell_OLEDDisplay.cpp.o)
                0x0000000000007e78                OLEDDisplay::write(unsigned char)
 .text._ZN11OLEDDisplayC2Ev
                0x0000000000007ef8       0x3c .pio/build/cubecell_gps/libbc3/libOLED.a(cubecell_OLEDDisplay.cpp.o)
                0x0000000000007ef8                OLEDDisplay::OLEDDisplay()
                0x0000000000007ef8                OLEDDisplay::OLEDDisplay()
 .text._ZN11OLEDDisplay3endEv
                0x0000000000007f34       0x52 .pio/build/cubecell_gps/libbc3/libOLED.a(cubecell_OLEDDisplay.cpp.o)
                0x0000000000007f34                OLEDDisplay::end()
 *fill*         0x0000000000007f86        0x2 
 .text._ZN11OLEDDisplayD2Ev
                0x0000000000007f88       0x18 .pio/build/cubecell_gps/libbc3/libOLED.a(cubecell_OLEDDisplay.cpp.o)
                0x0000000000007f88                OLEDDisplay::~OLEDDisplay()
                0x0000000000007f88                OLEDDisplay::~OLEDDisplay()
 .text._ZN11OLEDDisplay11setGeometryE20OLEDDISPLAY_GEOMETRYtt
                0x0000000000007fa0       0x3c .pio/build/cubecell_gps/libbc3/libOLED.a(cubecell_OLEDDisplay.cpp.o)
                0x0000000000007fa0                OLEDDisplay::setGeometry(OLEDDISPLAY_GEOMETRY, unsigned short, unsigned short)
 .text._ZN11OLEDDisplay12setDrivemodeE17OLEDDISPLAY_DRIVE
                0x0000000000007fdc        0x4 .pio/build/cubecell_gps/libbc3/libOLED.a(cubecell_OLEDDisplay.cpp.o)
                0x0000000000007fdc                OLEDDisplay::setDrivemode(OLEDDISPLAY_DRIVE)
 .text._ZN11OLEDDisplay6setRstEa
                0x0000000000007fe0        0x4 .pio/build/cubecell_gps/libbc3/libOLED.a(cubecell_OLEDDisplay.cpp.o)
                0x0000000000007fe0                OLEDDisplay::setRst(signed char)
 .text.ceil     0x0000000000007fe4      0x118 /home/thor/.platformio/packages/toolchain-gccarmnoneeabi@1.90201.191206/bin/../lib/gcc/arm-none-eabi/9.2.1/../../../../arm-none-eabi/lib/thumb/v6-m/nofp/libm.a(lib_a-s_ceil.o)
                0x0000000000007fe4                ceil
 .text.floor    0x00000000000080fc      0x128 /home/thor/.platformio/packages/toolchain-gccarmnoneeabi@1.90201.191206/bin/../lib/gcc/arm-none-eabi/9.2.1/../../../../arm-none-eabi/lib/thumb/v6-m/nofp/libm.a(lib_a-s_floor.o)
                0x00000000000080fc                floor
 .text.rint     0x0000000000008224      0x120 /home/thor/.platformio/packages/toolchain-gccarmnoneeabi@1.90201.191206/bin/../lib/gcc/arm-none-eabi/9.2.1/../../../../arm-none-eabi/lib/thumb/v6-m/nofp/libm.a(lib_a-s_rint.o)
                0x0000000000008224                rint
 .text.pow      0x0000000000008344      0x37c /home/thor/.platformio/packages/toolchain-gccarmnoneeabi@1.90201.191206/bin/../lib/gcc/arm-none-eabi/9.2.1/../../../../arm-none-eabi/lib/thumb/v6-m/nofp/libm.a(lib_a-w_pow.o)
                0x0000000000008344                pow
 .text.__ieee754_pow
                0x00000000000086c0      0xad8 /home/thor/.platformio/packages/toolchain-gccarmnoneeabi@1.90201.191206/bin/../lib/gcc/arm-none-eabi/9.2.1/../../../../arm-none-eabi/lib/thumb/v6-m/nofp/libm.a(lib_a-e_pow.o)
                0x00000000000086c0                __ieee754_pow
 .text.__ieee754_sqrt
                0x0000000000009198      0x1b0 /home/thor/.platformio/packages/toolchain-gccarmnoneeabi@1.90201.191206/bin/../lib/gcc/arm-none-eabi/9.2.1/../../../../arm-none-eabi/lib/thumb/v6-m/nofp/libm.a(lib_a-e_sqrt.o)
                0x0000000000009198                __ieee754_sqrt